Archive member included to satisfy reference by file (symbol)

C:/ST/STM32CubeIDE_1.16.1/STM32CubeIDE/plugins/com.st.stm32cube.ide.mcu.externaltools.gnu-tools-for-stm32.12.3.rel1.win32_1.0.200.202406191623/tools/bin/../lib/gcc/arm-none-eabi/12.3.1/../../../../arm-none-eabi/lib/thumb/v7e-m+fp/hard\libc_nano.a(libc_a-exit.o)
                              C:/ST/STM32CubeIDE_1.16.1/STM32CubeIDE/plugins/com.st.stm32cube.ide.mcu.externaltools.gnu-tools-for-stm32.12.3.rel1.win32_1.0.200.202406191623/tools/bin/../lib/gcc/arm-none-eabi/12.3.1/../../../../arm-none-eabi/lib/thumb/v7e-m+fp/hard/crt0.o (exit)
C:/ST/STM32CubeIDE_1.16.1/STM32CubeIDE/plugins/com.st.stm32cube.ide.mcu.externaltools.gnu-tools-for-stm32.12.3.rel1.win32_1.0.200.202406191623/tools/bin/../lib/gcc/arm-none-eabi/12.3.1/../../../../arm-none-eabi/lib/thumb/v7e-m+fp/hard\libc_nano.a(libc_a-malloc.o)
                              ./Drivers/USBH_midi_class/Src/usbh_MIDI.o (malloc)
C:/ST/STM32CubeIDE_1.16.1/STM32CubeIDE/plugins/com.st.stm32cube.ide.mcu.externaltools.gnu-tools-for-stm32.12.3.rel1.win32_1.0.200.202406191623/tools/bin/../lib/gcc/arm-none-eabi/12.3.1/../../../../arm-none-eabi/lib/thumb/v7e-m+fp/hard\libc_nano.a(libc_a-mallocr.o)
                              C:/ST/STM32CubeIDE_1.16.1/STM32CubeIDE/plugins/com.st.stm32cube.ide.mcu.externaltools.gnu-tools-for-stm32.12.3.rel1.win32_1.0.200.202406191623/tools/bin/../lib/gcc/arm-none-eabi/12.3.1/../../../../arm-none-eabi/lib/thumb/v7e-m+fp/hard\libc_nano.a(libc_a-malloc.o) (_malloc_r)
C:/ST/STM32CubeIDE_1.16.1/STM32CubeIDE/plugins/com.st.stm32cube.ide.mcu.externaltools.gnu-tools-for-stm32.12.3.rel1.win32_1.0.200.202406191623/tools/bin/../lib/gcc/arm-none-eabi/12.3.1/../../../../arm-none-eabi/lib/thumb/v7e-m+fp/hard\libc_nano.a(libc_a-mlock.o)
                              C:/ST/STM32CubeIDE_1.16.1/STM32CubeIDE/plugins/com.st.stm32cube.ide.mcu.externaltools.gnu-tools-for-stm32.12.3.rel1.win32_1.0.200.202406191623/tools/bin/../lib/gcc/arm-none-eabi/12.3.1/../../../../arm-none-eabi/lib/thumb/v7e-m+fp/hard\libc_nano.a(libc_a-mallocr.o) (__malloc_lock)
C:/ST/STM32CubeIDE_1.16.1/STM32CubeIDE/plugins/com.st.stm32cube.ide.mcu.externaltools.gnu-tools-for-stm32.12.3.rel1.win32_1.0.200.202406191623/tools/bin/../lib/gcc/arm-none-eabi/12.3.1/../../../../arm-none-eabi/lib/thumb/v7e-m+fp/hard\libc_nano.a(libc_a-findfp.o)
                              C:/ST/STM32CubeIDE_1.16.1/STM32CubeIDE/plugins/com.st.stm32cube.ide.mcu.externaltools.gnu-tools-for-stm32.12.3.rel1.win32_1.0.200.202406191623/tools/bin/../lib/gcc/arm-none-eabi/12.3.1/../../../../arm-none-eabi/lib/thumb/v7e-m+fp/hard\libc_nano.a(libc_a-exit.o) (__stdio_exit_handler)
C:/ST/STM32CubeIDE_1.16.1/STM32CubeIDE/plugins/com.st.stm32cube.ide.mcu.externaltools.gnu-tools-for-stm32.12.3.rel1.win32_1.0.200.202406191623/tools/bin/../lib/gcc/arm-none-eabi/12.3.1/../../../../arm-none-eabi/lib/thumb/v7e-m+fp/hard\libc_nano.a(libc_a-fwalk.o)
                              C:/ST/STM32CubeIDE_1.16.1/STM32CubeIDE/plugins/com.st.stm32cube.ide.mcu.externaltools.gnu-tools-for-stm32.12.3.rel1.win32_1.0.200.202406191623/tools/bin/../lib/gcc/arm-none-eabi/12.3.1/../../../../arm-none-eabi/lib/thumb/v7e-m+fp/hard\libc_nano.a(libc_a-findfp.o) (_fwalk_sglue)
C:/ST/STM32CubeIDE_1.16.1/STM32CubeIDE/plugins/com.st.stm32cube.ide.mcu.externaltools.gnu-tools-for-stm32.12.3.rel1.win32_1.0.200.202406191623/tools/bin/../lib/gcc/arm-none-eabi/12.3.1/../../../../arm-none-eabi/lib/thumb/v7e-m+fp/hard\libc_nano.a(libc_a-sprintf.o)
                              ./USB_HOST/App/usb_host.o (sprintf)
C:/ST/STM32CubeIDE_1.16.1/STM32CubeIDE/plugins/com.st.stm32cube.ide.mcu.externaltools.gnu-tools-for-stm32.12.3.rel1.win32_1.0.200.202406191623/tools/bin/../lib/gcc/arm-none-eabi/12.3.1/../../../../arm-none-eabi/lib/thumb/v7e-m+fp/hard\libc_nano.a(libc_a-stdio.o)
                              C:/ST/STM32CubeIDE_1.16.1/STM32CubeIDE/plugins/com.st.stm32cube.ide.mcu.externaltools.gnu-tools-for-stm32.12.3.rel1.win32_1.0.200.202406191623/tools/bin/../lib/gcc/arm-none-eabi/12.3.1/../../../../arm-none-eabi/lib/thumb/v7e-m+fp/hard\libc_nano.a(libc_a-findfp.o) (__sread)
C:/ST/STM32CubeIDE_1.16.1/STM32CubeIDE/plugins/com.st.stm32cube.ide.mcu.externaltools.gnu-tools-for-stm32.12.3.rel1.win32_1.0.200.202406191623/tools/bin/../lib/gcc/arm-none-eabi/12.3.1/../../../../arm-none-eabi/lib/thumb/v7e-m+fp/hard\libc_nano.a(libc_a-memset.o)
                              C:/ST/STM32CubeIDE_1.16.1/STM32CubeIDE/plugins/com.st.stm32cube.ide.mcu.externaltools.gnu-tools-for-stm32.12.3.rel1.win32_1.0.200.202406191623/tools/bin/../lib/gcc/arm-none-eabi/12.3.1/../../../../arm-none-eabi/lib/thumb/v7e-m+fp/hard/crt0.o (memset)
C:/ST/STM32CubeIDE_1.16.1/STM32CubeIDE/plugins/com.st.stm32cube.ide.mcu.externaltools.gnu-tools-for-stm32.12.3.rel1.win32_1.0.200.202406191623/tools/bin/../lib/gcc/arm-none-eabi/12.3.1/../../../../arm-none-eabi/lib/thumb/v7e-m+fp/hard\libc_nano.a(libc_a-closer.o)
[...]
Memory Configuration

Name             Origin             Length             Attributes
CCMRAM           0x10000000         0x00010000         xrw
RAM              0x20000000         0x00020000         xrw
FLASH            0x08000000         0x00100000         xr
*default*        0x00000000         0xffffffff

Linker script and memory map

LOAD C:/ST/STM32CubeIDE_1.16.1/STM32CubeIDE/plugins/com.st.stm32cube.ide.mcu.externaltools.gnu-tools-for-stm32.12.3.rel1.win32_1.0.200.202406191623/tools/bin/../lib/gcc/arm-none-eabi/12.3.1/thumb/v7e-m+fp/hard/crti.o
LOAD C:/ST/STM32CubeIDE_1.16.1/STM32CubeIDE/plugins/com.st.stm32cube.ide.mcu.externaltools.gnu-tools-for-stm32.12.3.rel1.win32_1.0.200.202406191623/tools/bin/../lib/gcc/arm-none-eabi/12.3.1/thumb/v7e-m+fp/hard/crtbegin.o
LOAD C:/ST/STM32CubeIDE_1.16.1/STM32CubeIDE/plugins/com.st.stm32cube.ide.mcu.externaltools.gnu-tools-for-stm32.12.3.rel1.win32_1.0.200.202406191623/tools/bin/../lib/gcc/arm-none-eabi/12.3.1/../../../../arm-none-eabi/lib/thumb/v7e-m+fp/hard/crt0.o
LOAD ./Core/Src/main.o
LOAD ./Core/Src/stm32f4xx_hal_msp.o
LOAD ./Core/Src/stm32f4xx_it.o
LOAD ./Core/Src/syscalls.o
LOAD ./Core/Src/system_stm32f4xx.o
LOAD ./Core/Startup/startup_stm32f407vgtx.o
LOAD ./Drivers/STM32F4xx_HAL_Driver/Src/stm32f4xx_hal.o
LOAD ./Drivers/STM32F4xx_HAL_Driver/Src/stm32f4xx_hal_cortex.o
LOAD ./Drivers/STM32F4xx_HAL_Driver/Src/stm32f4xx_hal_dma.o
LOAD ./Drivers/STM32F4xx_HAL_Driver/Src/stm32f4xx_hal_dma_ex.o
LOAD ./Drivers/STM32F4xx_HAL_Driver/Src/stm32f4xx_hal_exti.o
LOAD ./Drivers/STM32F4xx_HAL_Driver/Src/stm32f4xx_hal_flash.o
LOAD ./Drivers/STM32F4xx_HAL_Driver/Src/stm32f4xx_hal_flash_ex.o
LOAD ./Drivers/STM32F4xx_HAL_Driver/Src/stm32f4xx_hal_flash_ramfunc.o
LOAD ./Drivers/STM32F4xx_HAL_Driver/Src/stm32f4xx_hal_gpio.o
LOAD ./Drivers/STM32F4xx_HAL_Driver/Src/stm32f4xx_hal_hcd.o
LOAD ./Drivers/STM32F4xx_HAL_Driver/Src/stm32f4xx_hal_pwr.o
LOAD ./Drivers/STM32F4xx_HAL_Driver/Src/stm32f4xx_hal_pwr_ex.o
LOAD ./Drivers/STM32F4xx_HAL_Driver/Src/stm32f4xx_hal_rcc.o
LOAD ./Drivers/STM32F4xx_HAL_Driver/Src/stm32f4xx_hal_rcc_ex.o
LOAD ./Drivers/STM32F4xx_HAL_Driver/Src/stm32f4xx_hal_tim.o
LOAD ./Drivers/STM32F4xx_HAL_Driver/Src/stm32f4xx_hal_tim_ex.o
LOAD ./Drivers/STM32F4xx_HAL_Driver/Src/stm32f4xx_hal_uart.o
LOAD ./Drivers/STM32F4xx_HAL_Driver/Src/stm32f4xx_ll_usb.o
LOAD ./Drivers/USBH_midi_class/Src/usbh_MIDI.o
LOAD ./Middlewares/ST/STM32_USB_Host_Library/Class/HID/Src/usbh_hid.o
LOAD ./Middlewares/ST/STM32_USB_Host_Library/Class/HID/Src/usbh_hid_keybd.o
LOAD ./Middlewares/ST/STM32_USB_Host_Library/Class/HID/Src/usbh_hid_mouse.o
LOAD ./Middlewares/ST/STM32_USB_Host_Library/Class/HID/Src/usbh_hid_parser.o
LOAD ./Middlewares/ST/STM32_USB_Host_Library/Core/Src/usbh_core.o
LOAD ./Middlewares/ST/STM32_USB_Host_Library/Core/Src/usbh_ctlreq.o
LOAD ./Middlewares/ST/STM32_USB_Host_Library/Core/Src/usbh_ioreq.o
LOAD ./Middlewares/ST/STM32_USB_Host_Library/Core/Src/usbh_pipes.o
LOAD ./USB_HOST/App/usb_host.o
LOAD ./USB_HOST/Target/usbh_conf.o
LOAD ./USB_HOST/Target/usbh_platform.o
START GROUP
LOAD C:/ST/STM32CubeIDE_1.16.1/STM32CubeIDE/plugins/com.st.stm32cube.ide.mcu.externaltools.gnu-tools-for-stm32.12.3.rel1.win32_1.0.200.202406191623/tools/bin/../lib/gcc/arm-none-eabi/12.3.1/../../../../arm-none-eabi/lib/thumb/v7e-m+fp/hard\libc_nano.a
LOAD C:/ST/STM32CubeIDE_1.16.1/STM32CubeIDE/plugins/com.st.stm32cube.ide.mcu.externaltools.gnu-tools-for-stm32.12.3.rel1.win32_1.0.200.202406191623/tools/bin/../lib/gcc/arm-none-eabi/12.3.1/../../../../arm-none-eabi/lib/thumb/v7e-m+fp/hard\libm.a
END GROUP
START GROUP
LOAD C:/ST/STM32CubeIDE_1.16.1/STM32CubeIDE/plugins/com.st.stm32cube.ide.mcu.externaltools.gnu-tools-for-stm32.12.3.rel1.win32_1.0.200.202406191623/tools/bin/../lib/gcc/arm-none-eabi/12.3.1/thumb/v7e-m+fp/hard\libgcc.a
LOAD C:/ST/STM32CubeIDE_1.16.1/STM32CubeIDE/plugins/com.st.stm32cube.ide.mcu.externaltools.gnu-tools-for-stm32.12.3.rel1.win32_1.0.200.202406191623/tools/bin/../lib/gcc/arm-none-eabi/12.3.1/../../../../arm-none-eabi/lib/thumb/v7e-m+fp/hard\libc_nano.a
END GROUP
START GROUP
LOAD C:/ST/STM32CubeIDE_1.16.1/STM32CubeIDE/plugins/com.st.stm32cube.ide.mcu.externaltools.gnu-tools-for-stm32.12.3.rel1.win32_1.0.200.202406191623/tools/bin/../lib/gcc/arm-none-eabi/12.3.1/thumb/v7e-m+fp/hard\libgcc.a
LOAD C:/ST/STM32CubeIDE_1.16.1/STM32CubeIDE/plugins/com.st.stm32cube.ide.mcu.externaltools.gnu-tools-for-stm32.12.3.rel1.win32_1.0.200.202406191623/tools/bin/../lib/gcc/arm-none-eabi/12.3.1/../../../../arm-none-eabi/lib/thumb/v7e-m+fp/hard\libc_nano.a
LOAD C:/ST/STM32CubeIDE_1.16.1/STM32CubeIDE/plugins/com.st.stm32cube.ide.mcu.externaltools.gnu-tools-for-stm32.12.3.rel1.win32_1.0.200.202406191623/tools/bin/../lib/gcc/arm-none-eabi/12.3.1/../../../../arm-none-eabi/lib/thumb/v7e-m+fp/hard\libnosys.a
END GROUP
START GROUP
LOAD C:/ST/STM32CubeIDE_1.16.1/STM32CubeIDE/plugins/com.st.stm32cube.ide.mcu.externaltools.gnu-tools-for-stm32.12.3.rel1.win32_1.0.200.202406191623/tools/bin/../lib/gcc/arm-none-eabi/12.3.1/thumb/v7e-m+fp/hard\libgcc.a
LOAD C:/ST/STM32CubeIDE_1.16.1/STM32CubeIDE/plugins/com.st.stm32cube.ide.mcu.externaltools.gnu-tools-for-stm32.12.3.rel1.win32_1.0.200.202406191623/tools/bin/../lib/gcc/arm-none-eabi/12.3.1/../../../../arm-none-eabi/lib/thumb/v7e-m+fp/hard\libc_nano.a
LOAD C:/ST/STM32CubeIDE_1.16.1/STM32CubeIDE/plugins/com.st.stm32cube.ide.mcu.externaltools.gnu-tools-for-stm32.12.3.rel1.win32_1.0.200.202406191623/tools/bin/../lib/gcc/arm-none-eabi/12.3.1/../../../../arm-none-eabi/lib/thumb/v7e-m+fp/hard\libnosys.a
END GROUP
LOAD C:/ST/STM32CubeIDE_1.16.1/STM32CubeIDE/plugins/com.st.stm32cube.ide.mcu.externaltools.gnu-tools-for-stm32.12.3.rel1.win32_1.0.200.202406191623/tools/bin/../lib/gcc/arm-none-eabi/12.3.1/thumb/v7e-m+fp/hard/crtend.o
LOAD C:/ST/STM32CubeIDE_1.16.1/STM32CubeIDE/plugins/com.st.stm32cube.ide.mcu.externaltools.gnu-tools-for-stm32.12.3.rel1.win32_1.0.200.202406191623/tools/bin/../lib/gcc/arm-none-eabi/12.3.1/thumb/v7e-m+fp/hard/crtn.o
                0x20020000                        _estack = (ORIGIN (RAM) + LENGTH (RAM))
                0x00000200                        _Min_Heap_Size = 0x200
                0x00000400                        _Min_Stack_Size = 0x400

.isr_vector     0x08000000      0x188
                0x08000000                        . = ALIGN (0x4)
 *(.isr_vector)
 .isr_vector    0x08000000      0x188 ./Core/Startup/startup_stm32f407vgtx.o
                0x08000000                g_pfnVectors
                0x08000188                        . = ALIGN (0x4)

.text           0x08000190     0x7894
                0x08000190                        . = ALIGN (0x4)
 *(.text)
 .text          0x08000190       0x40 C:/ST/STM32CubeIDE_1.16.1/STM32CubeIDE/plugins/com.st.stm32cube.ide.mcu.externaltools.gnu-tools-for-stm32.12.3.rel1.win32_1.0.200.202406191623/tools/bin/../lib/gcc/arm-none-eabi/12.3.1/thumb/v7e-m+fp/hard/crtbegin.o
 .text          0x080001d0       0x10 C:/ST/STM32CubeIDE_1.16.1/STM32CubeIDE/plugins/com.st.stm32cube.ide.mcu.externaltools.gnu-tools-for-stm32.12.3.rel1.win32_1.0.200.202406191623/tools/bin/../lib/gcc/arm-none-eabi/12.3.1/../../../../arm-none-eabi/lib/thumb/v7e-m+fp/hard\libc_nano.a(libc_a-strlen.o)
                0x080001d0                strlen
 .text          0x080001e0       0xa0 C:/ST/STM32CubeIDE_1.16.1/STM32CubeIDE/plugins/com.st.stm32cube.ide.mcu.externaltools.gnu-tools-for-stm32.12.3.rel1.win32_1.0.200.202406191623/tools/bin/../lib/gcc/arm-none-eabi/12.3.1/../../../../arm-none-eabi/lib/thumb/v7e-m+fp/hard\libc_nano.a(libc_a-memchr.o)
                0x080001e0                memchr
 .text          0x08000280       0x30 C:/ST/STM32CubeIDE_1.16.1/STM32CubeIDE/plugins/com.st.stm32cube.ide.mcu.externaltools.gnu-tools-for-stm32.12.3.rel1.win32_1.0.200.202406191623/tools/bin/../lib/gcc/arm-none-eabi/12.3.1/thumb/v7e-m+fp/hard\libgcc.a(_aeabi_uldivmod.o)
                0x08000280                __aeabi_uldivmod
 .text          0x080002b0      0x2bc C:/ST/STM32CubeIDE_1.16.1/STM32CubeIDE/plugins/com.st.stm32cube.ide.mcu.externaltools.gnu-tools-for-stm32.12.3.rel1.win32_1.0.200.202406191623/tools/bin/../lib/gcc/arm-none-eabi/12.3.1/thumb/v7e-m+fp/hard\libgcc.a(_udivmoddi4.o)
                0x080002b0                __udivmoddi4
 .text          0x0800056c        0x4 C:/ST/STM32CubeIDE_1.16.1/STM32CubeIDE/plugins/com.st.stm32cube.ide.mcu.externaltools.gnu-tools-for-stm32.12.3.rel1.win32_1.0.200.202406191623/tools/bin/../lib/gcc/arm-none-eabi/12.3.1/thumb/v7e-m+fp/hard\libgcc.a(_dvmd_tls.o)
                0x0800056c                __aeabi_idiv0
                0x0800056c                __aeabi_ldiv0
 *(.text*)
 .text.main     0x08000570       0x24 ./Core/Src/main.o
                0x08000570                main
 .text.SystemClock_Config
                0x08000594       0xd4 ./Core/Src/main.o
                0x08000594                SystemClock_Config
 .text.MX_USART2_UART_Init
                0x08000668       0x54 ./Core/Src/main.o
 .text.MX_GPIO_Init
                0x080006bc       0xa0 ./Core/Src/main.o
 .text.Error_Handler
                0x0800075c        0xe ./Core/Src/main.o
                0x0800075c                Error_Handler
 *fill*         0x0800076a        0x2 
 .text.HAL_MspInit
                0x0800076c       0x50 ./Core/Src/stm32f4xx_hal_msp.o
                0x0800076c                HAL_MspInit
 .text.HAL_UART_MspInit
                0x080007bc       0x90 ./Core/Src/stm32f4xx_hal_msp.o
                0x080007bc                HAL_UART_MspInit
 .text.NMI_Handler
                0x0800084c        0xe ./Core/Src/stm32f4xx_it.o
                0x0800084c                NMI_Handler
 .text.HardFault_Handler
                0x0800085a        0x8 ./Core/Src/stm32f4xx_it.o
                0x0800085a                HardFault_Handler
 .text.MemManage_Handler
                0x08000862        0x8 ./Core/Src/stm32f4xx_it.o
                0x08000862                MemManage_Handler
 .text.BusFault_Handler
                0x0800086a        0x8 ./Core/Src/stm32f4xx_it.o
                0x0800086a                BusFault_Handler
 .text.UsageFault_Handler
                0x08000872        0x8 ./Core/Src/stm32f4xx_it.o
                0x08000872                UsageFault_Handler
 .text.SVC_Handler
                0x0800087a        0xe ./Core/Src/stm32f4xx_it.o
                0x0800087a                SVC_Handler
 .text.DebugMon_Handler
                0x08000888        0xe ./Core/Src/stm32f4xx_it.o
                0x08000888                DebugMon_Handler
 .text.PendSV_Handler
                0x08000896        0xe ./Core/Src/stm32f4xx_it.o
                0x08000896                PendSV_Handler
 .text.SysTick_Handler
                0x080008a4        0xc ./Core/Src/stm32f4xx_it.o
                0x080008a4                SysTick_Handler
 .text.OTG_FS_IRQHandler
                0x080008b0       0x14 ./Core/Src/stm32f4xx_it.o
                0x080008b0                OTG_FS_IRQHandler
 .text.SystemInit
                0x080008c4       0x2c ./Core/Src/system_stm32f4xx.o
                0x080008c4                SystemInit
 .text.Reset_Handler
                0x080008f0       0x50 ./Core/Startup/startup_stm32f407vgtx.o
                0x080008f0                Reset_Handler
 .text.Default_Handler
                0x08000940        0x2 ./Core/Startup/startup_stm32f407vgtx.o
                0x08000940                RTC_Alarm_IRQHandler
                0x08000940                HASH_RNG_IRQHandler
                0x08000940                EXTI2_IRQHandler
                0x08000940                TIM8_CC_IRQHandler
                0x08000940                TIM1_CC_IRQHandler
                0x08000940                DMA2_Stream5_IRQHandler
                0x08000940                DMA1_Stream5_IRQHandler
                0x08000940                PVD_IRQHandler
                0x08000940                SDIO_IRQHandler
                0x08000940                TAMP_STAMP_IRQHandler
                0x08000940                CAN2_RX1_IRQHandler
                0x08000940                EXTI3_IRQHandler
                0x08000940                TIM8_TRG_COM_TIM14_IRQHandler
                0x08000940                TIM1_UP_TIM10_IRQHandler
                0x08000940                TIM8_UP_TIM13_IRQHandler
                0x08000940                I2C3_ER_IRQHandler
                0x08000940                EXTI0_IRQHandler
                0x08000940                I2C2_EV_IRQHandler
                0x08000940                DMA1_Stream2_IRQHandler
                0x08000940                CAN1_RX0_IRQHandler
                0x08000940                FPU_IRQHandler
                0x08000940                OTG_HS_WKUP_IRQHandler
                0x08000940                CAN2_SCE_IRQHandler
                0x08000940                DMA2_Stream2_IRQHandler
                0x08000940                SPI1_IRQHandler
                0x08000940                TIM6_DAC_IRQHandler
                0x08000940                TIM1_BRK_TIM9_IRQHandler
                0x08000940                DCMI_IRQHandler
                0x08000940                CAN2_RX0_IRQHandler
                0x08000940                DMA2_Stream3_IRQHandler
                0x08000940                USART6_IRQHandler
                0x08000940                USART3_IRQHandler
                0x08000940                CAN1_RX1_IRQHandler
                0x08000940                UART5_IRQHandler
                0x08000940                DMA2_Stream0_IRQHandler
                0x08000940                TIM4_IRQHandler
                0x08000940                I2C1_EV_IRQHandler
                0x08000940                DMA1_Stream6_IRQHandler
                0x08000940                DMA1_Stream1_IRQHandler
                0x08000940                UART4_IRQHandler
                0x08000940                TIM3_IRQHandler
                0x08000940                RCC_IRQHandler
                0x08000940                TIM8_BRK_TIM12_IRQHandler
                0x08000940                Default_Handler
                0x08000940                EXTI15_10_IRQHandler
                0x08000940                ADC_IRQHandler
                0x08000940                DMA1_Stream7_IRQHandler
                0x08000940                TIM7_IRQHandler
                0x08000940                CAN2_TX_IRQHandler
                0x08000940                TIM5_IRQHandler
                0x08000940                DMA2_Stream7_IRQHandler
                0x08000940                I2C3_EV_IRQHandler
                0x08000940                EXTI9_5_IRQHandler
                0x08000940                RTC_WKUP_IRQHandler
                0x08000940                ETH_WKUP_IRQHandler
                0x08000940                SPI2_IRQHandler
                0x08000940                OTG_HS_EP1_IN_IRQHandler
                0x08000940                DMA1_Stream0_IRQHandler
                0x08000940                CAN1_TX_IRQHandler
                0x08000940                EXTI4_IRQHandler
                0x08000940                FSMC_IRQHandler
                0x08000940                ETH_IRQHandler
                0x08000940                OTG_HS_EP1_OUT_IRQHandler
                0x08000940                WWDG_IRQHandler
                0x08000940                TIM2_IRQHandler
                0x08000940                OTG_FS_WKUP_IRQHandler
                0x08000940                TIM1_TRG_COM_TIM11_IRQHandler
                0x08000940                OTG_HS_IRQHandler
                0x08000940                EXTI1_IRQHandler
                0x08000940                USART2_IRQHandler
                0x08000940                I2C2_ER_IRQHandler
                0x08000940                DMA2_Stream1_IRQHandler
                0x08000940                CAN1_SCE_IRQHandler
                0x08000940                FLASH_IRQHandler
                0x08000940                DMA2_Stream4_IRQHandler
                0x08000940                USART1_IRQHandler
                0x08000940                SPI3_IRQHandler
                0x08000940                DMA1_Stream4_IRQHandler
                0x08000940                I2C1_ER_IRQHandler
                0x08000940                DMA2_Stream6_IRQHandler
                0x08000940                DMA1_Stream3_IRQHandler
 *fill*         0x08000942        0x2 
 .text.HAL_Init
                0x08000944       0x44 ./Drivers/STM32F4xx_HAL_Driver/Src/stm32f4xx_hal.o
                0x08000944                HAL_Init
 .text.HAL_InitTick
                0x08000988       0x60 ./Drivers/STM32F4xx_HAL_Driver/Src/stm32f4xx_hal.o
                0x08000988                HAL_InitTick
 .text.HAL_IncTick
                0x080009e8       0x28 ./Drivers/STM32F4xx_HAL_Driver/Src/stm32f4xx_hal.o
                0x080009e8                HAL_IncTick
 .text.HAL_GetTick
                0x08000a10       0x18 ./Drivers/STM32F4xx_HAL_Driver/Src/stm32f4xx_hal.o
                0x08000a10                HAL_GetTick
 .text.HAL_Delay
                0x08000a28       0x48 ./Drivers/STM32F4xx_HAL_Driver/Src/stm32f4xx_hal.o
                0x08000a28                HAL_Delay
 .text.__NVIC_SetPriorityGrouping
                0x08000a70       0x48 ./Drivers/STM32F4xx_HAL_Driver/Src/stm32f4xx_hal_cortex.o
 .text.__NVIC_GetPriorityGrouping
                0x08000ab8       0x1c ./Drivers/STM32F4xx_HAL_Driver/Src/stm32f4xx_hal_cortex.o
 .text.__NVIC_EnableIRQ
                0x08000ad4       0x3c ./Drivers/STM32F4xx_HAL_Driver/Src/stm32f4xx_hal_cortex.o
 .text.__NVIC_SetPriority
                0x08000b10       0x54 ./Drivers/STM32F4xx_HAL_Driver/Src/stm32f4xx_hal_cortex.o
 .text.NVIC_EncodePriority
                0x08000b64       0x66 ./Drivers/STM32F4xx_HAL_Driver/Src/stm32f4xx_hal_cortex.o
 *fill*         0x08000bca        0x2 
 .text.SysTick_Config
                0x08000bcc       0x44 ./Drivers/STM32F4xx_HAL_Driver/Src/stm32f4xx_hal_cortex.o
 .text.HAL_NVIC_SetPriorityGrouping
                0x08000c10       0x16 ./Drivers/STM32F4xx_HAL_Driver/Src/stm32f4xx_hal_cortex.o
                0x08000c10                HAL_NVIC_SetPriorityGrouping
 .text.HAL_NVIC_SetPriority
                0x08000c26       0x38 ./Drivers/STM32F4xx_HAL_Driver/Src/stm32f4xx_hal_cortex.o
                0x08000c26                HAL_NVIC_SetPriority
 .text.HAL_NVIC_EnableIRQ
                0x08000c5e       0x1c ./Drivers/STM32F4xx_HAL_Driver/Src/stm32f4xx_hal_cortex.o
                0x08000c5e                HAL_NVIC_EnableIRQ
 .text.HAL_SYSTICK_Config
                0x08000c7a       0x18 ./Drivers/STM32F4xx_HAL_Driver/Src/stm32f4xx_hal_cortex.o
                0x08000c7a                HAL_SYSTICK_Config
 *fill*         0x08000c92        0x2 
 .text.HAL_GPIO_Init
                0x08000c94      0x338 ./Drivers/STM32F4xx_HAL_Driver/Src/stm32f4xx_hal_gpio.o
                0x08000c94                HAL_GPIO_Init
 .text.HAL_GPIO_WritePin
                0x08000fcc       0x32 ./Drivers/STM32F4xx_HAL_Driver/Src/stm32f4xx_hal_gpio.o
                0x08000fcc                HAL_GPIO_WritePin
 .text.HAL_HCD_Init
                0x08000ffe       0xc4 ./Drivers/STM32F4xx_HAL_Driver/Src/stm32f4xx_hal_hcd.o
                0x08000ffe                HAL_HCD_Init
 .text.HAL_HCD_HC_Init
                0x080010c2      0x130 ./Drivers/STM32F4xx_HAL_Driver/Src/stm32f4xx_hal_hcd.o
                0x080010c2                HAL_HCD_HC_Init
 .text.HAL_HCD_HC_Halt
                0x080011f2       0x46 ./Drivers/STM32F4xx_HAL_Driver/Src/stm32f4xx_hal_hcd.o
                0x080011f2                HAL_HCD_HC_Halt
 .text.HAL_HCD_HC_SubmitRequest
                0x08001238      0x2e4 ./Drivers/STM32F4xx_HAL_Driver/Src/stm32f4xx_hal_hcd.o
                0x08001238                HAL_HCD_HC_SubmitRequest
 .text.HAL_HCD_IRQHandler
                0x0800151c      0x208 ./Drivers/STM32F4xx_HAL_Driver/Src/stm32f4xx_hal_hcd.o
                0x0800151c                HAL_HCD_IRQHandler
 .text.HAL_HCD_Start
                0x08001724       0x46 ./Drivers/STM32F4xx_HAL_Driver/Src/stm32f4xx_hal_hcd.o
                0x08001724                HAL_HCD_Start
 .text.HAL_HCD_Stop
                0x0800176a       0x3a ./Drivers/STM32F4xx_HAL_Driver/Src/stm32f4xx_hal_hcd.o
                0x0800176a                HAL_HCD_Stop
 .text.HAL_HCD_ResetPort
                0x080017a4       0x1c ./Drivers/STM32F4xx_HAL_Driver/Src/stm32f4xx_hal_hcd.o
                0x080017a4                HAL_HCD_ResetPort
 .text.HAL_HCD_HC_GetURBState
                0x080017c0       0x2a ./Drivers/STM32F4xx_HAL_Driver/Src/stm32f4xx_hal_hcd.o
                0x080017c0                HAL_HCD_HC_GetURBState
 .text.HAL_HCD_HC_GetXferCount
                0x080017ea       0x2a ./Drivers/STM32F4xx_HAL_Driver/Src/stm32f4xx_hal_hcd.o
                0x080017ea                HAL_HCD_HC_GetXferCount
 .text.HAL_HCD_GetCurrentFrame
                0x08001814       0x1c ./Drivers/STM32F4xx_HAL_Driver/Src/stm32f4xx_hal_hcd.o
                0x08001814                HAL_HCD_GetCurrentFrame
 .text.HAL_HCD_GetCurrentSpeed
                0x08001830       0x1c ./Drivers/STM32F4xx_HAL_Driver/Src/stm32f4xx_hal_hcd.o
                0x08001830                HAL_HCD_GetCurrentSpeed
 .text.HCD_HC_IN_IRQHandler
                0x0800184c      0x86a ./Drivers/STM32F4xx_HAL_Driver/Src/stm32f4xx_hal_hcd.o
 .text.HCD_HC_OUT_IRQHandler
                0x080020b6      0x6ea ./Drivers/STM32F4xx_HAL_Driver/Src/stm32f4xx_hal_hcd.o
 .text.HCD_RXQLVL_IRQHandler
                0x080027a0      0x15c ./Drivers/STM32F4xx_HAL_Driver/Src/stm32f4xx_hal_hcd.o
 .text.HCD_Port_IRQHandler
                0x080028fc       0xe6 ./Drivers/STM32F4xx_HAL_Driver/Src/stm32f4xx_hal_hcd.o
 *fill*         0x080029e2        0x2 
 .text.HAL_RCC_OscConfig
                0x080029e4      0x4dc ./Drivers/STM32F4xx_HAL_Driver/Src/stm32f4xx_hal_rcc.o
                0x080029e4                HAL_RCC_OscConfig
 .text.HAL_RCC_ClockConfig
                0x08002ec0      0x1cc ./Drivers/STM32F4xx_HAL_Driver/Src/stm32f4xx_hal_rcc.o
                0x08002ec0                HAL_RCC_ClockConfig
 .text.HAL_RCC_GetSysClockFreq
                0x0800308c      0x20c ./Drivers/STM32F4xx_HAL_Driver/Src/stm32f4xx_hal_rcc.o
                0x0800308c                HAL_RCC_GetSysClockFreq
 .text.HAL_RCC_GetHCLKFreq
                0x08003298       0x18 ./Drivers/STM32F4xx_HAL_Driver/Src/stm32f4xx_hal_rcc.o
                0x08003298                HAL_RCC_GetHCLKFreq
 .text.HAL_RCC_GetPCLK1Freq
                0x080032b0       0x28 ./Drivers/STM32F4xx_HAL_Driver/Src/stm32f4xx_hal_rcc.o
                0x080032b0                HAL_RCC_GetPCLK1Freq
 .text.HAL_RCC_GetPCLK2Freq
                0x080032d8       0x28 ./Drivers/STM32F4xx_HAL_Driver/Src/stm32f4xx_hal_rcc.o
                0x080032d8                HAL_RCC_GetPCLK2Freq
 .text.HAL_UART_Init
                0x08003300       0x9a ./Drivers/STM32F4xx_HAL_Driver/Src/stm32f4xx_hal_uart.o
                0x08003300                HAL_UART_Init
 .text.HAL_UART_Transmit
                0x0800339a      0x132 ./Drivers/STM32F4xx_HAL_Driver/Src/stm32f4xx_hal_uart.o
                0x0800339a                HAL_UART_Transmit
 .text.UART_WaitOnFlagUntilTimeout
                0x080034cc       0x94 ./Drivers/STM32F4xx_HAL_Driver/Src/stm32f4xx_hal_uart.o
 .text.UART_SetConfig
                0x08003560      0x9a0 ./Drivers/STM32F4xx_HAL_Driver/Src/stm32f4xx_hal_uart.o
 .text.USB_CoreInit
                0x08003f00       0xc2 ./Drivers/STM32F4xx_HAL_Driver/Src/stm32f4xx_ll_usb.o
                0x08003f00                USB_CoreInit
 .text.USB_EnableGlobalInt
                0x08003fc2       0x22 ./Drivers/STM32F4xx_HAL_Driver/Src/stm32f4xx_ll_usb.o
                0x08003fc2                USB_EnableGlobalInt
 .text.USB_DisableGlobalInt
                0x08003fe4       0x22 ./Drivers/STM32F4xx_HAL_Driver/Src/stm32f4xx_ll_usb.o
                0x08003fe4                USB_DisableGlobalInt
 .text.USB_SetCurrentMode
                0x08004006       0x54 ./Drivers/STM32F4xx_HAL_Driver/Src/stm32f4xx_ll_usb.o
                0x08004006                USB_SetCurrentMode
 *fill*         0x0800405a        0x2 
 .text.USB_FlushTxFifo
                0x0800405c       0x4c ./Drivers/STM32F4xx_HAL_Driver/Src/stm32f4xx_ll_usb.o
                0x0800405c                USB_FlushTxFifo
 .text.USB_FlushRxFifo
                0x080040a8       0x44 ./Drivers/STM32F4xx_HAL_Driver/Src/stm32f4xx_ll_usb.o
                0x080040a8                USB_FlushRxFifo
 .text.USB_WritePacket
                0x080040ec       0x6a ./Drivers/STM32F4xx_HAL_Driver/Src/stm32f4xx_ll_usb.o
                0x080040ec                USB_WritePacket
 .text.USB_ReadPacket
                0x08004156       0x52 ./Drivers/STM32F4xx_HAL_Driver/Src/stm32f4xx_ll_usb.o
                0x08004156                USB_ReadPacket
 .text.USB_ReadInterrupts
                0x080041a8       0x26 ./Drivers/STM32F4xx_HAL_Driver/Src/stm32f4xx_ll_usb.o
                0x080041a8                USB_ReadInterrupts
 .text.USB_GetMode
                0x080041ce       0x1c ./Drivers/STM32F4xx_HAL_Driver/Src/stm32f4xx_ll_usb.o
                0x080041ce                USB_GetMode
 *fill*         0x080041ea        0x2 
 .text.USB_CoreReset
                0x080041ec       0x68 ./Drivers/STM32F4xx_HAL_Driver/Src/stm32f4xx_ll_usb.o
 .text.USB_HostInit
                0x08004254      0x178 ./Drivers/STM32F4xx_HAL_Driver/Src/stm32f4xx_ll_usb.o
                0x08004254                USB_HostInit
 .text.USB_InitFSLSPClkSel
                0x080043cc       0x74 ./Drivers/STM32F4xx_HAL_Driver/Src/stm32f4xx_ll_usb.o
                0x080043cc                USB_InitFSLSPClkSel
 .text.USB_ResetPort
                0x08004440       0x54 ./Drivers/STM32F4xx_HAL_Driver/Src/stm32f4xx_ll_usb.o
                0x08004440                USB_ResetPort
 .text.USB_DriveVbus
                0x08004494       0x72 ./Drivers/STM32F4xx_HAL_Driver/Src/stm32f4xx_ll_usb.o
                0x08004494                USB_DriveVbus
 .text.USB_GetHostSpeed
                0x08004506       0x2e ./Drivers/STM32F4xx_HAL_Driver/Src/stm32f4xx_ll_usb.o
                0x08004506                USB_GetHostSpeed
 .text.USB_GetCurrentFrame
                0x08004534       0x22 ./Drivers/STM32F4xx_HAL_Driver/Src/stm32f4xx_ll_usb.o
                0x08004534                USB_GetCurrentFrame
 *fill*         0x08004556        0x2 
 .text.USB_HC_Init
                0x08004558      0x214 ./Drivers/STM32F4xx_HAL_Driver/Src/stm32f4xx_ll_usb.o
                0x08004558                USB_HC_Init
 .text.USB_HC_StartXfer
                0x0800476c      0x284 ./Drivers/STM32F4xx_HAL_Driver/Src/stm32f4xx_ll_usb.o
                0x0800476c                USB_HC_StartXfer
 .text.USB_HC_ReadInterrupt
                0x080049f0       0x22 ./Drivers/STM32F4xx_HAL_Driver/Src/stm32f4xx_ll_usb.o
                0x080049f0                USB_HC_ReadInterrupt
 .text.USB_HC_Halt
                0x08004a12      0x1fe ./Drivers/STM32F4xx_HAL_Driver/Src/stm32f4xx_ll_usb.o
                0x08004a12                USB_HC_Halt
 .text.USB_DoPing
                0x08004c10       0x78 ./Drivers/STM32F4xx_HAL_Driver/Src/stm32f4xx_ll_usb.o
                0x08004c10                USB_DoPing
 .text.USB_StopHost
                0x08004c88      0x10c ./Drivers/STM32F4xx_HAL_Driver/Src/stm32f4xx_ll_usb.o
                0x08004c88                USB_StopHost
 .text.USBH_MIDI_InterfaceInit
                0x08004d94      0x230 ./Drivers/USBH_midi_class/Src/usbh_MIDI.o
 .text.USBH_MIDI_InterfaceDeInit
                0x08004fc4       0x8c ./Drivers/USBH_midi_class/Src/usbh_MIDI.o
 .text.USBH_MIDI_ClassRequest
                0x08005050       0x1e ./Drivers/USBH_midi_class/Src/usbh_MIDI.o
 .text.USBH_MIDI_Stop
                0x0800506e       0x44 ./Drivers/USBH_midi_class/Src/usbh_MIDI.o
                0x0800506e                USBH_MIDI_Stop
 .text.USBH_MIDI_Process
                0x080050b2       0x6e ./Drivers/USBH_midi_class/Src/usbh_MIDI.o
 .text.USBH_MIDI_SOFProcess
                0x08005120       0x16 ./Drivers/USBH_midi_class/Src/usbh_MIDI.o
 .text.USBH_MIDI_Receive
                0x08005136       0x56 ./Drivers/USBH_midi_class/Src/usbh_MIDI.o
                0x08005136                USBH_MIDI_Receive
 .text.MIDI_ProcessTransmission
                0x0800518c       0xe2 ./Drivers/USBH_midi_class/Src/usbh_MIDI.o
 .text.MIDI_ProcessReception
                0x0800526e       0xb4 ./Drivers/USBH_midi_class/Src/usbh_MIDI.o
 .text.USBH_MIDI_TransmitCallback
                0x08005322       0x14 ./Drivers/USBH_midi_class/Src/usbh_MIDI.o
                0x08005322                USBH_MIDI_TransmitCallback
 .text.USBH_Init
                0x08005336       0x74 ./Middlewares/ST/STM32_USB_Host_Library/Core/Src/usbh_core.o
                0x08005336                USBH_Init
 .text.DeInitStateMachine
                0x080053aa       0xa8 ./Middlewares/ST/STM32_USB_Host_Library/Core/Src/usbh_core.o
 .text.USBH_RegisterClass
                0x08005452       0x54 ./Middlewares/ST/STM32_USB_Host_Library/Core/Src/usbh_core.o
                0x08005452                USBH_RegisterClass
 .text.USBH_SelectInterface
                0x080054a6       0x38 ./Middlewares/ST/STM32_USB_Host_Library/Core/Src/usbh_core.o
                0x080054a6                USBH_SelectInterface
 .text.USBH_FindInterface
                0x080054de       0x8c ./Middlewares/ST/STM32_USB_Host_Library/Core/Src/usbh_core.o
                0x080054de                USBH_FindInterface
 .text.USBH_Start
                0x0800556a       0x20 ./Middlewares/ST/STM32_USB_Host_Library/Core/Src/usbh_core.o
                0x0800556a                USBH_Start
 *fill*         0x0800558a        0x2 
 .text.USBH_Process
                0x0800558c      0x3bc ./Middlewares/ST/STM32_USB_Host_Library/Core/Src/usbh_core.o
                0x0800558c                USBH_Process
 .text.USBH_HandleEnum
                0x08005948      0x3c0 ./Middlewares/ST/STM32_USB_Host_Library/Core/Src/usbh_core.o
 .text.USBH_LL_SetTimer
                0x08005d08       0x1e ./Middlewares/ST/STM32_USB_Host_Library/Core/Src/usbh_core.o
                0x08005d08                USBH_LL_SetTimer
 .text.USBH_LL_IncTimer
                0x08005d26       0x24 ./Middlewares/ST/STM32_USB_Host_Library/Core/Src/usbh_core.o
                0x08005d26                USBH_LL_IncTimer
 .text.USBH_HandleSof
                0x08005d4a       0x30 ./Middlewares/ST/STM32_USB_Host_Library/Core/Src/usbh_core.o
 .text.USBH_LL_PortEnabled
                0x08005d7a       0x1c ./Middlewares/ST/STM32_USB_Host_Library/Core/Src/usbh_core.o
                0x08005d7a                USBH_LL_PortEnabled
 .text.USBH_LL_PortDisabled
                0x08005d96       0x1c ./Middlewares/ST/STM32_USB_Host_Library/Core/Src/usbh_core.o
                0x08005d96                USBH_LL_PortDisabled
 .text.USBH_LL_Connect
                0x08005db2       0x2e ./Middlewares/ST/STM32_USB_Host_Library/Core/Src/usbh_core.o
                0x08005db2                USBH_LL_Connect
 .text.USBH_LL_Disconnect
                0x08005de0       0x48 ./Middlewares/ST/STM32_USB_Host_Library/Core/Src/usbh_core.o
                0x08005de0                USBH_LL_Disconnect
 .text.USBH_Get_DevDesc
                0x08005e28       0x50 ./Middlewares/ST/STM32_USB_Host_Library/Core/Src/usbh_ctlreq.o
                0x08005e28                USBH_Get_DevDesc
 .text.USBH_Get_CfgDesc
                0x08005e78       0x48 ./Middlewares/ST/STM32_USB_Host_Library/Core/Src/usbh_ctlreq.o
                0x08005e78                USBH_Get_CfgDesc
 .text.USBH_Get_StringDesc
                0x08005ec0       0x56 ./Middlewares/ST/STM32_USB_Host_Library/Core/Src/usbh_ctlreq.o
                0x08005ec0                USBH_Get_StringDesc
 .text.USBH_GetDescriptor
                0x08005f16       0x6a ./Middlewares/ST/STM32_USB_Host_Library/Core/Src/usbh_ctlreq.o
                0x08005f16                USBH_GetDescriptor
 .text.USBH_SetAddress
                0x08005f80       0x48 ./Middlewares/ST/STM32_USB_Host_Library/Core/Src/usbh_ctlreq.o
                0x08005f80                USBH_SetAddress
 .text.USBH_SetCfg
                0x08005fc8       0x46 ./Middlewares/ST/STM32_USB_Host_Library/Core/Src/usbh_ctlreq.o
                0x08005fc8                USBH_SetCfg
 .text.USBH_SetFeature
                0x0800600e       0x48 ./Middlewares/ST/STM32_USB_Host_Library/Core/Src/usbh_ctlreq.o
                0x0800600e                USBH_SetFeature
 .text.USBH_ClrFeature
                0x08006056       0x48 ./Middlewares/ST/STM32_USB_Host_Library/Core/Src/usbh_ctlreq.o
                0x08006056                USBH_ClrFeature
 .text.USBH_ParseDevDesc
                0x0800609e       0xd8 ./Middlewares/ST/STM32_USB_Host_Library/Core/Src/usbh_ctlreq.o
 .text.USBH_ParseCfgDesc
                0x08006176      0x142 ./Middlewares/ST/STM32_USB_Host_Library/Core/Src/usbh_ctlreq.o
 .text.USBH_ParseInterfaceDesc
                0x080062b8       0x5e ./Middlewares/ST/STM32_USB_Host_Library/Core/Src/usbh_ctlreq.o
 .text.USBH_ParseEPDesc
                0x08006316       0x58 ./Middlewares/ST/STM32_USB_Host_Library/Core/Src/usbh_ctlreq.o
 .text.USBH_ParseStringDesc
                0x0800636e       0x66 ./Middlewares/ST/STM32_USB_Host_Library/Core/Src/usbh_ctlreq.o
 .text.USBH_GetNextDesc
                0x080063d4       0x34 ./Middlewares/ST/STM32_USB_Host_Library/Core/Src/usbh_ctlreq.o
                0x080063d4                USBH_GetNextDesc
 .text.USBH_CtlReq
                0x08006408       0x7a ./Middlewares/ST/STM32_USB_Host_Library/Core/Src/usbh_ctlreq.o
                0x08006408                USBH_CtlReq
 *fill*         0x08006482        0x2 
 .text.USBH_HandleControl
                0x08006484      0x2e8 ./Middlewares/ST/STM32_USB_Host_Library/Core/Src/usbh_ctlreq.o
 .text.USBH_CtlSendSetup
                0x0800676c       0x34 ./Middlewares/ST/STM32_USB_Host_Library/Core/Src/usbh_ioreq.o
                0x0800676c                USBH_CtlSendSetup
 .text.USBH_CtlSendData
                0x080067a0       0x4a ./Middlewares/ST/STM32_USB_Host_Library/Core/Src/usbh_ioreq.o
                0x080067a0                USBH_CtlSendData
 .text.USBH_CtlReceiveData
                0x080067ea       0x3c ./Middlewares/ST/STM32_USB_Host_Library/Core/Src/usbh_ioreq.o
                0x080067ea                USBH_CtlReceiveData
 .text.USBH_BulkSendData
                0x08006826       0x4a ./Middlewares/ST/STM32_USB_Host_Library/Core/Src/usbh_ioreq.o
                0x08006826                USBH_BulkSendData
 .text.USBH_BulkReceiveData
                0x08006870       0x3c ./Middlewares/ST/STM32_USB_Host_Library/Core/Src/usbh_ioreq.o
                0x08006870                USBH_BulkReceiveData
 .text.USBH_OpenPipe
                0x080068ac       0x3e ./Middlewares/ST/STM32_USB_Host_Library/Core/Src/usbh_pipes.o
                0x080068ac                USBH_OpenPipe
 .text.USBH_ClosePipe
                0x080068ea       0x20 ./Middlewares/ST/STM32_USB_Host_Library/Core/Src/usbh_pipes.o
                0x080068ea                USBH_ClosePipe
 .text.USBH_AllocPipe
                0x0800690a       0x42 ./Middlewares/ST/STM32_USB_Host_Library/Core/Src/usbh_pipes.o
                0x0800690a                USBH_AllocPipe
 .text.USBH_FreePipe
                0x0800694c       0x3c ./Middlewares/ST/STM32_USB_Host_Library/Core/Src/usbh_pipes.o
                0x0800694c                USBH_FreePipe
 .text.USBH_GetFreePipe
                0x08006988       0x48 ./Middlewares/ST/STM32_USB_Host_Library/Core/Src/usbh_pipes.o
 .text.MIDI_Application
                0x080069d0       0x40 ./USB_HOST/App/usb_host.o
                0x080069d0                MIDI_Application
 .text.USBH_MIDI_ReceiveCallback
                0x08006a10       0x6c ./USB_HOST/App/usb_host.o
                0x08006a10                USBH_MIDI_ReceiveCallback
 .text.MX_USB_HOST_Init
                0x08006a7c       0x58 ./USB_HOST/App/usb_host.o
                0x08006a7c                MX_USB_HOST_Init
 .text.MX_USB_HOST_Process
                0x08006ad4       0x14 ./USB_HOST/App/usb_host.o
                0x08006ad4                MX_USB_HOST_Process
 .text.USBH_UserProcess
                0x08006ae8       0x5c ./USB_HOST/App/usb_host.o
 .text.HAL_HCD_MspInit
                0x08006b44       0xc4 ./USB_HOST/Target/usbh_conf.o
                0x08006b44                HAL_HCD_MspInit
 .text.HAL_HCD_SOF_Callback
                0x08006c08       0x1c ./USB_HOST/Target/usbh_conf.o
                0x08006c08                HAL_HCD_SOF_Callback
 .text.HAL_HCD_Connect_Callback
                0x08006c24       0x1c ./USB_HOST/Target/usbh_conf.o
                0x08006c24                HAL_HCD_Connect_Callback
 .text.HAL_HCD_Disconnect_Callback
                0x08006c40       0x1c ./USB_HOST/Target/usbh_conf.o
                0x08006c40                HAL_HCD_Disconnect_Callback
 .text.HAL_HCD_HC_NotifyURBChange_Callback
                0x08006c5c       0x1c ./USB_HOST/Target/usbh_conf.o
                0x08006c5c                HAL_HCD_HC_NotifyURBChange_Callback
 .text.HAL_HCD_PortEnabled_Callback
                0x08006c78       0x1c ./USB_HOST/Target/usbh_conf.o
                0x08006c78                HAL_HCD_PortEnabled_Callback
 .text.HAL_HCD_PortDisabled_Callback
                0x08006c94       0x1c ./USB_HOST/Target/usbh_conf.o
                0x08006c94                HAL_HCD_PortDisabled_Callback
 .text.USBH_LL_Init
                0x08006cb0       0x78 ./USB_HOST/Target/usbh_conf.o
                0x08006cb0                USBH_LL_Init
 .text.USBH_LL_Start
                0x08006d28       0x36 ./USB_HOST/Target/usbh_conf.o
                0x08006d28                USBH_LL_Start
 .text.USBH_LL_Stop
                0x08006d5e       0x36 ./USB_HOST/Target/usbh_conf.o
                0x08006d5e                USBH_LL_Stop
 .text.USBH_LL_GetSpeed
                0x08006d94       0x4e ./USB_HOST/Target/usbh_conf.o
                0x08006d94                USBH_LL_GetSpeed
 .text.USBH_LL_ResetPort
                0x08006de2       0x36 ./USB_HOST/Target/usbh_conf.o
                0x08006de2                USBH_LL_ResetPort
 .text.USBH_LL_GetLastXferSize
                0x08006e18       0x26 ./USB_HOST/Target/usbh_conf.o
                0x08006e18                USBH_LL_GetLastXferSize
 .text.USBH_LL_OpenPipe
                0x08006e3e       0x5e ./USB_HOST/Target/usbh_conf.o
                0x08006e3e                USBH_LL_OpenPipe
 .text.USBH_LL_ClosePipe
                0x08006e9c       0x3e ./USB_HOST/Target/usbh_conf.o
                0x08006e9c                USBH_LL_ClosePipe
 .text.USBH_LL_SubmitURB
                0x08006eda       0x62 ./USB_HOST/Target/usbh_conf.o
                0x08006eda                USBH_LL_SubmitURB
 .text.USBH_LL_GetURBState
                0x08006f3c       0x26 ./USB_HOST/Target/usbh_conf.o
                0x08006f3c                USBH_LL_GetURBState
 .text.USBH_LL_DriverVBUS
                0x08006f62       0x2e ./USB_HOST/Target/usbh_conf.o
                0x08006f62                USBH_LL_DriverVBUS
 .text.USBH_LL_SetToggle
                0x08006f90       0x66 ./USB_HOST/Target/usbh_conf.o
                0x08006f90                USBH_LL_SetToggle
 .text.USBH_Delay
                0x08006ff6       0x16 ./USB_HOST/Target/usbh_conf.o
                0x08006ff6                USBH_Delay
 .text.USBH_Get_USB_Status
                0x0800700c       0x58 ./USB_HOST/Target/usbh_conf.o
                0x0800700c                USBH_Get_USB_Status
 .text.MX_DriverVbusFS
                0x08007064       0x38 ./USB_HOST/Target/usbh_platform.o
                0x08007064                MX_DriverVbusFS
 .text.malloc   0x0800709c       0x10 C:/ST/STM32CubeIDE_1.16.1/STM32CubeIDE/plugins/com.st.stm32cube.ide.mcu.externaltools.gnu-tools-for-stm32.12.3.rel1.win32_1.0.200.202406191623/tools/bin/../lib/gcc/arm-none-eabi/12.3.1/../../../../arm-none-eabi/lib/thumb/v7e-m+fp/hard\libc_nano.a(libc_a-malloc.o)
                0x0800709c                malloc
 .text.free     0x080070ac       0x10 C:/ST/STM32CubeIDE_1.16.1/STM32CubeIDE/plugins/com.st.stm32cube.ide.mcu.externaltools.gnu-tools-for-stm32.12.3.rel1.win32_1.0.200.202406191623/tools/bin/../lib/gcc/arm-none-eabi/12.3.1/../../../../arm-none-eabi/lib/thumb/v7e-m+fp/hard\libc_nano.a(libc_a-malloc.o)
                0x080070ac                free
 .text.sbrk_aligned
                0x080070bc       0x44 C:/ST/STM32CubeIDE_1.16.1/STM32CubeIDE/plugins/com.st.stm32cube.ide.mcu.externaltools.gnu-tools-for-stm32.12.3.rel1.win32_1.0.200.202406191623/tools/bin/../lib/gcc/arm-none-eabi/12.3.1/../../../../arm-none-eabi/lib/thumb/v7e-m+fp/hard\libc_nano.a(libc_a-mallocr.o)
 .text._malloc_r
                0x08007100      0x100 C:/ST/STM32CubeIDE_1.16.1/STM32CubeIDE/plugins/com.st.stm32cube.ide.mcu.externaltools.gnu-tools-for-stm32.12.3.rel1.win32_1.0.200.202406191623/tools/bin/../lib/gcc/arm-none-eabi/12.3.1/../../../../arm-none-eabi/lib/thumb/v7e-m+fp/hard\libc_nano.a(libc_a-mallocr.o)
                0x08007100                _malloc_r
 .text.__malloc_lock
                0x08007200        0xc C:/ST/STM32CubeIDE_1.16.1/STM32CubeIDE/plugins/com.st.stm32cube.ide.mcu.externaltools.gnu-tools-for-stm32.12.3.rel1.win32_1.0.200.202406191623/tools/bin/../lib/gcc/arm-none-eabi/12.3.1/../../../../arm-none-eabi/lib/thumb/v7e-m+fp/hard\libc_nano.a(libc_a-mlock.o)
                0x08007200                __malloc_lock
 .text.__malloc_unlock
                0x0800720c        0xc C:/ST/STM32CubeIDE_1.16.1/STM32CubeIDE/plugins/com.st.stm32cube.ide.mcu.externaltools.gnu-tools-for-stm32.12.3.rel1.win32_1.0.200.202406191623/tools/bin/../lib/gcc/arm-none-eabi/12.3.1/../../../../arm-none-eabi/lib/thumb/v7e-m+fp/hard\libc_nano.a(libc_a-mlock.o)
                0x0800720c                __malloc_unlock
 .text.sprintf  0x08007218       0x40 C:/ST/STM32CubeIDE_1.16.1/STM32CubeIDE/plugins/com.st.stm32cube.ide.mcu.externaltools.gnu-tools-for-stm32.12.3.rel1.win32_1.0.200.202406191623/tools/bin/../lib/gcc/arm-none-eabi/12.3.1/../../../../arm-none-eabi/lib/thumb/v7e-m+fp/hard\libc_nano.a(libc_a-sprintf.o)
                0x08007218                siprintf
                0x08007218                sprintf
 .text.memset   0x08007258       0x10 C:/ST/STM32CubeIDE_1.16.1/STM32CubeIDE/plugins/com.st.stm32cube.ide.mcu.externaltools.gnu-tools-for-stm32.12.3.rel1.win32_1.0.200.202406191623/tools/bin/../lib/gcc/arm-none-eabi/12.3.1/../../../../arm-none-eabi/lib/thumb/v7e-m+fp/hard\libc_nano.a(libc_a-memset.o)
                0x08007258                memset
 .text._sbrk_r  0x08007268       0x20 C:/ST/STM32CubeIDE_1.16.1/STM32CubeIDE/plugins/com.st.stm32cube.ide.mcu.externaltools.gnu-tools-for-stm32.12.3.rel1.win32_1.0.200.202406191623/tools/bin/../lib/gcc/arm-none-eabi/12.3.1/../../../../arm-none-eabi/lib/thumb/v7e-m+fp/hard\libc_nano.a(libc_a-sbrkr.o)
                0x08007268                _sbrk_r
 .text.__libc_init_array
                0x08007288       0x48 C:/ST/STM32CubeIDE_1.16.1/STM32CubeIDE/plugins/com.st.stm32cube.ide.mcu.externaltools.gnu-tools-for-stm32.12.3.rel1.win32_1.0.200.202406191623/tools/bin/../lib/gcc/arm-none-eabi/12.3.1/../../../../arm-none-eabi/lib/thumb/v7e-m+fp/hard\libc_nano.a(libc_a-init.o)
                0x08007288                __libc_init_array
 .text.__retarget_lock_acquire_recursive
                0x080072d0        0x2 C:/ST/STM32CubeIDE_1.16.1/STM32CubeIDE/plugins/com.st.stm32cube.ide.mcu.externaltools.gnu-tools-for-stm32.12.3.rel1.win32_1.0.200.202406191623/tools/bin/../lib/gcc/arm-none-eabi/12.3.1/../../../../arm-none-eabi/lib/thumb/v7e-m+fp/hard\libc_nano.a(libc_a-lock.o)
                0x080072d0                __retarget_lock_acquire_recursive
 .text.__retarget_lock_release_recursive
                0x080072d2        0x2 C:/ST/STM32CubeIDE_1.16.1/STM32CubeIDE/plugins/com.st.stm32cube.ide.mcu.externaltools.gnu-tools-for-stm32.12.3.rel1.win32_1.0.200.202406191623/tools/bin/../lib/gcc/arm-none-eabi/12.3.1/../../../../arm-none-eabi/lib/thumb/v7e-m+fp/hard\libc_nano.a(libc_a-lock.o)
                0x080072d2                __retarget_lock_release_recursive
 .text._free_r  0x080072d4       0x94 C:/ST/STM32CubeIDE_1.16.1/STM32CubeIDE/plugins/com.st.stm32cube.ide.mcu.externaltools.gnu-tools-for-stm32.12.3.rel1.win32_1.0.200.202406191623/tools/bin/../lib/gcc/arm-none-eabi/12.3.1/../../../../arm-none-eabi/lib/thumb/v7e-m+fp/hard\libc_nano.a(libc_a-freer.o)
                0x080072d4                _free_r
 .text.__ssputs_r
                0x08007368       0xb6 C:/ST/STM32CubeIDE_1.16.1/STM32CubeIDE/plugins/com.st.stm32cube.ide.mcu.externaltools.gnu-tools-for-stm32.12.3.rel1.win32_1.0.200.202406191623/tools/bin/../lib/gcc/arm-none-eabi/12.3.1/../../../../arm-none-eabi/lib/thumb/v7e-m+fp/hard\libc_nano.a(libc_a-nano-svfprintf.o)
                0x08007368                __ssputs_r
 *fill*         0x0800741e        0x2 
 .text._svfprintf_r
                0x08007420      0x1f8 C:/ST/STM32CubeIDE_1.16.1/STM32CubeIDE/plugins/com.st.stm32cube.ide.mcu.externaltools.gnu-tools-for-stm32.12.3.rel1.win32_1.0.200.202406191623/tools/bin/../lib/gcc/arm-none-eabi/12.3.1/../../../../arm-none-eabi/lib/thumb/v7e-m+fp/hard\libc_nano.a(libc_a-nano-svfprintf.o)
                0x08007420                _svfiprintf_r
                0x08007420                _svfprintf_r
 .text._printf_common
                0x08007618       0xda C:/ST/STM32CubeIDE_1.16.1/STM32CubeIDE/plugins/com.st.stm32cube.ide.mcu.externaltools.gnu-tools-for-stm32.12.3.rel1.win32_1.0.200.202406191623/tools/bin/../lib/gcc/arm-none-eabi/12.3.1/../../../../arm-none-eabi/lib/thumb/v7e-m+fp/hard\libc_nano.a(libc_a-nano-vfprintf_i.o)
                0x08007618                _printf_common
 *fill*         0x080076f2        0x2 
 .text._printf_i
                0x080076f4      0x240 C:/ST/STM32CubeIDE_1.16.1/STM32CubeIDE/plugins/com.st.stm32cube.ide.mcu.externaltools.gnu-tools-for-stm32.12.3.rel1.win32_1.0.200.202406191623/tools/bin/../lib/gcc/arm-none-eabi/12.3.1/../../../../arm-none-eabi/lib/thumb/v7e-m+fp/hard\libc_nano.a(libc_a-nano-vfprintf_i.o)
                0x080076f4                _printf_i
 .text.memmove  0x08007934       0x34 C:/ST/STM32CubeIDE_1.16.1/STM32CubeIDE/plugins/com.st.stm32cube.ide.mcu.externaltools.gnu-tools-for-stm32.12.3.rel1.win32_1.0.200.202406191623/tools/bin/../lib/gcc/arm-none-eabi/12.3.1/../../../../arm-none-eabi/lib/thumb/v7e-m+fp/hard\libc_nano.a(libc_a-memmove.o)
                0x08007934                memmove
 .text.memcpy   0x08007968       0x1c C:/ST/STM32CubeIDE_1.16.1/STM32CubeIDE/plugins/com.st.stm32cube.ide.mcu.externaltools.gnu-tools-for-stm32.12.3.rel1.win32_1.0.200.202406191623/tools/bin/../lib/gcc/arm-none-eabi/12.3.1/../../../../arm-none-eabi/lib/thumb/v7e-m+fp/hard\libc_nano.a(libc_a-memcpy-stub.o)
                0x08007968                memcpy
 .text._realloc_r
                0x08007984       0x5c C:/ST/STM32CubeIDE_1.16.1/STM32CubeIDE/plugins/com.st.stm32cube.ide.mcu.externaltools.gnu-tools-for-stm32.12.3.rel1.win32_1.0.200.202406191623/tools/bin/../lib/gcc/arm-none-eabi/12.3.1/../../../../arm-none-eabi/lib/thumb/v7e-m+fp/hard\libc_nano.a(libc_a-reallocr.o)
                0x08007984                _realloc_r
 .text._malloc_usable_size_r
                0x080079e0       0x10 C:/ST/STM32CubeIDE_1.16.1/STM32CubeIDE/plugins/com.st.stm32cube.ide.mcu.externaltools.gnu-tools-for-stm32.12.3.rel1.win32_1.0.200.202406191623/tools/bin/../lib/gcc/arm-none-eabi/12.3.1/../../../../arm-none-eabi/lib/thumb/v7e-m+fp/hard\libc_nano.a(libc_a-msizer.o)
                0x080079e0                _malloc_usable_size_r
 .text._sbrk    0x080079f0       0x1c C:/ST/STM32CubeIDE_1.16.1/STM32CubeIDE/plugins/com.st.stm32cube.ide.mcu.externaltools.gnu-tools-for-stm32.12.3.rel1.win32_1.0.200.202406191623/tools/bin/../lib/gcc/arm-none-eabi/12.3.1/../../../../arm-none-eabi/lib/thumb/v7e-m+fp/hard\libnosys.a(sbrk.o)
                0x080079f0                _sbrk
 *(.glue_7)
 .glue_7        0x08007a0c        0x0 linker stubs
 *(.glue_7t)
 .glue_7t       0x08007a0c        0x0 linker stubs
 *(.eh_frame)
 .eh_frame      0x08007a0c        0x0 C:/ST/STM32CubeIDE_1.16.1/STM32CubeIDE/plugins/com.st.stm32cube.ide.mcu.externaltools.gnu-tools-for-stm32.12.3.rel1.win32_1.0.200.202406191623/tools/bin/../lib/gcc/arm-none-eabi/12.3.1/thumb/v7e-m+fp/hard/crtbegin.o
 *(.init)
 .init          0x08007a0c        0x4 C:/ST/STM32CubeIDE_1.16.1/STM32CubeIDE/plugins/com.st.stm32cube.ide.mcu.externaltools.gnu-tools-for-stm32.12.3.rel1.win32_1.0.200.202406191623/tools/bin/../lib/gcc/arm-none-eabi/12.3.1/thumb/v7e-m+fp/hard/crti.o
                0x08007a0c                _init
 .init          0x08007a10        0x8 C:/ST/STM32CubeIDE_1.16.1/STM32CubeIDE/plugins/com.st.stm32cube.ide.mcu.externaltools.gnu-tools-for-stm32.12.3.rel1.win32_1.0.200.202406191623/tools/bin/../lib/gcc/arm-none-eabi/12.3.1/thumb/v7e-m+fp/hard/crtn.o
 *(.fini)
 .fini          0x08007a18        0x4 C:/ST/STM32CubeIDE_1.16.1/STM32CubeIDE/plugins/com.st.stm32cube.ide.mcu.externaltools.gnu-tools-for-stm32.12.3.rel1.win32_1.0.200.202406191623/tools/bin/../lib/gcc/arm-none-eabi/12.3.1/thumb/v7e-m+fp/hard/crti.o
                0x08007a18                _fini
 .fini          0x08007a1c        0x8 C:/ST/STM32CubeIDE_1.16.1/STM32CubeIDE/plugins/com.st.stm32cube.ide.mcu.externaltools.gnu-tools-for-stm32.12.3.rel1.win32_1.0.200.202406191623/tools/bin/../lib/gcc/arm-none-eabi/12.3.1/thumb/v7e-m+fp/hard/crtn.o
                0x08007a24                        . = ALIGN (0x4)
                0x08007a24                        _etext = .

.vfp11_veneer   0x08007a24        0x0
 .vfp11_veneer  0x08007a24        0x0 linker stubs

.v4_bx          0x08007a24        0x0
 .v4_bx         0x08007a24        0x0 linker stubs

.iplt           0x08007a24        0x0
 .iplt          0x08007a24        0x0 C:/ST/STM32CubeIDE_1.16.1/STM32CubeIDE/plugins/com.st.stm32cube.ide.mcu.externaltools.gnu-tools-for-stm32.12.3.rel1.win32_1.0.200.202406191623/tools/bin/../lib/gcc/arm-none-eabi/12.3.1/thumb/v7e-m+fp/hard/crtbegin.o

.rodata         0x08007a24       0x68
                0x08007a24                        . = ALIGN (0x4)
 *(.rodata)
 .rodata        0x08007a24        0x5 ./Drivers/USBH_midi_class/Src/usbh_MIDI.o
 *fill*         0x08007a29        0x3 
 .rodata        0x08007a2c       0x11 ./USB_HOST/App/usb_host.o
 *(.rodata*)
 *fill*         0x08007a3d        0x3 
 .rodata.AHBPrescTable
                0x08007a40       0x10 ./Core/Src/system_stm32f4xx.o
                0x08007a40                AHBPrescTable
 .rodata.APBPrescTable
                0x08007a50        0x8 ./Core/Src/system_stm32f4xx.o
                0x08007a50                APBPrescTable
 .rodata._svfprintf_r.str1.1
                0x08007a58       0x11 C:/ST/STM32CubeIDE_1.16.1/STM32CubeIDE/plugins/com.st.stm32cube.ide.mcu.externaltools.gnu-tools-for-stm32.12.3.rel1.win32_1.0.200.202406191623/tools/bin/../lib/gcc/arm-none-eabi/12.3.1/../../../../arm-none-eabi/lib/thumb/v7e-m+fp/hard\libc_nano.a(libc_a-nano-svfprintf.o)
 .rodata._printf_i.str1.1
                0x08007a69       0x22 C:/ST/STM32CubeIDE_1.16.1/STM32CubeIDE/plugins/com.st.stm32cube.ide.mcu.externaltools.gnu-tools-for-stm32.12.3.rel1.win32_1.0.200.202406191623/tools/bin/../lib/gcc/arm-none-eabi/12.3.1/../../../../arm-none-eabi/lib/thumb/v7e-m+fp/hard\libc_nano.a(libc_a-nano-vfprintf_i.o)
                0x08007a8c                        . = ALIGN (0x4)
 *fill*         0x08007a8b        0x1 

.ARM.extab      0x08007a8c        0x0
                0x08007a8c                        . = ALIGN (0x4)
 *(.ARM.extab* .gnu.linkonce.armextab.*)
                0x08007a8c                        . = ALIGN (0x4)

.ARM            0x08007a8c        0x8
                0x08007a8c                        . = ALIGN (0x4)
                0x08007a8c                        __exidx_start = .
 *(.ARM.exidx*)
 .ARM.exidx     0x08007a8c        0x8 C:/ST/STM32CubeIDE_1.16.1/STM32CubeIDE/plugins/com.st.stm32cube.ide.mcu.externaltools.gnu-tools-for-stm32.12.3.rel1.win32_1.0.200.202406191623/tools/bin/../lib/gcc/arm-none-eabi/12.3.1/../../../../arm-none-eabi/lib/thumb/v7e-m+fp/hard\libc_nano.a(libc_a-strlen.o)
 .ARM.exidx     0x08007a94        0x0 C:/ST/STM32CubeIDE_1.16.1/STM32CubeIDE/plugins/com.st.stm32cube.ide.mcu.externaltools.gnu-tools-for-stm32.12.3.rel1.win32_1.0.200.202406191623/tools/bin/../lib/gcc/arm-none-eabi/12.3.1/../../../../arm-none-eabi/lib/thumb/v7e-m+fp/hard\libc_nano.a(libc_a-memchr.o)
                                  0x8 (size before relaxing)
 .ARM.exidx     0x08007a94        0x0 C:/ST/STM32CubeIDE_1.16.1/STM32CubeIDE/plugins/com.st.stm32cube.ide.mcu.externaltools.gnu-tools-for-stm32.12.3.rel1.win32_1.0.200.202406191623/tools/bin/../lib/gcc/arm-none-eabi/12.3.1/thumb/v7e-m+fp/hard\libgcc.a(_udivmoddi4.o)
                                  0x8 (size before relaxing)
                0x08007a94                        __exidx_end = .
                0x08007a94                        . = ALIGN (0x4)

.rel.dyn        0x08007a94        0x0
 .rel.iplt      0x08007a94        0x0 C:/ST/STM32CubeIDE_1.16.1/STM32CubeIDE/plugins/com.st.stm32cube.ide.mcu.externaltools.gnu-tools-for-stm32.12.3.rel1.win32_1.0.200.202406191623/tools/bin/../lib/gcc/arm-none-eabi/12.3.1/thumb/v7e-m+fp/hard/crtbegin.o

.preinit_array  0x08007a94        0x0
                0x08007a94                        . = ALIGN (0x4)
                0x08007a94                        PROVIDE (__preinit_array_start = .)
 *(.preinit_array*)
                0x08007a94                        PROVIDE (__preinit_array_end = .)
                0x08007a94                        . = ALIGN (0x4)

.init_array     0x08007a94        0x4
                0x08007a94                        . = ALIGN (0x4)
                0x08007a94                        PROVIDE (__init_array_start = .)
 *(SORT_BY_NAME(.init_array.*))
 *(.init_array*)
 .init_array    0x08007a94        0x4 C:/ST/STM32CubeIDE_1.16.1/STM32CubeIDE/plugins/com.st.stm32cube.ide.mcu.externaltools.gnu-tools-for-stm32.12.3.rel1.win32_1.0.200.202406191623/tools/bin/../lib/gcc/arm-none-eabi/12.3.1/thumb/v7e-m+fp/hard/crtbegin.o
                0x08007a98                        PROVIDE (__init_array_end = .)
                0x08007a98                        . = ALIGN (0x4)

.fini_array     0x08007a98        0x4
                0x08007a98                        . = ALIGN (0x4)
                [!provide]                        PROVIDE (__fini_array_start = .)
 *(SORT_BY_NAME(.fini_array.*))
 *(.fini_array*)
 .fini_array    0x08007a98        0x4 C:/ST/STM32CubeIDE_1.16.1/STM32CubeIDE/plugins/com.st.stm32cube.ide.mcu.externaltools.gnu-tools-for-stm32.12.3.rel1.win32_1.0.200.202406191623/tools/bin/../lib/gcc/arm-none-eabi/12.3.1/thumb/v7e-m+fp/hard/crtbegin.o
                [!provide]                        PROVIDE (__fini_array_end = .)
                0x08007a9c                        . = ALIGN (0x4)
                0x08007a9c                        _sidata = LOADADDR (.data)

.data           0x20000000       0x7c load address 0x08007a9c
                0x20000000                        . = ALIGN (0x4)
                0x20000000                        _sdata = .
 *(.data)
 *(.data*)
 .data.SystemCoreClock
                0x20000000        0x4 ./Core/Src/system_stm32f4xx.o
                0x20000000                SystemCoreClock
 .data.uwTickPrio
                0x20000004        0x4 ./Drivers/STM32F4xx_HAL_Driver/Src/stm32f4xx_hal.o
                0x20000004                uwTickPrio
 .data.uwTickFreq
                0x20000008        0x1 ./Drivers/STM32F4xx_HAL_Driver/Src/stm32f4xx_hal.o
                0x20000008                uwTickFreq
 *fill*         0x20000009        0x3 
 .data.MIDI_Class
                0x2000000c       0x20 ./Drivers/USBH_midi_class/Src/usbh_MIDI.o
                0x2000000c                MIDI_Class
 .data._impure_ptr
                0x2000002c        0x4 C:/ST/STM32CubeIDE_1.16.1/STM32CubeIDE/plugins/com.st.stm32cube.ide.mcu.externaltools.gnu-tools-for-stm32.12.3.rel1.win32_1.0.200.202406191623/tools/bin/../lib/gcc/arm-none-eabi/12.3.1/../../../../arm-none-eabi/lib/thumb/v7e-m+fp/hard\libc_nano.a(libc_a-impure.o)
                0x2000002c                _impure_ptr
 .data._impure_data
                0x20000030       0x4c C:/ST/STM32CubeIDE_1.16.1/STM32CubeIDE/plugins/com.st.stm32cube.ide.mcu.externaltools.gnu-tools-for-stm32.12.3.rel1.win32_1.0.200.202406191623/tools/bin/../lib/gcc/arm-none-eabi/12.3.1/../../../../arm-none-eabi/lib/thumb/v7e-m+fp/hard\libc_nano.a(libc_a-impure.o)
                0x20000030                _impure_data
                0x2000007c                        . = ALIGN (0x4)
                0x2000007c                        _edata = .

.igot.plt       0x2000007c        0x0 load address 0x08007b18
 .igot.plt      0x2000007c        0x0 C:/ST/STM32CubeIDE_1.16.1/STM32CubeIDE/plugins/com.st.stm32cube.ide.mcu.externaltools.gnu-tools-for-stm32.12.3.rel1.win32_1.0.200.202406191623/tools/bin/../lib/gcc/arm-none-eabi/12.3.1/thumb/v7e-m+fp/hard/crtbegin.o
                0x2000007c                        . = ALIGN (0x4)

.bss            0x2000007c      0x8a0 load address 0x08007b18
                0x2000007c                        _sbss = .
                0x2000007c                        __bss_start__ = _sbss
 *(.bss)
 .bss           0x2000007c       0x1c C:/ST/STM32CubeIDE_1.16.1/STM32CubeIDE/plugins/com.st.stm32cube.ide.mcu.externaltools.gnu-tools-for-stm32.12.3.rel1.win32_1.0.200.202406191623/tools/bin/../lib/gcc/arm-none-eabi/12.3.1/thumb/v7e-m+fp/hard/crtbegin.o
 *(.bss*)
 .bss.uwTick    0x20000098        0x4 ./Drivers/STM32F4xx_HAL_Driver/Src/stm32f4xx_hal.o
                0x20000098                uwTick
 .bss.tmpreg.0  0x2000009c        0x4 ./Drivers/STM32F4xx_HAL_Driver/Src/stm32f4xx_ll_usb.o
 .bss.MIDI_RX_Buffer
                0x200000a0       0x40 ./USB_HOST/App/usb_host.o
 .bss.hUsbHostFS
                0x200000e0      0x3d8 ./USB_HOST/App/usb_host.o
                0x200000e0                hUsbHostFS
 .bss.Appli_state
                0x200004b8        0x1 ./USB_HOST/App/usb_host.o
                0x200004b8                Appli_state
 *fill*         0x200004b9        0x3 
 .bss.huart2    0x200004bc       0x40 ./USB_HOST/App/usb_host.o
                0x200004bc                huart2
 .bss.report    0x200004fc       0x10 ./USB_HOST/App/usb_host.o
                0x200004fc                report
 .bss.hhcd_USB_OTG_FS
                0x2000050c      0x2c4 ./USB_HOST/Target/usbh_conf.o
                0x2000050c                hhcd_USB_OTG_FS
 .bss.__malloc_sbrk_start
                0x200007d0        0x4 C:/ST/STM32CubeIDE_1.16.1/STM32CubeIDE/plugins/com.st.stm32cube.ide.mcu.externaltools.gnu-tools-for-stm32.12.3.rel1.win32_1.0.200.202406191623/tools/bin/../lib/gcc/arm-none-eabi/12.3.1/../../../../arm-none-eabi/lib/thumb/v7e-m+fp/hard\libc_nano.a(libc_a-mallocr.o)
                0x200007d0                __malloc_sbrk_start
 .bss.__malloc_free_list
                0x200007d4        0x4 C:/ST/STM32CubeIDE_1.16.1/STM32CubeIDE/plugins/com.st.stm32cube.ide.mcu.externaltools.gnu-tools-for-stm32.12.3.rel1.win32_1.0.200.202406191623/tools/bin/../lib/gcc/arm-none-eabi/12.3.1/../../../../arm-none-eabi/lib/thumb/v7e-m+fp/hard\libc_nano.a(libc_a-mallocr.o)
                0x200007d4                __malloc_free_list
 .bss.__sf      0x200007d8      0x138 C:/ST/STM32CubeIDE_1.16.1/STM32CubeIDE/plugins/com.st.stm32cube.ide.mcu.externaltools.gnu-tools-for-stm32.12.3.rel1.win32_1.0.200.202406191623/tools/bin/../lib/gcc/arm-none-eabi/12.3.1/../../../../arm-none-eabi/lib/thumb/v7e-m+fp/hard\libc_nano.a(libc_a-findfp.o)
                0x200007d8                __sf
 .bss.errno     0x20000910        0x4 C:/ST/STM32CubeIDE_1.16.1/STM32CubeIDE/plugins/com.st.stm32cube.ide.mcu.externaltools.gnu-tools-for-stm32.12.3.rel1.win32_1.0.200.202406191623/tools/bin/../lib/gcc/arm-none-eabi/12.3.1/../../../../arm-none-eabi/lib/thumb/v7e-m+fp/hard\libc_nano.a(libc_a-reent.o)
                0x20000910                errno
 .bss.__lock___malloc_recursive_mutex
                0x20000914        0x1 C:/ST/STM32CubeIDE_1.16.1/STM32CubeIDE/plugins/com.st.stm32cube.ide.mcu.externaltools.gnu-tools-for-stm32.12.3.rel1.win32_1.0.200.202406191623/tools/bin/../lib/gcc/arm-none-eabi/12.3.1/../../../../arm-none-eabi/lib/thumb/v7e-m+fp/hard\libc_nano.a(libc_a-lock.o)
                0x20000914                __lock___malloc_recursive_mutex
 *fill*         0x20000915        0x3 
 .bss.heap_end.0
                0x20000918        0x4 C:/ST/STM32CubeIDE_1.16.1/STM32CubeIDE/plugins/com.st.stm32cube.ide.mcu.externaltools.gnu-tools-for-stm32.12.3.rel1.win32_1.0.200.202406191623/tools/bin/../lib/gcc/arm-none-eabi/12.3.1/../../../../arm-none-eabi/lib/thumb/v7e-m+fp/hard\libnosys.a(sbrk.o)
 *(COMMON)
                0x2000091c                        . = ALIGN (0x4)
                0x2000091c                        _ebss = .
                0x2000091c                        __bss_end__ = _ebss

._user_heap_stack
                0x2000091c      0x604 load address 0x08007b18
                0x20000920                        . = ALIGN (0x8)
 *fill*         0x2000091c        0x4 
                0x20000920                        PROVIDE (end = .)
                [!provide]                        PROVIDE (_end = .)
                0x20000b20                        . = (. + _Min_Heap_Size)
 *fill*         0x20000920      0x200 
                0x20000f20                        . = (. + _Min_Stack_Size)
 *fill*         0x20000b20      0x400 
                0x20000f20                        . = ALIGN (0x8)

/DISCARD/
 libc.a(*)
 libm.a(*)
 libgcc.a(*)

.ARM.attributes
                0x00000000       0x30
 *(.ARM.attributes)
 .ARM.attributes
                0x00000000       0x22 C:/ST/STM32CubeIDE_1.16.1/STM32CubeIDE/plugins/com.st.stm32cube.ide.mcu.externaltools.gnu-tools-for-stm32.12.3.rel1.win32_1.0.200.202406191623/tools/bin/../lib/gcc/arm-none-eabi/12.3.1/thumb/v7e-m+fp/hard/crti.o
 .ARM.attributes
                0x00000022       0x34 C:/ST/STM32CubeIDE_1.16.1/STM32CubeIDE/plugins/com.st.stm32cube.ide.mcu.externaltools.gnu-tools-for-stm32.12.3.rel1.win32_1.0.200.202406191623/tools/bin/../lib/gcc/arm-none-eabi/12.3.1/thumb/v7e-m+fp/hard/crtbegin.o
 .ARM.attributes
                0x00000056       0x34 ./Core/Src/main.o
 .ARM.attributes
                0x0000008a       0x34 ./Core/Src/stm32f4xx_hal_msp.o
 .ARM.attributes
                0x000000be       0x34 ./Core/Src/stm32f4xx_it.o
 .ARM.attributes
                0x000000f2       0x34 ./Core/Src/system_stm32f4xx.o
 .ARM.attributes
                0x00000126       0x21 ./Core/Startup/startup_stm32f407vgtx.o
 .ARM.attributes
                0x00000147       0x34 ./Drivers/STM32F4xx_HAL_Driver/Src/stm32f4xx_hal.o
 .ARM.attributes
                0x0000017b       0x34 ./Drivers/STM32F4xx_HAL_Driver/Src/stm32f4xx_hal_cortex.o
 .ARM.attributes
                0x000001af       0x34 ./Drivers/STM32F4xx_HAL_Driver/Src/stm32f4xx_hal_gpio.o
 .ARM.attributes
                0x000001e3       0x34 ./Drivers/STM32F4xx_HAL_Driver/Src/stm32f4xx_hal_hcd.o
 .ARM.attributes
                0x00000217       0x34 ./Drivers/STM32F4xx_HAL_Driver/Src/stm32f4xx_hal_rcc.o
 .ARM.attributes
                0x0000024b       0x34 ./Drivers/STM32F4xx_HAL_Driver/Src/stm32f4xx_hal_uart.o
 .ARM.attributes
                0x0000027f       0x34 ./Drivers/STM32F4xx_HAL_Driver/Src/stm32f4xx_ll_usb.o
 .ARM.attributes
                0x000002b3       0x34 ./Drivers/USBH_midi_class/Src/usbh_MIDI.o
 .ARM.attributes
                0x000002e7       0x34 ./Middlewares/ST/STM32_USB_Host_Library/Core/Src/usbh_core.o
 .ARM.attributes
                0x0000031b       0x34 ./Middlewares/ST/STM32_USB_Host_Library/Core/Src/usbh_ctlreq.o
 .ARM.attributes
                0x0000034f       0x34 ./Middlewares/ST/STM32_USB_Host_Library/Core/Src/usbh_ioreq.o
 .ARM.attributes
                0x00000383       0x34 ./Middlewares/ST/STM32_USB_Host_Library/Core/Src/usbh_pipes.o
 .ARM.attributes
                0x000003b7       0x34 ./USB_HOST/App/usb_host.o
 .ARM.attributes
                0x000003eb       0x34 ./USB_HOST/Target/usbh_conf.o
 .ARM.attributes
                0x0000041f       0x34 ./USB_HOST/Target/usbh_platform.o
 .ARM.attributes
                0x00000453       0x34 C:/ST/STM32CubeIDE_1.16.1/STM32CubeIDE/plugins/com.st.stm32cube.ide.mcu.externaltools.gnu-tools-for-stm32.12.3.rel1.win32_1.0.200.202406191623/tools/bin/../lib/gcc/arm-none-eabi/12.3.1/../../../../arm-none-eabi/lib/thumb/v7e-m+fp/hard\libc_nano.a(libc_a-malloc.o)
 .ARM.attributes
                0x00000487       0x34 C:/ST/STM32CubeIDE_1.16.1/STM32CubeIDE/plugins/com.st.stm32cube.ide.mcu.externaltools.gnu-tools-for-stm32.12.3.rel1.win32_1.0.200.202406191623/tools/bin/../lib/gcc/arm-none-eabi/12.3.1/../../../../arm-none-eabi/lib/thumb/v7e-m+fp/hard\libc_nano.a(libc_a-mallocr.o)
 .ARM.attributes
                0x000004bb       0x34 C:/ST/STM32CubeIDE_1.16.1/STM32CubeIDE/plugins/com.st.stm32cube.ide.mcu.externaltools.gnu-tools-for-stm32.12.3.rel1.win32_1.0.200.202406191623/tools/bin/../lib/gcc/arm-none-eabi/12.3.1/../../../../arm-none-eabi/lib/thumb/v7e-m+fp/hard\libc_nano.a(libc_a-mlock.o)
 .ARM.attributes
                0x000004ef       0x34 C:/ST/STM32CubeIDE_1.16.1/STM32CubeIDE/plugins/com.st.stm32cube.ide.mcu.externaltools.gnu-tools-for-stm32.12.3.rel1.win32_1.0.200.202406191623/tools/bin/../lib/gcc/arm-none-eabi/12.3.1/../../../../arm-none-eabi/lib/thumb/v7e-m+fp/hard\libc_nano.a(libc_a-findfp.o)
 .ARM.attributes
                0x00000523       0x34 C:/ST/STM32CubeIDE_1.16.1/STM32CubeIDE/plugins/com.st.stm32cube.ide.mcu.externaltools.gnu-tools-for-stm32.12.3.rel1.win32_1.0.200.202406191623/tools/bin/../lib/gcc/arm-none-eabi/12.3.1/../../../../arm-none-eabi/lib/thumb/v7e-m+fp/hard\libc_nano.a(libc_a-sprintf.o)
 .ARM.attributes
                0x00000557       0x34 C:/ST/STM32CubeIDE_1.16.1/STM32CubeIDE/plugins/com.st.stm32cube.ide.mcu.externaltools.gnu-tools-for-stm32.12.3.rel1.win32_1.0.200.202406191623/tools/bin/../lib/gcc/arm-none-eabi/12.3.1/../../../../arm-none-eabi/lib/thumb/v7e-m+fp/hard\libc_nano.a(libc_a-memset.o)
 .ARM.attributes
                0x0000058b       0x34 C:/ST/STM32CubeIDE_1.16.1/STM32CubeIDE/plugins/com.st.stm32cube.ide.mcu.externaltools.gnu-tools-for-stm32.12.3.rel1.win32_1.0.200.202406191623/tools/bin/../lib/gcc/arm-none-eabi/12.3.1/../../../../arm-none-eabi/lib/thumb/v7e-m+fp/hard\libc_nano.a(libc_a-reent.o)
 .ARM.attributes
                0x000005bf       0x34 C:/ST/STM32CubeIDE_1.16.1/STM32CubeIDE/plugins/com.st.stm32cube.ide.mcu.externaltools.gnu-tools-for-stm32.12.3.rel1.win32_1.0.200.202406191623/tools/bin/../lib/gcc/arm-none-eabi/12.3.1/../../../../arm-none-eabi/lib/thumb/v7e-m+fp/hard\libc_nano.a(libc_a-impure.o)
 .ARM.attributes
                0x000005f3       0x34 C:/ST/STM32CubeIDE_1.16.1/STM32CubeIDE/plugins/com.st.stm32cube.ide.mcu.externaltools.gnu-tools-for-stm32.12.3.rel1.win32_1.0.200.202406191623/tools/bin/../lib/gcc/arm-none-eabi/12.3.1/../../../../arm-none-eabi/lib/thumb/v7e-m+fp/hard\libc_nano.a(libc_a-sbrkr.o)
 .ARM.attributes
                0x00000627       0x34 C:/ST/STM32CubeIDE_1.16.1/STM32CubeIDE/plugins/com.st.stm32cube.ide.mcu.externaltools.gnu-tools-for-stm32.12.3.rel1.win32_1.0.200.202406191623/tools/bin/../lib/gcc/arm-none-eabi/12.3.1/../../../../arm-none-eabi/lib/thumb/v7e-m+fp/hard\libc_nano.a(libc_a-init.o)
 .ARM.attributes
                0x0000065b       0x34 C:/ST/STM32CubeIDE_1.16.1/STM32CubeIDE/plugins/com.st.stm32cube.ide.mcu.externaltools.gnu-tools-for-stm32.12.3.rel1.win32_1.0.200.202406191623/tools/bin/../lib/gcc/arm-none-eabi/12.3.1/../../../../arm-none-eabi/lib/thumb/v7e-m+fp/hard\libc_nano.a(libc_a-lock.o)
 .ARM.attributes
                0x0000068f       0x17 C:/ST/STM32CubeIDE_1.16.1/STM32CubeIDE/plugins/com.st.stm32cube.ide.mcu.externaltools.gnu-tools-for-stm32.12.3.rel1.win32_1.0.200.202406191623/tools/bin/../lib/gcc/arm-none-eabi/12.3.1/../../../../arm-none-eabi/lib/thumb/v7e-m+fp/hard\libc_nano.a(libc_a-strlen.o)
 .ARM.attributes
                0x000006a6       0x34 C:/ST/STM32CubeIDE_1.16.1/STM32CubeIDE/plugins/com.st.stm32cube.ide.mcu.externaltools.gnu-tools-for-stm32.12.3.rel1.win32_1.0.200.202406191623/tools/bin/../lib/gcc/arm-none-eabi/12.3.1/../../../../arm-none-eabi/lib/thumb/v7e-m+fp/hard\libc_nano.a(libc_a-freer.o)
 .ARM.attributes
                0x000006da       0x34 C:/ST/STM32CubeIDE_1.16.1/STM32CubeIDE/plugins/com.st.stm32cube.ide.mcu.externaltools.gnu-tools-for-stm32.12.3.rel1.win32_1.0.200.202406191623/tools/bin/../lib/gcc/arm-none-eabi/12.3.1/../../../../arm-none-eabi/lib/thumb/v7e-m+fp/hard\libc_nano.a(libc_a-nano-svfprintf.o)
 .ARM.attributes
                0x0000070e       0x34 C:/ST/STM32CubeIDE_1.16.1/STM32CubeIDE/plugins/com.st.stm32cube.ide.mcu.externaltools.gnu-tools-for-stm32.12.3.rel1.win32_1.0.200.202406191623/tools/bin/../lib/gcc/arm-none-eabi/12.3.1/../../../../arm-none-eabi/lib/thumb/v7e-m+fp/hard\libc_nano.a(libc_a-nano-vfprintf_i.o)
 .ARM.attributes
                0x00000742       0x34 C:/ST/STM32CubeIDE_1.16.1/STM32CubeIDE/plugins/com.st.stm32cube.ide.mcu.externaltools.gnu-tools-for-stm32.12.3.rel1.win32_1.0.200.202406191623/tools/bin/../lib/gcc/arm-none-eabi/12.3.1/../../../../arm-none-eabi/lib/thumb/v7e-m+fp/hard\libc_nano.a(libc_a-memmove.o)
 .ARM.attributes
                0x00000776       0x1c C:/ST/STM32CubeIDE_1.16.1/STM32CubeIDE/plugins/com.st.stm32cube.ide.mcu.externaltools.gnu-tools-for-stm32.12.3.rel1.win32_1.0.200.202406191623/tools/bin/../lib/gcc/arm-none-eabi/12.3.1/../../../../arm-none-eabi/lib/thumb/v7e-m+fp/hard\libc_nano.a(libc_a-memchr.o)
 .ARM.attributes
                0x00000792       0x34 C:/ST/STM32CubeIDE_1.16.1/STM32CubeIDE/plugins/com.st.stm32cube.ide.mcu.externaltools.gnu-tools-for-stm32.12.3.rel1.win32_1.0.200.202406191623/tools/bin/../lib/gcc/arm-none-eabi/12.3.1/../../../../arm-none-eabi/lib/thumb/v7e-m+fp/hard\libc_nano.a(libc_a-memcpy-stub.o)
 .ARM.attributes
                0x000007c6       0x34 C:/ST/STM32CubeIDE_1.16.1/STM32CubeIDE/plugins/com.st.stm32cube.ide.mcu.externaltools.gnu-tools-for-stm32.12.3.rel1.win32_1.0.200.202406191623/tools/bin/../lib/gcc/arm-none-eabi/12.3.1/../../../../arm-none-eabi/lib/thumb/v7e-m+fp/hard\libc_nano.a(libc_a-reallocr.o)
 .ARM.attributes
                0x000007fa       0x34 C:/ST/STM32CubeIDE_1.16.1/STM32CubeIDE/plugins/com.st.stm32cube.ide.mcu.externaltools.gnu-tools-for-stm32.12.3.rel1.win32_1.0.200.202406191623/tools/bin/../lib/gcc/arm-none-eabi/12.3.1/../../../../arm-none-eabi/lib/thumb/v7e-m+fp/hard\libc_nano.a(libc_a-msizer.o)
 .ARM.attributes
                0x0000082e       0x22 C:/ST/STM32CubeIDE_1.16.1/STM32CubeIDE/plugins/com.st.stm32cube.ide.mcu.externaltools.gnu-tools-for-stm32.12.3.rel1.win32_1.0.200.202406191623/tools/bin/../lib/gcc/arm-none-eabi/12.3.1/thumb/v7e-m+fp/hard\libgcc.a(_aeabi_uldivmod.o)
 .ARM.attributes
                0x00000850       0x34 C:/ST/STM32CubeIDE_1.16.1/STM32CubeIDE/plugins/com.st.stm32cube.ide.mcu.externaltools.gnu-tools-for-stm32.12.3.rel1.win32_1.0.200.202406191623/tools/bin/../lib/gcc/arm-none-eabi/12.3.1/thumb/v7e-m+fp/hard\libgcc.a(_udivmoddi4.o)
 .ARM.attributes
                0x00000884       0x22 C:/ST/STM32CubeIDE_1.16.1/STM32CubeIDE/plugins/com.st.stm32cube.ide.mcu.externaltools.gnu-tools-for-stm32.12.3.rel1.win32_1.0.200.202406191623/tools/bin/../lib/gcc/arm-none-eabi/12.3.1/thumb/v7e-m+fp/hard\libgcc.a(_dvmd_tls.o)
 .ARM.attributes
                0x000008a6       0x34 C:/ST/STM32CubeIDE_1.16.1/STM32CubeIDE/plugins/com.st.stm32cube.ide.mcu.externaltools.gnu-tools-for-stm32.12.3.rel1.win32_1.0.200.202406191623/tools/bin/../lib/gcc/arm-none-eabi/12.3.1/../../../../arm-none-eabi/lib/thumb/v7e-m+fp/hard\libnosys.a(sbrk.o)
 .ARM.attributes
                0x000008da       0x22 C:/ST/STM32CubeIDE_1.16.1/STM32CubeIDE/plugins/com.st.stm32cube.ide.mcu.externaltools.gnu-tools-for-stm32.12.3.rel1.win32_1.0.200.202406191623/tools/bin/../lib/gcc/arm-none-eabi/12.3.1/thumb/v7e-m+fp/hard/crtn.o
OUTPUT([STM32F4DISCO] USBMIDI to SERIAL.elf elf32-littlearm)
LOAD linker stubs
LOAD C:/ST/STM32CubeIDE_1.16.1/STM32CubeIDE/plugins/com.st.stm32cube.ide.mcu.externaltools.gnu-tools-for-stm32.12.3.rel1.win32_1.0.200.202406191623/tools/bin/../lib/gcc/arm-none-eabi/12.3.1/../../../../arm-none-eabi/lib/thumb/v7e-m+fp/hard\libc.a
LOAD C:/ST/STM32CubeIDE_1.16.1/STM32CubeIDE/plugins/com.st.stm32cube.ide.mcu.externaltools.gnu-tools-for-stm32.12.3.rel1.win32_1.0.200.202406191623/tools/bin/../lib/gcc/arm-none-eabi/12.3.1/../../../../arm-none-eabi/lib/thumb/v7e-m+fp/hard\libm.a
LOAD C:/ST/STM32CubeIDE_1.16.1/STM32CubeIDE/plugins/com.st.stm32cube.ide.mcu.externaltools.gnu-tools-for-stm32.12.3.rel1.win32_1.0.200.202406191623/tools/bin/../lib/gcc/arm-none-eabi/12.3.1/thumb/v7e-m+fp/hard\libgcc.a

.debug_info     0x00000000     0xf263
 .debug_info    0x00000000      0xb4d ./Core/Src/main.o
 .debug_info    0x00000b4d      0x8b6 ./Core/Src/stm32f4xx_hal_msp.o
 .debug_info    0x00001403      0x62b ./Core/Src/stm32f4xx_it.o
 .debug_info    0x00001a2e      0x512 ./Core/Src/system_stm32f4xx.o
 .debug_info    0x00001f40       0x30 ./Core/Startup/startup_stm32f407vgtx.o
 .debug_info    0x00001f70      0x948 ./Drivers/STM32F4xx_HAL_Driver/Src/stm32f4xx_hal.o
 .debug_info    0x000028b8      0xd46 ./Drivers/STM32F4xx_HAL_Driver/Src/stm32f4xx_hal_cortex.o
 .debug_info    0x000035fe      0x6b4 ./Drivers/STM32F4xx_HAL_Driver/Src/stm32f4xx_hal_gpio.o
 .debug_info    0x00003cb2      0xf6a ./Drivers/STM32F4xx_HAL_Driver/Src/stm32f4xx_hal_hcd.o
 .debug_info    0x00004c1c      0x8b1 ./Drivers/STM32F4xx_HAL_Driver/Src/stm32f4xx_hal_rcc.o
 .debug_info    0x000054cd     0x11fd ./Drivers/STM32F4xx_HAL_Driver/Src/stm32f4xx_hal_uart.o
 .debug_info    0x000066ca     0x1817 ./Drivers/STM32F4xx_HAL_Driver/Src/stm32f4xx_ll_usb.o
 .debug_info    0x00007ee1      0xf93 ./Drivers/USBH_midi_class/Src/usbh_MIDI.o
 .debug_info    0x00008e74      0xf86 ./Middlewares/ST/STM32_USB_Host_Library/Core/Src/usbh_core.o
 .debug_info    0x00009dfa      0xf1f ./Middlewares/ST/STM32_USB_Host_Library/Core/Src/usbh_ctlreq.o
 .debug_info    0x0000ad19      0xc23 ./Middlewares/ST/STM32_USB_Host_Library/Core/Src/usbh_ioreq.o
 .debug_info    0x0000b93c      0xa86 ./Middlewares/ST/STM32_USB_Host_Library/Core/Src/usbh_pipes.o
 .debug_info    0x0000c3c2     0x102c ./USB_HOST/App/usb_host.o
 .debug_info    0x0000d3ee     0x1c74 ./USB_HOST/Target/usbh_conf.o
 .debug_info    0x0000f062      0x201 ./USB_HOST/Target/usbh_platform.o

.debug_abbrev   0x00000000     0x2e4d
 .debug_abbrev  0x00000000      0x22e ./Core/Src/main.o
 .debug_abbrev  0x0000022e      0x1bb ./Core/Src/stm32f4xx_hal_msp.o
 .debug_abbrev  0x000003e9      0x1a4 ./Core/Src/stm32f4xx_it.o
 .debug_abbrev  0x0000058d      0x11a ./Core/Src/system_stm32f4xx.o
 .debug_abbrev  0x000006a7       0x24 ./Core/Startup/startup_stm32f407vgtx.o
 .debug_abbrev  0x000006cb      0x213 ./Drivers/STM32F4xx_HAL_Driver/Src/stm32f4xx_hal.o
 .debug_abbrev  0x000008de      0x327 ./Drivers/STM32F4xx_HAL_Driver/Src/stm32f4xx_hal_cortex.o
 .debug_abbrev  0x00000c05      0x1d4 ./Drivers/STM32F4xx_HAL_Driver/Src/stm32f4xx_hal_gpio.o
 .debug_abbrev  0x00000dd9      0x291 ./Drivers/STM32F4xx_HAL_Driver/Src/stm32f4xx_hal_hcd.o
 .debug_abbrev  0x0000106a      0x2b6 ./Drivers/STM32F4xx_HAL_Driver/Src/stm32f4xx_hal_rcc.o
 .debug_abbrev  0x00001320      0x288 ./Drivers/STM32F4xx_HAL_Driver/Src/stm32f4xx_hal_uart.o
 .debug_abbrev  0x000015a8      0x2aa ./Drivers/STM32F4xx_HAL_Driver/Src/stm32f4xx_ll_usb.o
 .debug_abbrev  0x00001852      0x33d ./Drivers/USBH_midi_class/Src/usbh_MIDI.o
 .debug_abbrev  0x00001b8f      0x355 ./Middlewares/ST/STM32_USB_Host_Library/Core/Src/usbh_core.o
 .debug_abbrev  0x00001ee4      0x2f8 ./Middlewares/ST/STM32_USB_Host_Library/Core/Src/usbh_ctlreq.o
 .debug_abbrev  0x000021dc      0x245 ./Middlewares/ST/STM32_USB_Host_Library/Core/Src/usbh_ioreq.o
 .debug_abbrev  0x00002421      0x281 ./Middlewares/ST/STM32_USB_Host_Library/Core/Src/usbh_pipes.o
 .debug_abbrev  0x000026a2      0x2d5 ./USB_HOST/App/usb_host.o
 .debug_abbrev  0x00002977      0x3c2 ./USB_HOST/Target/usbh_conf.o
 .debug_abbrev  0x00002d39      0x114 ./USB_HOST/Target/usbh_platform.o

.debug_aranges  0x00000000      0xc20
 .debug_aranges
                0x00000000       0x40 ./Core/Src/main.o
 .debug_aranges
                0x00000040       0x30 ./Core/Src/stm32f4xx_hal_msp.o
 .debug_aranges
                0x00000070       0x68 ./Core/Src/stm32f4xx_it.o
 .debug_aranges
                0x000000d8       0x28 ./Core/Src/system_stm32f4xx.o
 .debug_aranges
                0x00000100       0x28 ./Core/Startup/startup_stm32f407vgtx.o
 .debug_aranges
                0x00000128       0xf0 ./Drivers/STM32F4xx_HAL_Driver/Src/stm32f4xx_hal.o
 .debug_aranges
                0x00000218      0x118 ./Drivers/STM32F4xx_HAL_Driver/Src/stm32f4xx_hal_cortex.o
 .debug_aranges
                0x00000330       0x58 ./Drivers/STM32F4xx_HAL_Driver/Src/stm32f4xx_hal_gpio.o
 .debug_aranges
                0x00000388       0xf0 ./Drivers/STM32F4xx_HAL_Driver/Src/stm32f4xx_hal_hcd.o
 .debug_aranges
                0x00000478       0x88 ./Drivers/STM32F4xx_HAL_Driver/Src/stm32f4xx_hal_rcc.o
 .debug_aranges
                0x00000500      0x1d0 ./Drivers/STM32F4xx_HAL_Driver/Src/stm32f4xx_hal_uart.o
 .debug_aranges
                0x000006d0      0x198 ./Drivers/STM32F4xx_HAL_Driver/Src/stm32f4xx_ll_usb.o
 .debug_aranges
                0x00000868       0x80 ./Drivers/USBH_midi_class/Src/usbh_MIDI.o
 .debug_aranges
                0x000008e8       0xc0 ./Middlewares/ST/STM32_USB_Host_Library/Core/Src/usbh_core.o
 .debug_aranges
                0x000009a8       0xa0 ./Middlewares/ST/STM32_USB_Host_Library/Core/Src/usbh_ctlreq.o
 .debug_aranges
                0x00000a48       0x60 ./Middlewares/ST/STM32_USB_Host_Library/Core/Src/usbh_ioreq.o
 .debug_aranges
                0x00000aa8       0x40 ./Middlewares/ST/STM32_USB_Host_Library/Core/Src/usbh_pipes.o
 .debug_aranges
                0x00000ae8       0x40 ./USB_HOST/App/usb_host.o
 .debug_aranges
                0x00000b28       0xd8 ./USB_HOST/Target/usbh_conf.o
 .debug_aranges
                0x00000c00       0x20 ./USB_HOST/Target/usbh_platform.o

.debug_rnglists
                0x00000000      0x8ff
 .debug_rnglists
                0x00000000       0x2d ./Core/Src/main.o
 .debug_rnglists
                0x0000002d       0x20 ./Core/Src/stm32f4xx_hal_msp.o
 .debug_rnglists
                0x0000004d       0x49 ./Core/Src/stm32f4xx_it.o
 .debug_rnglists
                0x00000096       0x1a ./Core/Src/system_stm32f4xx.o
 .debug_rnglists
                0x000000b0       0x19 ./Core/Startup/startup_stm32f407vgtx.o
 .debug_rnglists
                0x000000c9       0xaf ./Drivers/STM32F4xx_HAL_Driver/Src/stm32f4xx_hal.o
 .debug_rnglists
                0x00000178       0xce ./Drivers/STM32F4xx_HAL_Driver/Src/stm32f4xx_hal_cortex.o
 .debug_rnglists
                0x00000246       0x3f ./Drivers/STM32F4xx_HAL_Driver/Src/stm32f4xx_hal_gpio.o
 .debug_rnglists
                0x00000285       0xb7 ./Drivers/STM32F4xx_HAL_Driver/Src/stm32f4xx_hal_hcd.o
 .debug_rnglists
                0x0000033c       0x66 ./Drivers/STM32F4xx_HAL_Driver/Src/stm32f4xx_hal_rcc.o
 .debug_rnglists
                0x000003a2      0x170 ./Drivers/STM32F4xx_HAL_Driver/Src/stm32f4xx_hal_uart.o
 .debug_rnglists
                0x00000512      0x13f ./Drivers/STM32F4xx_HAL_Driver/Src/stm32f4xx_ll_usb.o
 .debug_rnglists
                0x00000651       0x5f ./Drivers/USBH_midi_class/Src/usbh_MIDI.o
 .debug_rnglists
                0x000006b0       0x8f ./Middlewares/ST/STM32_USB_Host_Library/Core/Src/usbh_core.o
 .debug_rnglists
                0x0000073f       0x76 ./Middlewares/ST/STM32_USB_Host_Library/Core/Src/usbh_ctlreq.o
 .debug_rnglists
                0x000007b5       0x43 ./Middlewares/ST/STM32_USB_Host_Library/Core/Src/usbh_ioreq.o
 .debug_rnglists
                0x000007f8       0x2b ./Middlewares/ST/STM32_USB_Host_Library/Core/Src/usbh_pipes.o
 .debug_rnglists
                0x00000823       0x2b ./USB_HOST/App/usb_host.o
 .debug_rnglists
                0x0000084e       0x9e ./USB_HOST/Target/usbh_conf.o
 .debug_rnglists
                0x000008ec       0x13 ./USB_HOST/Target/usbh_platform.o

.debug_macro    0x00000000    0x224a3
 .debug_macro   0x00000000      0x38e ./Core/Src/main.o
 .debug_macro   0x0000038e      0xab4 ./Core/Src/main.o
 .debug_macro   0x00000e42      0x18a ./Core/Src/main.o
 .debug_macro   0x00000fcc       0x2e ./Core/Src/main.o
 .debug_macro   0x00000ffa       0x2f ./Core/Src/main.o
 .debug_macro   0x00001029       0x22 ./Core/Src/main.o
 .debug_macro   0x0000104b       0x8e ./Core/Src/main.o
 .debug_macro   0x000010d9       0x51 ./Core/Src/main.o
 .debug_macro   0x0000112a      0x103 ./Core/Src/main.o
 .debug_macro   0x0000122d       0x6a ./Core/Src/main.o
 .debug_macro   0x00001297      0x1df ./Core/Src/main.o
 .debug_macro   0x00001476       0x1c ./Core/Src/main.o
 .debug_macro   0x00001492       0x22 ./Core/Src/main.o
 .debug_macro   0x000014b4       0xd9 ./Core/Src/main.o
 .debug_macro   0x0000158d     0x102d ./Core/Src/main.o
 .debug_macro   0x000025ba      0x11f ./Core/Src/main.o
 .debug_macro   0x000026d9    0x15e3c ./Core/Src/main.o
 .debug_macro   0x00018515       0x43 ./Core/Src/main.o
 .debug_macro   0x00018558     0x3659 ./Core/Src/main.o
 .debug_macro   0x0001bbb1      0x189 ./Core/Src/main.o
 .debug_macro   0x0001bd3a       0x5a ./Core/Src/main.o
 .debug_macro   0x0001bd94      0x96b ./Core/Src/main.o
 .debug_macro   0x0001c6ff      0x9fe ./Core/Src/main.o
 .debug_macro   0x0001d0fd      0x174 ./Core/Src/main.o
 .debug_macro   0x0001d271      0x117 ./Core/Src/main.o
 .debug_macro   0x0001d388      0x13e ./Core/Src/main.o
 .debug_macro   0x0001d4c6       0x27 ./Core/Src/main.o
 .debug_macro   0x0001d4ed      0x287 ./Core/Src/main.o
 .debug_macro   0x0001d774       0x5f ./Core/Src/main.o
 .debug_macro   0x0001d7d3      0x236 ./Core/Src/main.o
 .debug_macro   0x0001da09      0x12c ./Core/Src/main.o
 .debug_macro   0x0001db35      0x21e ./Core/Src/main.o
 .debug_macro   0x0001dd53       0x2e ./Core/Src/main.o
 .debug_macro   0x0001dd81      0x11a ./Core/Src/main.o
 .debug_macro   0x0001de9b       0x7e ./Core/Src/main.o
 .debug_macro   0x0001df19       0x89 ./Core/Src/main.o
 .debug_macro   0x0001dfa2      0x287 ./Core/Src/main.o
 .debug_macro   0x0001e229      0x21e ./Core/Src/main.o
 .debug_macro   0x0001e447       0x68 ./Core/Src/main.o
 .debug_macro   0x0001e4af      0x12d ./Core/Src/main.o
 .debug_macro   0x0001e5dc       0x22 ./Core/Src/main.o
 .debug_macro   0x0001e5fe       0x61 ./Core/Src/main.o
 .debug_macro   0x0001e65f       0x2a ./Core/Src/main.o
 .debug_macro   0x0001e689       0x43 ./Core/Src/main.o
 .debug_macro   0x0001e6cc       0x34 ./Core/Src/main.o
 .debug_macro   0x0001e700       0x16 ./Core/Src/main.o
 .debug_macro   0x0001e716       0x35 ./Core/Src/main.o
 .debug_macro   0x0001e74b      0x369 ./Core/Src/main.o
 .debug_macro   0x0001eab4       0x10 ./Core/Src/main.o
 .debug_macro   0x0001eac4       0x16 ./Core/Src/main.o
 .debug_macro   0x0001eada       0x43 ./Core/Src/main.o
 .debug_macro   0x0001eb1d       0x34 ./Core/Src/main.o
 .debug_macro   0x0001eb51       0x10 ./Core/Src/main.o
 .debug_macro   0x0001eb61       0x58 ./Core/Src/main.o
 .debug_macro   0x0001ebb9       0x8e ./Core/Src/main.o
 .debug_macro   0x0001ec47       0x1c ./Core/Src/main.o
 .debug_macro   0x0001ec63      0x177 ./Core/Src/main.o
 .debug_macro   0x0001edda       0x16 ./Core/Src/main.o
 .debug_macro   0x0001edf0       0x16 ./Core/Src/main.o
 .debug_macro   0x0001ee06      0x146 ./Core/Src/main.o
 .debug_macro   0x0001ef4c       0x16 ./Core/Src/main.o
 .debug_macro   0x0001ef62       0x16 ./Core/Src/main.o
 .debug_macro   0x0001ef78       0x29 ./Core/Src/main.o
 .debug_macro   0x0001efa1       0x16 ./Core/Src/main.o
 .debug_macro   0x0001efb7       0x20 ./Core/Src/main.o
 .debug_macro   0x0001efd7       0x73 ./Core/Src/main.o
 .debug_macro   0x0001f04a      0x218 ./Core/Src/main.o
 .debug_macro   0x0001f262       0x2e ./Core/Src/main.o
 .debug_macro   0x0001f290       0x2e ./Core/Src/main.o
 .debug_macro   0x0001f2be       0x28 ./Core/Src/main.o
 .debug_macro   0x0001f2e6       0x40 ./Core/Src/main.o
 .debug_macro   0x0001f326      0x1dd ./Core/Src/stm32f4xx_hal_msp.o
 .debug_macro   0x0001f503      0x1e7 ./Core/Src/stm32f4xx_it.o
 .debug_macro   0x0001f6ea      0x1d9 ./Core/Src/system_stm32f4xx.o
 .debug_macro   0x0001f8c3      0x233 ./Drivers/STM32F4xx_HAL_Driver/Src/stm32f4xx_hal.o
 .debug_macro   0x0001faf6      0x1d3 ./Drivers/STM32F4xx_HAL_Driver/Src/stm32f4xx_hal_cortex.o
 .debug_macro   0x0001fcc9      0x209 ./Drivers/STM32F4xx_HAL_Driver/Src/stm32f4xx_hal_gpio.o
 .debug_macro   0x0001fed2      0x1d3 ./Drivers/STM32F4xx_HAL_Driver/Src/stm32f4xx_hal_hcd.o
 .debug_macro   0x000200a5      0x1f7 ./Drivers/STM32F4xx_HAL_Driver/Src/stm32f4xx_hal_rcc.o
 .debug_macro   0x0002029c      0x1d4 ./Drivers/STM32F4xx_HAL_Driver/Src/stm32f4xx_hal_uart.o
 .debug_macro   0x00020470      0x1d3 ./Drivers/STM32F4xx_HAL_Driver/Src/stm32f4xx_ll_usb.o
 .debug_macro   0x00020643      0x36f ./Drivers/USBH_midi_class/Src/usbh_MIDI.o
 .debug_macro   0x000209b2       0x9e ./Drivers/USBH_midi_class/Src/usbh_MIDI.o
 .debug_macro   0x00020a50      0x10b ./Drivers/USBH_midi_class/Src/usbh_MIDI.o
 .debug_macro   0x00020b5b       0x54 ./Drivers/USBH_midi_class/Src/usbh_MIDI.o
 .debug_macro   0x00020baf      0x372 ./Middlewares/ST/STM32_USB_Host_Library/Core/Src/usbh_core.o
 .debug_macro   0x00020f21      0x36a ./Middlewares/ST/STM32_USB_Host_Library/Core/Src/usbh_ctlreq.o
 .debug_macro   0x0002128b       0x28 ./Middlewares/ST/STM32_USB_Host_Library/Core/Src/usbh_ctlreq.o
 .debug_macro   0x000212b3      0x364 ./Middlewares/ST/STM32_USB_Host_Library/Core/Src/usbh_ioreq.o
 .debug_macro   0x00021617      0x364 ./Middlewares/ST/STM32_USB_Host_Library/Core/Src/usbh_pipes.o
 .debug_macro   0x0002197b      0x3be ./USB_HOST/App/usb_host.o
 .debug_macro   0x00021d39      0x38c ./USB_HOST/Target/usbh_conf.o
 .debug_macro   0x000220c5       0x46 ./USB_HOST/Target/usbh_conf.o
 .debug_macro   0x0002210b      0x398 ./USB_HOST/Target/usbh_platform.o

.debug_line     0x00000000     0xfe27
 .debug_line    0x00000000      0xafd ./Core/Src/main.o
 .debug_line    0x00000afd      0x799 ./Core/Src/stm32f4xx_hal_msp.o
 .debug_line    0x00001296      0x81f ./Core/Src/stm32f4xx_it.o
 .debug_line    0x00001ab5      0x7d5 ./Core/Src/system_stm32f4xx.o
 .debug_line    0x0000228a       0x77 ./Core/Startup/startup_stm32f407vgtx.o
 .debug_line    0x00002301      0xa38 ./Drivers/STM32F4xx_HAL_Driver/Src/stm32f4xx_hal.o
 .debug_line    0x00002d39      0xce5 ./Drivers/STM32F4xx_HAL_Driver/Src/stm32f4xx_hal_cortex.o
 .debug_line    0x00003a1e      0xbd8 ./Drivers/STM32F4xx_HAL_Driver/Src/stm32f4xx_hal_gpio.o
 .debug_line    0x000045f6     0x11ae ./Drivers/STM32F4xx_HAL_Driver/Src/stm32f4xx_hal_hcd.o
 .debug_line    0x000057a4      0xd94 ./Drivers/STM32F4xx_HAL_Driver/Src/stm32f4xx_hal_rcc.o
 .debug_line    0x00006538     0x1860 ./Drivers/STM32F4xx_HAL_Driver/Src/stm32f4xx_hal_uart.o
 .debug_line    0x00007d98     0x1ad5 ./Drivers/STM32F4xx_HAL_Driver/Src/stm32f4xx_ll_usb.o
 .debug_line    0x0000986d      0xd7e ./Drivers/USBH_midi_class/Src/usbh_MIDI.o
 .debug_line    0x0000a5eb     0x1136 ./Middlewares/ST/STM32_USB_Host_Library/Core/Src/usbh_core.o
 .debug_line    0x0000b721      0xee4 ./Middlewares/ST/STM32_USB_Host_Library/Core/Src/usbh_ctlreq.o
 .debug_line    0x0000c605      0xaab ./Middlewares/ST/STM32_USB_Host_Library/Core/Src/usbh_ioreq.o
 .debug_line    0x0000d0b0      0xa58 ./Middlewares/ST/STM32_USB_Host_Library/Core/Src/usbh_pipes.o
 .debug_line    0x0000db08      0xb4b ./USB_HOST/App/usb_host.o
 .debug_line    0x0000e653      0xd96 ./USB_HOST/Target/usbh_conf.o
 .debug_line    0x0000f3e9      0xa3e ./USB_HOST/Target/usbh_platform.o

.debug_str      0x00000000    0xc673d
 .debug_str     0x00000000    0xc1633 ./Core/Src/main.o
                              0xc1934 (size before relaxing)
 .debug_str     0x000c1633       0x83 ./Core/Src/stm32f4xx_hal_msp.o
                              0xbccb1 (size before relaxing)
 .debug_str     0x000c16b6      0x45c ./Core/Src/stm32f4xx_it.o
                              0xbcba9 (size before relaxing)
 .debug_str     0x000c1b12       0xf0 ./Core/Src/system_stm32f4xx.o
                              0xbc887 (size before relaxing)
 .debug_str     0x000c1c02       0x44 ./Core/Startup/startup_stm32f407vgtx.o
                                 0x91 (size before relaxing)
 .debug_str     0x000c1c46      0xaea ./Drivers/STM32F4xx_HAL_Driver/Src/stm32f4xx_hal.o
                              0xbd3f6 (size before relaxing)
 .debug_str     0x000c2730      0x34d ./Drivers/STM32F4xx_HAL_Driver/Src/stm32f4xx_hal_cortex.o
                              0xbd129 (size before relaxing)
 .debug_str     0x000c2a7d      0x1ce ./Drivers/STM32F4xx_HAL_Driver/Src/stm32f4xx_hal_gpio.o
                              0xbca9a (size before relaxing)
 .debug_str     0x000c2c4b      0x4e7 ./Drivers/STM32F4xx_HAL_Driver/Src/stm32f4xx_hal_hcd.o
                              0xbcfed (size before relaxing)
 .debug_str     0x000c3132      0x233 ./Drivers/STM32F4xx_HAL_Driver/Src/stm32f4xx_hal_rcc.o
                              0xbcca6 (size before relaxing)
 .debug_str     0x000c3365      0x554 ./Drivers/STM32F4xx_HAL_Driver/Src/stm32f4xx_hal_uart.o
                              0xbd11e (size before relaxing)
 .debug_str     0x000c38b9      0x4f3 ./Drivers/STM32F4xx_HAL_Driver/Src/stm32f4xx_ll_usb.o
                              0xbd139 (size before relaxing)
 .debug_str     0x000c3dac      0xb5e ./Drivers/USBH_midi_class/Src/usbh_MIDI.o
                              0xc1d2a (size before relaxing)
 .debug_str     0x000c490a      0x31b ./Middlewares/ST/STM32_USB_Host_Library/Core/Src/usbh_core.o
                              0xc1b64 (size before relaxing)
 .debug_str     0x000c4c25      0x1e7 ./Middlewares/ST/STM32_USB_Host_Library/Core/Src/usbh_ctlreq.o
                              0xc1ad9 (size before relaxing)
 .debug_str     0x000c4e0c       0xb2 ./Middlewares/ST/STM32_USB_Host_Library/Core/Src/usbh_ioreq.o
                              0xc190d (size before relaxing)
 .debug_str     0x000c4ebe       0x80 ./Middlewares/ST/STM32_USB_Host_Library/Core/Src/usbh_pipes.o
                              0xc18a3 (size before relaxing)
 .debug_str     0x000c4f3e     0x172f ./USB_HOST/App/usb_host.o
                              0xc3588 (size before relaxing)
 .debug_str     0x000c666d       0xa8 ./USB_HOST/Target/usbh_conf.o
                              0xc2907 (size before relaxing)
 .debug_str     0x000c6715       0x28 ./USB_HOST/Target/usbh_platform.o
                              0xc121e (size before relaxing)

.comment        0x00000000       0x43
 .comment       0x00000000       0x43 ./Core/Src/main.o
                                 0x44 (size before relaxing)
 .comment       0x00000043       0x44 ./Core/Src/stm32f4xx_hal_msp.o
 .comment       0x00000043       0x44 ./Core/Src/stm32f4xx_it.o
 .comment       0x00000043       0x44 ./Core/Src/system_stm32f4xx.o
 .comment       0x00000043       0x44 ./Drivers/STM32F4xx_HAL_Driver/Src/stm32f4xx_hal.o
 .comment       0x00000043       0x44 ./Drivers/STM32F4xx_HAL_Driver/Src/stm32f4xx_hal_cortex.o
 .comment       0x00000043       0x44 ./Drivers/STM32F4xx_HAL_Driver/Src/stm32f4xx_hal_gpio.o
 .comment       0x00000043       0x44 ./Drivers/STM32F4xx_HAL_Driver/Src/stm32f4xx_hal_hcd.o
 .comment       0x00000043       0x44 ./Drivers/STM32F4xx_HAL_Driver/Src/stm32f4xx_hal_rcc.o
 .comment       0x00000043       0x44 ./Drivers/STM32F4xx_HAL_Driver/Src/stm32f4xx_hal_uart.o
 .comment       0x00000043       0x44 ./Drivers/STM32F4xx_HAL_Driver/Src/stm32f4xx_ll_usb.o
 .comment       0x00000043       0x44 ./Drivers/USBH_midi_class/Src/usbh_MIDI.o
 .comment       0x00000043       0x44 ./Middlewares/ST/STM32_USB_Host_Library/Core/Src/usbh_core.o
 .comment       0x00000043       0x44 ./Middlewares/ST/STM32_USB_Host_Library/Core/Src/usbh_ctlreq.o
 .comment       0x00000043       0x44 ./Middlewares/ST/STM32_USB_Host_Library/Core/Src/usbh_ioreq.o
 .comment       0x00000043       0x44 ./Middlewares/ST/STM32_USB_Host_Library/Core/Src/usbh_pipes.o
 .comment       0x00000043       0x44 ./USB_HOST/App/usb_host.o
 .comment       0x00000043       0x44 ./USB_HOST/Target/usbh_conf.o
 .comment       0x00000043       0x44 ./USB_HOST/Target/usbh_platform.o

.debug_frame    0x00000000     0x3654
 .debug_frame   0x00000000       0xb0 ./Core/Src/main.o
 .debug_frame   0x000000b0       0x7c ./Core/Src/stm32f4xx_hal_msp.o
 .debug_frame   0x0000012c      0x128 ./Core/Src/stm32f4xx_it.o
 .debug_frame   0x00000254       0x58 ./Core/Src/system_stm32f4xx.o
 .debug_frame   0x000002ac      0x374 ./Drivers/STM32F4xx_HAL_Driver/Src/stm32f4xx_hal.o
 .debug_frame   0x00000620      0x498 ./Drivers/STM32F4xx_HAL_Driver/Src/stm32f4xx_hal_cortex.o
 .debug_frame   0x00000ab8      0x14c ./Drivers/STM32F4xx_HAL_Driver/Src/stm32f4xx_hal_gpio.o
 .debug_frame   0x00000c04      0x424 ./Drivers/STM32F4xx_HAL_Driver/Src/stm32f4xx_hal_hcd.o
 .debug_frame   0x00001028      0x1f4 ./Drivers/STM32F4xx_HAL_Driver/Src/stm32f4xx_hal_rcc.o
 .debug_frame   0x0000121c      0x844 ./Drivers/STM32F4xx_HAL_Driver/Src/stm32f4xx_hal_uart.o
 .debug_frame   0x00001a60      0x790 ./Drivers/STM32F4xx_HAL_Driver/Src/stm32f4xx_ll_usb.o
 .debug_frame   0x000021f0      0x200 ./Drivers/USBH_midi_class/Src/usbh_MIDI.o
 .debug_frame   0x000023f0      0x338 ./Middlewares/ST/STM32_USB_Host_Library/Core/Src/usbh_core.o
 .debug_frame   0x00002728      0x28c ./Middlewares/ST/STM32_USB_Host_Library/Core/Src/usbh_ctlreq.o
 .debug_frame   0x000029b4      0x154 ./Middlewares/ST/STM32_USB_Host_Library/Core/Src/usbh_ioreq.o
 .debug_frame   0x00002b08       0xcc ./Middlewares/ST/STM32_USB_Host_Library/Core/Src/usbh_pipes.o
 .debug_frame   0x00002bd4       0xb0 ./USB_HOST/App/usb_host.o
 .debug_frame   0x00002c84      0x388 ./USB_HOST/Target/usbh_conf.o
 .debug_frame   0x0000300c       0x34 ./USB_HOST/Target/usbh_platform.o