Archive member included to satisfy reference by file (symbol)

C:/ST/STM32CubeIDE_1.16.1/STM32CubeIDE/plugins/com.st.stm32cube.ide.mcu.externaltools.gnu-tools-for-stm32.12.3.rel1.win32_1.0.200.202406191623/tools/bin/../lib/gcc/arm-none-eabi/12.3.1/../../../../arm-none-eabi/lib/thumb/v7e-m+fp/hard\libc_nano.a(libc_a-exit.o)
                              C:/ST/STM32CubeIDE_1.16.1/STM32CubeIDE/plugins/com.st.stm32cube.ide.mcu.externaltools.gnu-tools-for-stm32.12.3.rel1.win32_1.0.200.202406191623/tools/bin/../lib/gcc/arm-none-eabi/12.3.1/../../../../arm-none-eabi/lib/thumb/v7e-m+fp/hard/crt0.o (exit)
C:/ST/STM32CubeIDE_1.16.1/STM32CubeIDE/plugins/com.st.stm32cube.ide.mcu.externaltools.gnu-tools-for-stm32.12.3.rel1.win32_1.0.200.202406191623/tools/bin/../lib/gcc/arm-none-eabi/12.3.1/../../../../arm-none-eabi/lib/thumb/v7e-m+fp/hard\libc_nano.a(libc_a-malloc.o)
                              ./Drivers/USBH_midi_class/Src/usbh_MIDI.o (malloc)
C:/ST/STM32CubeIDE_1.16.1/STM32CubeIDE/plugins/com.st.stm32cube.ide.mcu.externaltools.gnu-tools-for-stm32.12.3.rel1.win32_1.0.200.202406191623/tools/bin/../lib/gcc/arm-none-eabi/12.3.1/../../../../arm-none-eabi/lib/thumb/v7e-m+fp/hard\libc_nano.a(libc_a-mallocr.o)
                              C:/ST/STM32CubeIDE_1.16.1/STM32CubeIDE/plugins/com.st.stm32cube.ide.mcu.externaltools.gnu-tools-for-stm32.12.3.rel1.win32_1.0.200.202406191623/tools/bin/../lib/gcc/arm-none-eabi/12.3.1/../../../../arm-none-eabi/lib/thumb/v7e-m+fp/hard\libc_nano.a(libc_a-malloc.o) (_malloc_r)
C:/ST/STM32CubeIDE_1.16.1/STM32CubeIDE/plugins/com.st.stm32cube.ide.mcu.externaltools.gnu-tools-for-stm32.12.3.rel1.win32_1.0.200.202406191623/tools/bin/../lib/gcc/arm-none-eabi/12.3.1/../../../../arm-none-eabi/lib/thumb/v7e-m+fp/hard\libc_nano.a(libc_a-mlock.o)
                              C:/ST/STM32CubeIDE_1.16.1/STM32CubeIDE/plugins/com.st.stm32cube.ide.mcu.externaltools.gnu-tools-for-stm32.12.3.rel1.win32_1.0.200.202406191623/tools/bin/../lib/gcc/arm-none-eabi/12.3.1/../../../../arm-none-eabi/lib/thumb/v7e-m+fp/hard\libc_nano.a(libc_a-mallocr.o) (__malloc_lock)
C:/ST/STM32CubeIDE_1.16.1/STM32CubeIDE/plugins/com.st.stm32cube.ide.mcu.externaltools.gnu-tools-for-stm32.12.3.rel1.win32_1.0.200.202406191623/tools/bin/../lib/gcc/arm-none-eabi/12.3.1/../../../../arm-none-eabi/lib/thumb/v7e-m+fp/hard\libc_nano.a(libc_a-findfp.o)
                              C:/ST/STM32CubeIDE_1.16.1/STM32CubeIDE/plugins/com.st.stm32cube.ide.mcu.externaltools.gnu-tools-for-stm32.12.3.rel1.win32_1.0.200.202406191623/tools/bin/../lib/gcc/arm-none-eabi/12.3.1/../../../../arm-none-eabi/lib/thumb/v7e-m+fp/hard\libc_nano.a(libc_a-exit.o) (__stdio_exit_handler)
C:/ST/STM32CubeIDE_1.16.1/STM32CubeIDE/plugins/com.st.stm32cube.ide.mcu.externaltools.gnu-tools-for-stm32.12.3.rel1.win32_1.0.200.202406191623/tools/bin/../lib/gcc/arm-none-eabi/12.3.1/../../../../arm-none-eabi/lib/thumb/v7e-m+fp/hard\libc_nano.a(libc_a-fwalk.o)
                              C:/ST/STM32CubeIDE_1.16.1/STM32CubeIDE/plugins/com.st.stm32cube.ide.mcu.externaltools.gnu-tools-for-stm32.12.3.rel1.win32_1.0.200.202406191623/tools/bin/../lib/gcc/arm-none-eabi/12.3.1/../../../../arm-none-eabi/lib/thumb/v7e-m+fp/hard\libc_nano.a(libc_a-findfp.o) (_fwalk_sglue)
C:/ST/STM32CubeIDE_1.16.1/STM32CubeIDE/plugins/com.st.stm32cube.ide.mcu.externaltools.gnu-tools-for-stm32.12.3.rel1.win32_1.0.200.202406191623/tools/bin/../lib/gcc/arm-none-eabi/12.3.1/../../../../arm-none-eabi/lib/thumb/v7e-m+fp/hard\libc_nano.a(libc_a-sprintf.o)
                              ./USB_HOST/App/usb_host.o (sprintf)
C:/ST/STM32CubeIDE_1.16.1/STM32CubeIDE/plugins/com.st.stm32cube.ide.mcu.externaltools.gnu-tools-for-stm32.12.3.rel1.win32_1.0.200.202406191623/tools/bin/../lib/gcc/arm-none-eabi/12.3.1/../../../../arm-none-eabi/lib/thumb/v7e-m+fp/hard\libc_nano.a(libc_a-stdio.o)
                              C:/ST/STM32CubeIDE_1.16.1/STM32CubeIDE/plugins/com.st.stm32cube.ide.mcu.externaltools.gnu-tools-for-stm32.12.3.rel1.win32_1.0.200.202406191623/tools/bin/../lib/gcc/arm-none-eabi/12.3.1/../../../../arm-none-eabi/lib/thumb/v7e-m+fp/hard\libc_nano.a(libc_a-findfp.o) (__sread)
C:/ST/STM32CubeIDE_1.16.1/STM32CubeIDE/plugins/com.st.stm32cube.ide.mcu.externaltools.gnu-tools-for-stm32.12.3.rel1.win32_1.0.200.202406191623/tools/bin/../lib/gcc/arm-none-eabi/12.3.1/../../../../arm-none-eabi/lib/thumb/v7e-m+fp/hard\libc_nano.a(libc_a-memset.o)
                              C:/ST/STM32CubeIDE_1.16.1/STM32CubeIDE/plugins/com.st.stm32cube.ide.mcu.externaltools.gnu-tools-for-stm32.12.3.rel1.win32_1.0.200.202406191623/tools/bin/../lib/gcc/arm-none-eabi/12.3.1/../../../../arm-none-eabi/lib/thumb/v7e-m+fp/hard/crt0.o (memset)
C:/ST/STM32CubeIDE_1.16.1/STM32CubeIDE/plugins/com.st.stm32cube.ide.mcu.externaltools.gnu-tools-for-stm32.12.3.rel1.win32_1.0.200.202406191623/tools/bin/../lib/gcc/arm-none-eabi/12.3.1/../../../../arm-none-eabi/lib/thumb/v7e-m+fp/hard\libc_nano.a(libc_a-closer.o)
[...]
Memory Configuration

Name             Origin             Length             Attributes
CCMRAM           0x10000000         0x00010000         xrw
RAM              0x20000000         0x00020000         xrw
FLASH            0x08000000         0x00100000         xr
*default*        0x00000000         0xffffffff

Linker script and memory map

LOAD C:/ST/STM32CubeIDE_1.16.1/STM32CubeIDE/plugins/com.st.stm32cube.ide.mcu.externaltools.gnu-tools-for-stm32.12.3.rel1.win32_1.0.200.202406191623/tools/bin/../lib/gcc/arm-none-eabi/12.3.1/thumb/v7e-m+fp/hard/crti.o
LOAD C:/ST/STM32CubeIDE_1.16.1/STM32CubeIDE/plugins/com.st.stm32cube.ide.mcu.externaltools.gnu-tools-for-stm32.12.3.rel1.win32_1.0.200.202406191623/tools/bin/../lib/gcc/arm-none-eabi/12.3.1/thumb/v7e-m+fp/hard/crtbegin.o
LOAD C:/ST/STM32CubeIDE_1.16.1/STM32CubeIDE/plugins/com.st.stm32cube.ide.mcu.externaltools.gnu-tools-for-stm32.12.3.rel1.win32_1.0.200.202406191623/tools/bin/../lib/gcc/arm-none-eabi/12.3.1/../../../../arm-none-eabi/lib/thumb/v7e-m+fp/hard/crt0.o
LOAD ./Core/Src/main.o
LOAD ./Core/Src/stm32f4xx_hal_msp.o
LOAD ./Core/Src/stm32f4xx_it.o
LOAD ./Core/Src/syscalls.o
LOAD ./Core/Src/system_stm32f4xx.o
LOAD ./Core/Startup/startup_stm32f407vgtx.o
LOAD ./Drivers/STM32F4xx_HAL_Driver/Src/stm32f4xx_hal.o
LOAD ./Drivers/STM32F4xx_HAL_Driver/Src/stm32f4xx_hal_cortex.o
LOAD ./Drivers/STM32F4xx_HAL_Driver/Src/stm32f4xx_hal_dma.o
LOAD ./Drivers/STM32F4xx_HAL_Driver/Src/stm32f4xx_hal_dma_ex.o
LOAD ./Drivers/STM32F4xx_HAL_Driver/Src/stm32f4xx_hal_exti.o
LOAD ./Drivers/STM32F4xx_HAL_Driver/Src/stm32f4xx_hal_flash.o
LOAD ./Drivers/STM32F4xx_HAL_Driver/Src/stm32f4xx_hal_flash_ex.o
LOAD ./Drivers/STM32F4xx_HAL_Driver/Src/stm32f4xx_hal_flash_ramfunc.o
LOAD ./Drivers/STM32F4xx_HAL_Driver/Src/stm32f4xx_hal_gpio.o
LOAD ./Drivers/STM32F4xx_HAL_Driver/Src/stm32f4xx_hal_hcd.o
LOAD ./Drivers/STM32F4xx_HAL_Driver/Src/stm32f4xx_hal_pwr.o
LOAD ./Drivers/STM32F4xx_HAL_Driver/Src/stm32f4xx_hal_pwr_ex.o
LOAD ./Drivers/STM32F4xx_HAL_Driver/Src/stm32f4xx_hal_rcc.o
LOAD ./Drivers/STM32F4xx_HAL_Driver/Src/stm32f4xx_hal_rcc_ex.o
LOAD ./Drivers/STM32F4xx_HAL_Driver/Src/stm32f4xx_hal_tim.o
LOAD ./Drivers/STM32F4xx_HAL_Driver/Src/stm32f4xx_hal_tim_ex.o
LOAD ./Drivers/STM32F4xx_HAL_Driver/Src/stm32f4xx_hal_uart.o
LOAD ./Drivers/STM32F4xx_HAL_Driver/Src/stm32f4xx_ll_usb.o
LOAD ./Drivers/USBH_midi_class/Src/usbh_MIDI.o
LOAD ./Middlewares/ST/STM32_USB_Host_Library/Class/HID/Src/usbh_hid.o
LOAD ./Middlewares/ST/STM32_USB_Host_Library/Class/HID/Src/usbh_hid_keybd.o
LOAD ./Middlewares/ST/STM32_USB_Host_Library/Class/HID/Src/usbh_hid_mouse.o
LOAD ./Middlewares/ST/STM32_USB_Host_Library/Class/HID/Src/usbh_hid_parser.o
LOAD ./Middlewares/ST/STM32_USB_Host_Library/Core/Src/usbh_core.o
LOAD ./Middlewares/ST/STM32_USB_Host_Library/Core/Src/usbh_ctlreq.o
LOAD ./Middlewares/ST/STM32_USB_Host_Library/Core/Src/usbh_ioreq.o
LOAD ./Middlewares/ST/STM32_USB_Host_Library/Core/Src/usbh_pipes.o
LOAD ./USB_HOST/App/usb_host.o
LOAD ./USB_HOST/Target/usbh_conf.o
LOAD ./USB_HOST/Target/usbh_platform.o
START GROUP
LOAD C:/ST/STM32CubeIDE_1.16.1/STM32CubeIDE/plugins/com.st.stm32cube.ide.mcu.externaltools.gnu-tools-for-stm32.12.3.rel1.win32_1.0.200.202406191623/tools/bin/../lib/gcc/arm-none-eabi/12.3.1/../../../../arm-none-eabi/lib/thumb/v7e-m+fp/hard\libc_nano.a
LOAD C:/ST/STM32CubeIDE_1.16.1/STM32CubeIDE/plugins/com.st.stm32cube.ide.mcu.externaltools.gnu-tools-for-stm32.12.3.rel1.win32_1.0.200.202406191623/tools/bin/../lib/gcc/arm-none-eabi/12.3.1/../../../../arm-none-eabi/lib/thumb/v7e-m+fp/hard\libm.a
END GROUP
START GROUP
LOAD C:/ST/STM32CubeIDE_1.16.1/STM32CubeIDE/plugins/com.st.stm32cube.ide.mcu.externaltools.gnu-tools-for-stm32.12.3.rel1.win32_1.0.200.202406191623/tools/bin/../lib/gcc/arm-none-eabi/12.3.1/thumb/v7e-m+fp/hard\libgcc.a
LOAD C:/ST/STM32CubeIDE_1.16.1/STM32CubeIDE/plugins/com.st.stm32cube.ide.mcu.externaltools.gnu-tools-for-stm32.12.3.rel1.win32_1.0.200.202406191623/tools/bin/../lib/gcc/arm-none-eabi/12.3.1/../../../../arm-none-eabi/lib/thumb/v7e-m+fp/hard\libc_nano.a
END GROUP
START GROUP
LOAD C:/ST/STM32CubeIDE_1.16.1/STM32CubeIDE/plugins/com.st.stm32cube.ide.mcu.externaltools.gnu-tools-for-stm32.12.3.rel1.win32_1.0.200.202406191623/tools/bin/../lib/gcc/arm-none-eabi/12.3.1/thumb/v7e-m+fp/hard\libgcc.a
LOAD C:/ST/STM32CubeIDE_1.16.1/STM32CubeIDE/plugins/com.st.stm32cube.ide.mcu.externaltools.gnu-tools-for-stm32.12.3.rel1.win32_1.0.200.202406191623/tools/bin/../lib/gcc/arm-none-eabi/12.3.1/../../../../arm-none-eabi/lib/thumb/v7e-m+fp/hard\libc_nano.a
LOAD C:/ST/STM32CubeIDE_1.16.1/STM32CubeIDE/plugins/com.st.stm32cube.ide.mcu.externaltools.gnu-tools-for-stm32.12.3.rel1.win32_1.0.200.202406191623/tools/bin/../lib/gcc/arm-none-eabi/12.3.1/../../../../arm-none-eabi/lib/thumb/v7e-m+fp/hard\libnosys.a
END GROUP
START GROUP
LOAD C:/ST/STM32CubeIDE_1.16.1/STM32CubeIDE/plugins/com.st.stm32cube.ide.mcu.externaltools.gnu-tools-for-stm32.12.3.rel1.win32_1.0.200.202406191623/tools/bin/../lib/gcc/arm-none-eabi/12.3.1/thumb/v7e-m+fp/hard\libgcc.a
LOAD C:/ST/STM32CubeIDE_1.16.1/STM32CubeIDE/plugins/com.st.stm32cube.ide.mcu.externaltools.gnu-tools-for-stm32.12.3.rel1.win32_1.0.200.202406191623/tools/bin/../lib/gcc/arm-none-eabi/12.3.1/../../../../arm-none-eabi/lib/thumb/v7e-m+fp/hard\libc_nano.a
LOAD C:/ST/STM32CubeIDE_1.16.1/STM32CubeIDE/plugins/com.st.stm32cube.ide.mcu.externaltools.gnu-tools-for-stm32.12.3.rel1.win32_1.0.200.202406191623/tools/bin/../lib/gcc/arm-none-eabi/12.3.1/../../../../arm-none-eabi/lib/thumb/v7e-m+fp/hard\libnosys.a
END GROUP
LOAD C:/ST/STM32CubeIDE_1.16.1/STM32CubeIDE/plugins/com.st.stm32cube.ide.mcu.externaltools.gnu-tools-for-stm32.12.3.rel1.win32_1.0.200.202406191623/tools/bin/../lib/gcc/arm-none-eabi/12.3.1/thumb/v7e-m+fp/hard/crtend.o
LOAD C:/ST/STM32CubeIDE_1.16.1/STM32CubeIDE/plugins/com.st.stm32cube.ide.mcu.externaltools.gnu-tools-for-stm32.12.3.rel1.win32_1.0.200.202406191623/tools/bin/../lib/gcc/arm-none-eabi/12.3.1/thumb/v7e-m+fp/hard/crtn.o
                0x20020000                        _estack = (ORIGIN (RAM) + LENGTH (RAM))
                0x00000200                        _Min_Heap_Size = 0x200
                0x00000400                        _Min_Stack_Size = 0x400

.isr_vector     0x08000000      0x188
                0x08000000                        . = ALIGN (0x4)
 *(.isr_vector)
 .isr_vector    0x08000000      0x188 ./Core/Startup/startup_stm32f407vgtx.o
                0x08000000                g_pfnVectors
                0x08000188                        . = ALIGN (0x4)

.text           0x08000190     0x8588
                0x08000190                        . = ALIGN (0x4)
 *(.text)
 .text          0x08000190       0x40 C:/ST/STM32CubeIDE_1.16.1/STM32CubeIDE/plugins/com.st.stm32cube.ide.mcu.externaltools.gnu-tools-for-stm32.12.3.rel1.win32_1.0.200.202406191623/tools/bin/../lib/gcc/arm-none-eabi/12.3.1/thumb/v7e-m+fp/hard/crtbegin.o
 .text          0x080001d0       0x10 C:/ST/STM32CubeIDE_1.16.1/STM32CubeIDE/plugins/com.st.stm32cube.ide.mcu.externaltools.gnu-tools-for-stm32.12.3.rel1.win32_1.0.200.202406191623/tools/bin/../lib/gcc/arm-none-eabi/12.3.1/../../../../arm-none-eabi/lib/thumb/v7e-m+fp/hard\libc_nano.a(libc_a-strlen.o)
                0x080001d0                strlen
 .text          0x080001e0       0xa0 C:/ST/STM32CubeIDE_1.16.1/STM32CubeIDE/plugins/com.st.stm32cube.ide.mcu.externaltools.gnu-tools-for-stm32.12.3.rel1.win32_1.0.200.202406191623/tools/bin/../lib/gcc/arm-none-eabi/12.3.1/../../../../arm-none-eabi/lib/thumb/v7e-m+fp/hard\libc_nano.a(libc_a-memchr.o)
                0x080001e0                memchr
 .text          0x08000280       0x30 C:/ST/STM32CubeIDE_1.16.1/STM32CubeIDE/plugins/com.st.stm32cube.ide.mcu.externaltools.gnu-tools-for-stm32.12.3.rel1.win32_1.0.200.202406191623/tools/bin/../lib/gcc/arm-none-eabi/12.3.1/thumb/v7e-m+fp/hard\libgcc.a(_aeabi_uldivmod.o)
                0x08000280                __aeabi_uldivmod
 .text          0x080002b0      0x2bc C:/ST/STM32CubeIDE_1.16.1/STM32CubeIDE/plugins/com.st.stm32cube.ide.mcu.externaltools.gnu-tools-for-stm32.12.3.rel1.win32_1.0.200.202406191623/tools/bin/../lib/gcc/arm-none-eabi/12.3.1/thumb/v7e-m+fp/hard\libgcc.a(_udivmoddi4.o)
                0x080002b0                __udivmoddi4
 .text          0x0800056c        0x4 C:/ST/STM32CubeIDE_1.16.1/STM32CubeIDE/plugins/com.st.stm32cube.ide.mcu.externaltools.gnu-tools-for-stm32.12.3.rel1.win32_1.0.200.202406191623/tools/bin/../lib/gcc/arm-none-eabi/12.3.1/thumb/v7e-m+fp/hard\libgcc.a(_dvmd_tls.o)
                0x0800056c                __aeabi_idiv0
                0x0800056c                __aeabi_ldiv0
 *(.text*)
 .text.main     0x08000570       0x22 ./Core/Src/main.o
                0x08000570                main
 *fill*         0x08000592        0x2 
 .text.SystemClock_Config
                0x08000594       0xd4 ./Core/Src/main.o
                0x08000594                SystemClock_Config
 .text.MX_USART2_UART_Init
                0x08000668       0x54 ./Core/Src/main.o
 .text.MX_USART6_UART_Init
                0x080006bc       0x54 ./Core/Src/main.o
 .text.MX_GPIO_Init
                0x08000710       0xa0 ./Core/Src/main.o
 .text.Error_Handler
                0x080007b0        0xe ./Core/Src/main.o
                0x080007b0                Error_Handler
 *fill*         0x080007be        0x2 
 .text.HAL_MspInit
                0x080007c0       0x50 ./Core/Src/stm32f4xx_hal_msp.o
                0x080007c0                HAL_MspInit
 .text.HAL_UART_MspInit
                0x08000810       0xfc ./Core/Src/stm32f4xx_hal_msp.o
                0x08000810                HAL_UART_MspInit
 .text.NMI_Handler
                0x0800090c        0xe ./Core/Src/stm32f4xx_it.o
                0x0800090c                NMI_Handler
 .text.HardFault_Handler
                0x0800091a        0x8 ./Core/Src/stm32f4xx_it.o
                0x0800091a                HardFault_Handler
 .text.MemManage_Handler
                0x08000922        0x8 ./Core/Src/stm32f4xx_it.o
                0x08000922                MemManage_Handler
 .text.BusFault_Handler
                0x0800092a        0x8 ./Core/Src/stm32f4xx_it.o
                0x0800092a                BusFault_Handler
 .text.UsageFault_Handler
                0x08000932        0x8 ./Core/Src/stm32f4xx_it.o
                0x08000932                UsageFault_Handler
 .text.SVC_Handler
                0x0800093a        0xe ./Core/Src/stm32f4xx_it.o
                0x0800093a                SVC_Handler
 .text.DebugMon_Handler
                0x08000948        0xe ./Core/Src/stm32f4xx_it.o
                0x08000948                DebugMon_Handler
 .text.PendSV_Handler
                0x08000956        0xe ./Core/Src/stm32f4xx_it.o
                0x08000956                PendSV_Handler
 .text.SysTick_Handler
                0x08000964        0xc ./Core/Src/stm32f4xx_it.o
                0x08000964                SysTick_Handler
 .text.OTG_FS_IRQHandler
                0x08000970       0x14 ./Core/Src/stm32f4xx_it.o
                0x08000970                OTG_FS_IRQHandler
 .text.SystemInit
                0x08000984       0x2c ./Core/Src/system_stm32f4xx.o
                0x08000984                SystemInit
 .text.Reset_Handler
                0x080009b0       0x50 ./Core/Startup/startup_stm32f407vgtx.o
                0x080009b0                Reset_Handler
 .text.Default_Handler
                0x08000a00        0x2 ./Core/Startup/startup_stm32f407vgtx.o
                0x08000a00                RTC_Alarm_IRQHandler
                0x08000a00                HASH_RNG_IRQHandler
                0x08000a00                EXTI2_IRQHandler
                0x08000a00                TIM8_CC_IRQHandler
                0x08000a00                TIM1_CC_IRQHandler
                0x08000a00                DMA2_Stream5_IRQHandler
                0x08000a00                DMA1_Stream5_IRQHandler
                0x08000a00                PVD_IRQHandler
                0x08000a00                SDIO_IRQHandler
                0x08000a00                TAMP_STAMP_IRQHandler
                0x08000a00                CAN2_RX1_IRQHandler
                0x08000a00                EXTI3_IRQHandler
                0x08000a00                TIM8_TRG_COM_TIM14_IRQHandler
                0x08000a00                TIM1_UP_TIM10_IRQHandler
                0x08000a00                TIM8_UP_TIM13_IRQHandler
                0x08000a00                I2C3_ER_IRQHandler
                0x08000a00                EXTI0_IRQHandler
                0x08000a00                I2C2_EV_IRQHandler
                0x08000a00                DMA1_Stream2_IRQHandler
                0x08000a00                CAN1_RX0_IRQHandler
                0x08000a00                FPU_IRQHandler
                0x08000a00                OTG_HS_WKUP_IRQHandler
                0x08000a00                CAN2_SCE_IRQHandler
                0x08000a00                DMA2_Stream2_IRQHandler
                0x08000a00                SPI1_IRQHandler
                0x08000a00                TIM6_DAC_IRQHandler
                0x08000a00                TIM1_BRK_TIM9_IRQHandler
                0x08000a00                DCMI_IRQHandler
                0x08000a00                CAN2_RX0_IRQHandler
                0x08000a00                DMA2_Stream3_IRQHandler
                0x08000a00                USART6_IRQHandler
                0x08000a00                USART3_IRQHandler
                0x08000a00                CAN1_RX1_IRQHandler
                0x08000a00                UART5_IRQHandler
                0x08000a00                DMA2_Stream0_IRQHandler
                0x08000a00                TIM4_IRQHandler
                0x08000a00                I2C1_EV_IRQHandler
                0x08000a00                DMA1_Stream6_IRQHandler
                0x08000a00                DMA1_Stream1_IRQHandler
                0x08000a00                UART4_IRQHandler
                0x08000a00                TIM3_IRQHandler
                0x08000a00                RCC_IRQHandler
                0x08000a00                TIM8_BRK_TIM12_IRQHandler
                0x08000a00                Default_Handler
                0x08000a00                EXTI15_10_IRQHandler
                0x08000a00                ADC_IRQHandler
                0x08000a00                DMA1_Stream7_IRQHandler
                0x08000a00                TIM7_IRQHandler
                0x08000a00                CAN2_TX_IRQHandler
                0x08000a00                TIM5_IRQHandler
                0x08000a00                DMA2_Stream7_IRQHandler
                0x08000a00                I2C3_EV_IRQHandler
                0x08000a00                EXTI9_5_IRQHandler
                0x08000a00                RTC_WKUP_IRQHandler
                0x08000a00                ETH_WKUP_IRQHandler
                0x08000a00                SPI2_IRQHandler
                0x08000a00                OTG_HS_EP1_IN_IRQHandler
                0x08000a00                DMA1_Stream0_IRQHandler
                0x08000a00                CAN1_TX_IRQHandler
                0x08000a00                EXTI4_IRQHandler
                0x08000a00                FSMC_IRQHandler
                0x08000a00                ETH_IRQHandler
                0x08000a00                OTG_HS_EP1_OUT_IRQHandler
                0x08000a00                WWDG_IRQHandler
                0x08000a00                TIM2_IRQHandler
                0x08000a00                OTG_FS_WKUP_IRQHandler
                0x08000a00                TIM1_TRG_COM_TIM11_IRQHandler
                0x08000a00                OTG_HS_IRQHandler
                0x08000a00                EXTI1_IRQHandler
                0x08000a00                USART2_IRQHandler
                0x08000a00                I2C2_ER_IRQHandler
                0x08000a00                DMA2_Stream1_IRQHandler
                0x08000a00                CAN1_SCE_IRQHandler
                0x08000a00                FLASH_IRQHandler
                0x08000a00                DMA2_Stream4_IRQHandler
                0x08000a00                USART1_IRQHandler
                0x08000a00                SPI3_IRQHandler
                0x08000a00                DMA1_Stream4_IRQHandler
                0x08000a00                I2C1_ER_IRQHandler
                0x08000a00                DMA2_Stream6_IRQHandler
                0x08000a00                DMA1_Stream3_IRQHandler
 *fill*         0x08000a02        0x2 
 .text.HAL_Init
                0x08000a04       0x44 ./Drivers/STM32F4xx_HAL_Driver/Src/stm32f4xx_hal.o
                0x08000a04                HAL_Init
 .text.HAL_InitTick
                0x08000a48       0x60 ./Drivers/STM32F4xx_HAL_Driver/Src/stm32f4xx_hal.o
                0x08000a48                HAL_InitTick
 .text.HAL_IncTick
                0x08000aa8       0x28 ./Drivers/STM32F4xx_HAL_Driver/Src/stm32f4xx_hal.o
                0x08000aa8                HAL_IncTick
 .text.HAL_GetTick
                0x08000ad0       0x18 ./Drivers/STM32F4xx_HAL_Driver/Src/stm32f4xx_hal.o
                0x08000ad0                HAL_GetTick
 .text.HAL_Delay
                0x08000ae8       0x48 ./Drivers/STM32F4xx_HAL_Driver/Src/stm32f4xx_hal.o
                0x08000ae8                HAL_Delay
 .text.__NVIC_SetPriorityGrouping
                0x08000b30       0x48 ./Drivers/STM32F4xx_HAL_Driver/Src/stm32f4xx_hal_cortex.o
 .text.__NVIC_GetPriorityGrouping
                0x08000b78       0x1c ./Drivers/STM32F4xx_HAL_Driver/Src/stm32f4xx_hal_cortex.o
 .text.__NVIC_EnableIRQ
                0x08000b94       0x3c ./Drivers/STM32F4xx_HAL_Driver/Src/stm32f4xx_hal_cortex.o
 .text.__NVIC_SetPriority
                0x08000bd0       0x54 ./Drivers/STM32F4xx_HAL_Driver/Src/stm32f4xx_hal_cortex.o
 .text.NVIC_EncodePriority
                0x08000c24       0x66 ./Drivers/STM32F4xx_HAL_Driver/Src/stm32f4xx_hal_cortex.o
 *fill*         0x08000c8a        0x2 
 .text.SysTick_Config
                0x08000c8c       0x44 ./Drivers/STM32F4xx_HAL_Driver/Src/stm32f4xx_hal_cortex.o
 .text.HAL_NVIC_SetPriorityGrouping
                0x08000cd0       0x16 ./Drivers/STM32F4xx_HAL_Driver/Src/stm32f4xx_hal_cortex.o
                0x08000cd0                HAL_NVIC_SetPriorityGrouping
 .text.HAL_NVIC_SetPriority
                0x08000ce6       0x38 ./Drivers/STM32F4xx_HAL_Driver/Src/stm32f4xx_hal_cortex.o
                0x08000ce6                HAL_NVIC_SetPriority
 .text.HAL_NVIC_EnableIRQ
                0x08000d1e       0x1c ./Drivers/STM32F4xx_HAL_Driver/Src/stm32f4xx_hal_cortex.o
                0x08000d1e                HAL_NVIC_EnableIRQ
 .text.HAL_SYSTICK_Config
                0x08000d3a       0x18 ./Drivers/STM32F4xx_HAL_Driver/Src/stm32f4xx_hal_cortex.o
                0x08000d3a                HAL_SYSTICK_Config
 *fill*         0x08000d52        0x2 
 .text.HAL_GPIO_Init
                0x08000d54      0x338 ./Drivers/STM32F4xx_HAL_Driver/Src/stm32f4xx_hal_gpio.o
                0x08000d54                HAL_GPIO_Init
 .text.HAL_GPIO_WritePin
                0x0800108c       0x32 ./Drivers/STM32F4xx_HAL_Driver/Src/stm32f4xx_hal_gpio.o
                0x0800108c                HAL_GPIO_WritePin
 .text.HAL_HCD_Init
                0x080010be       0xce ./Drivers/STM32F4xx_HAL_Driver/Src/stm32f4xx_hal_hcd.o
                0x080010be                HAL_HCD_Init
 .text.HAL_HCD_HC_Init
                0x0800118c      0x170 ./Drivers/STM32F4xx_HAL_Driver/Src/stm32f4xx_hal_hcd.o
                0x0800118c                HAL_HCD_HC_Init
 .text.HAL_HCD_HC_Halt
                0x080012fc       0x46 ./Drivers/STM32F4xx_HAL_Driver/Src/stm32f4xx_hal_hcd.o
                0x080012fc                HAL_HCD_HC_Halt
 *fill*         0x08001342        0x2 
 .text.HAL_HCD_HC_SubmitRequest
                0x08001344      0x33c ./Drivers/STM32F4xx_HAL_Driver/Src/stm32f4xx_hal_hcd.o
                0x08001344                HAL_HCD_HC_SubmitRequest
 .text.HAL_HCD_IRQHandler
                0x08001680      0x220 ./Drivers/STM32F4xx_HAL_Driver/Src/stm32f4xx_hal_hcd.o
                0x08001680                HAL_HCD_IRQHandler
 .text.HAL_HCD_Start
                0x080018a0       0x46 ./Drivers/STM32F4xx_HAL_Driver/Src/stm32f4xx_hal_hcd.o
                0x080018a0                HAL_HCD_Start
 .text.HAL_HCD_Stop
                0x080018e6       0x3a ./Drivers/STM32F4xx_HAL_Driver/Src/stm32f4xx_hal_hcd.o
                0x080018e6                HAL_HCD_Stop
 .text.HAL_HCD_ResetPort
                0x08001920       0x1c ./Drivers/STM32F4xx_HAL_Driver/Src/stm32f4xx_hal_hcd.o
                0x08001920                HAL_HCD_ResetPort
 .text.HAL_HCD_HC_GetURBState
                0x0800193c       0x2a ./Drivers/STM32F4xx_HAL_Driver/Src/stm32f4xx_hal_hcd.o
                0x0800193c                HAL_HCD_HC_GetURBState
 .text.HAL_HCD_HC_GetXferCount
                0x08001966       0x2a ./Drivers/STM32F4xx_HAL_Driver/Src/stm32f4xx_hal_hcd.o
                0x08001966                HAL_HCD_HC_GetXferCount
 .text.HAL_HCD_GetCurrentFrame
                0x08001990       0x1c ./Drivers/STM32F4xx_HAL_Driver/Src/stm32f4xx_hal_hcd.o
                0x08001990                HAL_HCD_GetCurrentFrame
 .text.HAL_HCD_GetCurrentSpeed
                0x080019ac       0x1c ./Drivers/STM32F4xx_HAL_Driver/Src/stm32f4xx_hal_hcd.o
                0x080019ac                HAL_HCD_GetCurrentSpeed
 .text.HAL_HCD_HC_ClearHubInfo
                0x080019c8       0x6a ./Drivers/STM32F4xx_HAL_Driver/Src/stm32f4xx_hal_hcd.o
                0x080019c8                HAL_HCD_HC_ClearHubInfo
 .text.HCD_HC_IN_IRQHandler
                0x08001a32      0xcd2 ./Drivers/STM32F4xx_HAL_Driver/Src/stm32f4xx_hal_hcd.o
 .text.HCD_HC_OUT_IRQHandler
                0x08002704      0x97e ./Drivers/STM32F4xx_HAL_Driver/Src/stm32f4xx_hal_hcd.o
 .text.HCD_RXQLVL_IRQHandler
                0x08003082      0x1be ./Drivers/STM32F4xx_HAL_Driver/Src/stm32f4xx_hal_hcd.o
 .text.HCD_Port_IRQHandler
                0x08003240       0xe6 ./Drivers/STM32F4xx_HAL_Driver/Src/stm32f4xx_hal_hcd.o
 *fill*         0x08003326        0x2 
 .text.HAL_RCC_OscConfig
                0x08003328      0x4f0 ./Drivers/STM32F4xx_HAL_Driver/Src/stm32f4xx_hal_rcc.o
                0x08003328                HAL_RCC_OscConfig
 .text.HAL_RCC_ClockConfig
                0x08003818      0x1cc ./Drivers/STM32F4xx_HAL_Driver/Src/stm32f4xx_hal_rcc.o
                0x08003818                HAL_RCC_ClockConfig
 .text.HAL_RCC_GetSysClockFreq
                0x080039e4      0x20c ./Drivers/STM32F4xx_HAL_Driver/Src/stm32f4xx_hal_rcc.o
                0x080039e4                HAL_RCC_GetSysClockFreq
 .text.HAL_RCC_GetHCLKFreq
                0x08003bf0       0x18 ./Drivers/STM32F4xx_HAL_Driver/Src/stm32f4xx_hal_rcc.o
                0x08003bf0                HAL_RCC_GetHCLKFreq
 .text.HAL_RCC_GetPCLK1Freq
                0x08003c08       0x28 ./Drivers/STM32F4xx_HAL_Driver/Src/stm32f4xx_hal_rcc.o
                0x08003c08                HAL_RCC_GetPCLK1Freq
 .text.HAL_RCC_GetPCLK2Freq
                0x08003c30       0x28 ./Drivers/STM32F4xx_HAL_Driver/Src/stm32f4xx_hal_rcc.o
                0x08003c30                HAL_RCC_GetPCLK2Freq
 .text.HAL_UART_Init
                0x08003c58       0xa0 ./Drivers/STM32F4xx_HAL_Driver/Src/stm32f4xx_hal_uart.o
                0x08003c58                HAL_UART_Init
 .text.HAL_UART_Transmit
                0x08003cf8      0x116 ./Drivers/STM32F4xx_HAL_Driver/Src/stm32f4xx_hal_uart.o
                0x08003cf8                HAL_UART_Transmit
 .text.UART_WaitOnFlagUntilTimeout
                0x08003e0e       0xb2 ./Drivers/STM32F4xx_HAL_Driver/Src/stm32f4xx_hal_uart.o
 .text.UART_EndRxTransfer
                0x08003ec0       0xc6 ./Drivers/STM32F4xx_HAL_Driver/Src/stm32f4xx_hal_uart.o
 *fill*         0x08003f86        0x2 
 .text.UART_SetConfig
                0x08003f88      0x4e8 ./Drivers/STM32F4xx_HAL_Driver/Src/stm32f4xx_hal_uart.o
 .text.USB_CoreInit
                0x08004470       0xc8 ./Drivers/STM32F4xx_HAL_Driver/Src/stm32f4xx_ll_usb.o
                0x08004470                USB_CoreInit
 .text.USB_EnableGlobalInt
                0x08004538       0x22 ./Drivers/STM32F4xx_HAL_Driver/Src/stm32f4xx_ll_usb.o
                0x08004538                USB_EnableGlobalInt
 .text.USB_DisableGlobalInt
                0x0800455a       0x22 ./Drivers/STM32F4xx_HAL_Driver/Src/stm32f4xx_ll_usb.o
                0x0800455a                USB_DisableGlobalInt
 .text.USB_SetCurrentMode
                0x0800457c       0x98 ./Drivers/STM32F4xx_HAL_Driver/Src/stm32f4xx_ll_usb.o
                0x0800457c                USB_SetCurrentMode
 .text.USB_FlushTxFifo
                0x08004614       0x64 ./Drivers/STM32F4xx_HAL_Driver/Src/stm32f4xx_ll_usb.o
                0x08004614                USB_FlushTxFifo
 .text.USB_FlushRxFifo
                0x08004678       0x5c ./Drivers/STM32F4xx_HAL_Driver/Src/stm32f4xx_ll_usb.o
                0x08004678                USB_FlushRxFifo
 .text.USB_WritePacket
                0x080046d4       0x7c ./Drivers/STM32F4xx_HAL_Driver/Src/stm32f4xx_ll_usb.o
                0x080046d4                USB_WritePacket
 .text.USB_ReadPacket
                0x08004750       0xb0 ./Drivers/STM32F4xx_HAL_Driver/Src/stm32f4xx_ll_usb.o
                0x08004750                USB_ReadPacket
 .text.USB_ReadInterrupts
                0x08004800       0x26 ./Drivers/STM32F4xx_HAL_Driver/Src/stm32f4xx_ll_usb.o
                0x08004800                USB_ReadInterrupts
 .text.USB_ReadChInterrupts
                0x08004826       0x42 ./Drivers/STM32F4xx_HAL_Driver/Src/stm32f4xx_ll_usb.o
                0x08004826                USB_ReadChInterrupts
 .text.USB_GetMode
                0x08004868       0x1c ./Drivers/STM32F4xx_HAL_Driver/Src/stm32f4xx_ll_usb.o
                0x08004868                USB_GetMode
 .text.USB_CoreReset
                0x08004884       0x62 ./Drivers/STM32F4xx_HAL_Driver/Src/stm32f4xx_ll_usb.o
 *fill*         0x080048e6        0x2 
 .text.USB_HostInit
                0x080048e8      0x188 ./Drivers/STM32F4xx_HAL_Driver/Src/stm32f4xx_ll_usb.o
                0x080048e8                USB_HostInit
 .text.USB_InitFSLSPClkSel
                0x08004a70       0x7a ./Drivers/STM32F4xx_HAL_Driver/Src/stm32f4xx_ll_usb.o
                0x08004a70                USB_InitFSLSPClkSel
 .text.USB_ResetPort
                0x08004aea       0x54 ./Drivers/STM32F4xx_HAL_Driver/Src/stm32f4xx_ll_usb.o
                0x08004aea                USB_ResetPort
 .text.USB_DriveVbus
                0x08004b3e       0x72 ./Drivers/STM32F4xx_HAL_Driver/Src/stm32f4xx_ll_usb.o
                0x08004b3e                USB_DriveVbus
 .text.USB_GetHostSpeed
                0x08004bb0       0x2e ./Drivers/STM32F4xx_HAL_Driver/Src/stm32f4xx_ll_usb.o
                0x08004bb0                USB_GetHostSpeed
 .text.USB_GetCurrentFrame
                0x08004bde       0x22 ./Drivers/STM32F4xx_HAL_Driver/Src/stm32f4xx_ll_usb.o
                0x08004bde                USB_GetCurrentFrame
 .text.USB_HC_Init
                0x08004c00      0x258 ./Drivers/STM32F4xx_HAL_Driver/Src/stm32f4xx_ll_usb.o
                0x08004c00                USB_HC_Init
 .text.USB_HC_StartXfer
                0x08004e58      0x4f4 ./Drivers/STM32F4xx_HAL_Driver/Src/stm32f4xx_ll_usb.o
                0x08004e58                USB_HC_StartXfer
 .text.USB_HC_ReadInterrupt
                0x0800534c       0x22 ./Drivers/STM32F4xx_HAL_Driver/Src/stm32f4xx_ll_usb.o
                0x0800534c                USB_HC_ReadInterrupt
 .text.USB_HC_Halt
                0x0800536e      0x240 ./Drivers/STM32F4xx_HAL_Driver/Src/stm32f4xx_ll_usb.o
                0x0800536e                USB_HC_Halt
 *fill*         0x080055ae        0x2 
 .text.USB_DoPing
                0x080055b0       0x78 ./Drivers/STM32F4xx_HAL_Driver/Src/stm32f4xx_ll_usb.o
                0x080055b0                USB_DoPing
 .text.USB_StopHost
                0x08005628      0x124 ./Drivers/STM32F4xx_HAL_Driver/Src/stm32f4xx_ll_usb.o
                0x08005628                USB_StopHost
 .text.USBH_MIDI_InterfaceInit
                0x0800574c      0x230 ./Drivers/USBH_midi_class/Src/usbh_MIDI.o
 .text.USBH_MIDI_InterfaceDeInit
                0x0800597c       0x8c ./Drivers/USBH_midi_class/Src/usbh_MIDI.o
 .text.USBH_MIDI_ClassRequest
                0x08005a08       0x1e ./Drivers/USBH_midi_class/Src/usbh_MIDI.o
 .text.USBH_MIDI_Stop
                0x08005a26       0x44 ./Drivers/USBH_midi_class/Src/usbh_MIDI.o
                0x08005a26                USBH_MIDI_Stop
 .text.USBH_MIDI_Process
                0x08005a6a       0x6e ./Drivers/USBH_midi_class/Src/usbh_MIDI.o
 .text.USBH_MIDI_SOFProcess
                0x08005ad8       0x16 ./Drivers/USBH_midi_class/Src/usbh_MIDI.o
 .text.USBH_MIDI_Receive
                0x08005aee       0x56 ./Drivers/USBH_midi_class/Src/usbh_MIDI.o
                0x08005aee                USBH_MIDI_Receive
 .text.MIDI_ProcessTransmission
                0x08005b44       0xe2 ./Drivers/USBH_midi_class/Src/usbh_MIDI.o
 .text.MIDI_ProcessReception
                0x08005c26       0xb4 ./Drivers/USBH_midi_class/Src/usbh_MIDI.o
 .text.USBH_MIDI_TransmitCallback
                0x08005cda       0x14 ./Drivers/USBH_midi_class/Src/usbh_MIDI.o
                0x08005cda                USBH_MIDI_TransmitCallback
 .text.USBH_Init
                0x08005cee       0x74 ./Middlewares/ST/STM32_USB_Host_Library/Core/Src/usbh_core.o
                0x08005cee                USBH_Init
 .text.DeInitStateMachine
                0x08005d62       0xe6 ./Middlewares/ST/STM32_USB_Host_Library/Core/Src/usbh_core.o
 .text.USBH_RegisterClass
                0x08005e48       0x54 ./Middlewares/ST/STM32_USB_Host_Library/Core/Src/usbh_core.o
                0x08005e48                USBH_RegisterClass
 .text.USBH_SelectInterface
                0x08005e9c       0x38 ./Middlewares/ST/STM32_USB_Host_Library/Core/Src/usbh_core.o
                0x08005e9c                USBH_SelectInterface
 .text.USBH_FindInterface
                0x08005ed4       0x8c ./Middlewares/ST/STM32_USB_Host_Library/Core/Src/usbh_core.o
                0x08005ed4                USBH_FindInterface
 .text.USBH_Start
                0x08005f60       0x20 ./Middlewares/ST/STM32_USB_Host_Library/Core/Src/usbh_core.o
                0x08005f60                USBH_Start
 .text.USBH_Process
                0x08005f80      0x3d0 ./Middlewares/ST/STM32_USB_Host_Library/Core/Src/usbh_core.o
                0x08005f80                USBH_Process
 .text.USBH_HandleEnum
                0x08006350      0x3c0 ./Middlewares/ST/STM32_USB_Host_Library/Core/Src/usbh_core.o
 .text.USBH_LL_SetTimer
                0x08006710       0x1e ./Middlewares/ST/STM32_USB_Host_Library/Core/Src/usbh_core.o
                0x08006710                USBH_LL_SetTimer
 .text.USBH_LL_IncTimer
                0x0800672e       0x24 ./Middlewares/ST/STM32_USB_Host_Library/Core/Src/usbh_core.o
                0x0800672e                USBH_LL_IncTimer
 .text.USBH_HandleSof
                0x08006752       0x30 ./Middlewares/ST/STM32_USB_Host_Library/Core/Src/usbh_core.o
 .text.USBH_LL_PortEnabled
                0x08006782       0x1c ./Middlewares/ST/STM32_USB_Host_Library/Core/Src/usbh_core.o
                0x08006782                USBH_LL_PortEnabled
 .text.USBH_LL_PortDisabled
                0x0800679e       0x1c ./Middlewares/ST/STM32_USB_Host_Library/Core/Src/usbh_core.o
                0x0800679e                USBH_LL_PortDisabled
 .text.USBH_LL_Connect
                0x080067ba       0x2e ./Middlewares/ST/STM32_USB_Host_Library/Core/Src/usbh_core.o
                0x080067ba                USBH_LL_Connect
 .text.USBH_LL_Disconnect
                0x080067e8       0x48 ./Middlewares/ST/STM32_USB_Host_Library/Core/Src/usbh_core.o
                0x080067e8                USBH_LL_Disconnect
 .text.USBH_Get_DevDesc
                0x08006830       0x58 ./Middlewares/ST/STM32_USB_Host_Library/Core/Src/usbh_ctlreq.o
                0x08006830                USBH_Get_DevDesc
 .text.USBH_Get_CfgDesc
                0x08006888       0x54 ./Middlewares/ST/STM32_USB_Host_Library/Core/Src/usbh_ctlreq.o
                0x08006888                USBH_Get_CfgDesc
 .text.USBH_Get_StringDesc
                0x080068dc       0x68 ./Middlewares/ST/STM32_USB_Host_Library/Core/Src/usbh_ctlreq.o
                0x080068dc                USBH_Get_StringDesc
 .text.USBH_GetDescriptor
                0x08006944       0x6a ./Middlewares/ST/STM32_USB_Host_Library/Core/Src/usbh_ctlreq.o
                0x08006944                USBH_GetDescriptor
 .text.USBH_SetAddress
                0x080069ae       0x48 ./Middlewares/ST/STM32_USB_Host_Library/Core/Src/usbh_ctlreq.o
                0x080069ae                USBH_SetAddress
 .text.USBH_SetCfg
                0x080069f6       0x46 ./Middlewares/ST/STM32_USB_Host_Library/Core/Src/usbh_ctlreq.o
                0x080069f6                USBH_SetCfg
 .text.USBH_SetFeature
                0x08006a3c       0x48 ./Middlewares/ST/STM32_USB_Host_Library/Core/Src/usbh_ctlreq.o
                0x08006a3c                USBH_SetFeature
 .text.USBH_ClrFeature
                0x08006a84       0x48 ./Middlewares/ST/STM32_USB_Host_Library/Core/Src/usbh_ctlreq.o
                0x08006a84                USBH_ClrFeature
 .text.USBH_ParseDevDesc
                0x08006acc      0x160 ./Middlewares/ST/STM32_USB_Host_Library/Core/Src/usbh_ctlreq.o
 .text.USBH_ParseCfgDesc
                0x08006c2c      0x1f0 ./Middlewares/ST/STM32_USB_Host_Library/Core/Src/usbh_ctlreq.o
 .text.USBH_ParseInterfaceDesc
                0x08006e1c       0x68 ./Middlewares/ST/STM32_USB_Host_Library/Core/Src/usbh_ctlreq.o
 .text.USBH_ParseEPDesc
                0x08006e84      0x1d0 ./Middlewares/ST/STM32_USB_Host_Library/Core/Src/usbh_ctlreq.o
 .text.USBH_ParseStringDesc
                0x08007054       0x66 ./Middlewares/ST/STM32_USB_Host_Library/Core/Src/usbh_ctlreq.o
 .text.USBH_GetNextDesc
                0x080070ba       0x34 ./Middlewares/ST/STM32_USB_Host_Library/Core/Src/usbh_ctlreq.o
                0x080070ba                USBH_GetNextDesc
 .text.USBH_CtlReq
                0x080070ee       0x7a ./Middlewares/ST/STM32_USB_Host_Library/Core/Src/usbh_ctlreq.o
                0x080070ee                USBH_CtlReq
 .text.USBH_HandleControl
                0x08007168      0x2e8 ./Middlewares/ST/STM32_USB_Host_Library/Core/Src/usbh_ctlreq.o
 .text.USBH_CtlSendSetup
                0x08007450       0x34 ./Middlewares/ST/STM32_USB_Host_Library/Core/Src/usbh_ioreq.o
                0x08007450                USBH_CtlSendSetup
 .text.USBH_CtlSendData
                0x08007484       0x4a ./Middlewares/ST/STM32_USB_Host_Library/Core/Src/usbh_ioreq.o
                0x08007484                USBH_CtlSendData
 .text.USBH_CtlReceiveData
                0x080074ce       0x3c ./Middlewares/ST/STM32_USB_Host_Library/Core/Src/usbh_ioreq.o
                0x080074ce                USBH_CtlReceiveData
 .text.USBH_BulkSendData
                0x0800750a       0x4a ./Middlewares/ST/STM32_USB_Host_Library/Core/Src/usbh_ioreq.o
                0x0800750a                USBH_BulkSendData
 .text.USBH_BulkReceiveData
                0x08007554       0x3c ./Middlewares/ST/STM32_USB_Host_Library/Core/Src/usbh_ioreq.o
                0x08007554                USBH_BulkReceiveData
 .text.USBH_OpenPipe
                0x08007590       0x3e ./Middlewares/ST/STM32_USB_Host_Library/Core/Src/usbh_pipes.o
                0x08007590                USBH_OpenPipe
 .text.USBH_ClosePipe
                0x080075ce       0x20 ./Middlewares/ST/STM32_USB_Host_Library/Core/Src/usbh_pipes.o
                0x080075ce                USBH_ClosePipe
 .text.USBH_AllocPipe
                0x080075ee       0x42 ./Middlewares/ST/STM32_USB_Host_Library/Core/Src/usbh_pipes.o
                0x080075ee                USBH_AllocPipe
 .text.USBH_FreePipe
                0x08007630       0x3c ./Middlewares/ST/STM32_USB_Host_Library/Core/Src/usbh_pipes.o
                0x08007630                USBH_FreePipe
 .text.USBH_GetFreePipe
                0x0800766c       0x48 ./Middlewares/ST/STM32_USB_Host_Library/Core/Src/usbh_pipes.o
 .text.MIDI_Application
                0x080076b4       0x40 ./USB_HOST/App/usb_host.o
                0x080076b4                MIDI_Application
 .text.USBH_MIDI_ReceiveCallback
                0x080076f4       0x7c ./USB_HOST/App/usb_host.o
                0x080076f4                USBH_MIDI_ReceiveCallback
 .text.MX_USB_HOST_Init
                0x08007770       0x58 ./USB_HOST/App/usb_host.o
                0x08007770                MX_USB_HOST_Init
 .text.MX_USB_HOST_Process
                0x080077c8       0x14 ./USB_HOST/App/usb_host.o
                0x080077c8                MX_USB_HOST_Process
 .text.USBH_UserProcess
                0x080077dc       0x5c ./USB_HOST/App/usb_host.o
 .text.HAL_HCD_MspInit
                0x08007838       0xc4 ./USB_HOST/Target/usbh_conf.o
                0x08007838                HAL_HCD_MspInit
 .text.HAL_HCD_SOF_Callback
                0x080078fc       0x1c ./USB_HOST/Target/usbh_conf.o
                0x080078fc                HAL_HCD_SOF_Callback
 .text.HAL_HCD_Connect_Callback
                0x08007918       0x1c ./USB_HOST/Target/usbh_conf.o
                0x08007918                HAL_HCD_Connect_Callback
 .text.HAL_HCD_Disconnect_Callback
                0x08007934       0x1c ./USB_HOST/Target/usbh_conf.o
                0x08007934                HAL_HCD_Disconnect_Callback
 .text.HAL_HCD_HC_NotifyURBChange_Callback
                0x08007950       0x1c ./USB_HOST/Target/usbh_conf.o
                0x08007950                HAL_HCD_HC_NotifyURBChange_Callback
 .text.HAL_HCD_PortEnabled_Callback
                0x0800796c       0x1c ./USB_HOST/Target/usbh_conf.o
                0x0800796c                HAL_HCD_PortEnabled_Callback
 .text.HAL_HCD_PortDisabled_Callback
                0x08007988       0x1c ./USB_HOST/Target/usbh_conf.o
                0x08007988                HAL_HCD_PortDisabled_Callback
 .text.USBH_LL_Init
                0x080079a4       0x78 ./USB_HOST/Target/usbh_conf.o
                0x080079a4                USBH_LL_Init
 .text.USBH_LL_Start
                0x08007a1c       0x36 ./USB_HOST/Target/usbh_conf.o
                0x08007a1c                USBH_LL_Start
 .text.USBH_LL_Stop
                0x08007a52       0x36 ./USB_HOST/Target/usbh_conf.o
                0x08007a52                USBH_LL_Stop
 .text.USBH_LL_GetSpeed
                0x08007a88       0x4e ./USB_HOST/Target/usbh_conf.o
                0x08007a88                USBH_LL_GetSpeed
 .text.USBH_LL_ResetPort
                0x08007ad6       0x36 ./USB_HOST/Target/usbh_conf.o
                0x08007ad6                USBH_LL_ResetPort
 .text.USBH_LL_GetLastXferSize
                0x08007b0c       0x26 ./USB_HOST/Target/usbh_conf.o
                0x08007b0c                USBH_LL_GetLastXferSize
 .text.USBH_LL_OpenPipe
                0x08007b32       0x5e ./USB_HOST/Target/usbh_conf.o
                0x08007b32                USBH_LL_OpenPipe
 .text.USBH_LL_ClosePipe
                0x08007b90       0x3e ./USB_HOST/Target/usbh_conf.o
                0x08007b90                USBH_LL_ClosePipe
 .text.USBH_LL_SubmitURB
                0x08007bce       0x62 ./USB_HOST/Target/usbh_conf.o
                0x08007bce                USBH_LL_SubmitURB
 .text.USBH_LL_GetURBState
                0x08007c30       0x26 ./USB_HOST/Target/usbh_conf.o
                0x08007c30                USBH_LL_GetURBState
 .text.USBH_LL_DriverVBUS
                0x08007c56       0x2e ./USB_HOST/Target/usbh_conf.o
                0x08007c56                USBH_LL_DriverVBUS
 .text.USBH_LL_SetToggle
                0x08007c84       0x66 ./USB_HOST/Target/usbh_conf.o
                0x08007c84                USBH_LL_SetToggle
 .text.USBH_Delay
                0x08007cea       0x16 ./USB_HOST/Target/usbh_conf.o
                0x08007cea                USBH_Delay
 .text.USBH_Get_USB_Status
                0x08007d00       0x58 ./USB_HOST/Target/usbh_conf.o
                0x08007d00                USBH_Get_USB_Status
 .text.MX_DriverVbusFS
                0x08007d58       0x38 ./USB_HOST/Target/usbh_platform.o
                0x08007d58                MX_DriverVbusFS
 .text.malloc   0x08007d90       0x10 C:/ST/STM32CubeIDE_1.16.1/STM32CubeIDE/plugins/com.st.stm32cube.ide.mcu.externaltools.gnu-tools-for-stm32.12.3.rel1.win32_1.0.200.202406191623/tools/bin/../lib/gcc/arm-none-eabi/12.3.1/../../../../arm-none-eabi/lib/thumb/v7e-m+fp/hard\libc_nano.a(libc_a-malloc.o)
                0x08007d90                malloc
 .text.free     0x08007da0       0x10 C:/ST/STM32CubeIDE_1.16.1/STM32CubeIDE/plugins/com.st.stm32cube.ide.mcu.externaltools.gnu-tools-for-stm32.12.3.rel1.win32_1.0.200.202406191623/tools/bin/../lib/gcc/arm-none-eabi/12.3.1/../../../../arm-none-eabi/lib/thumb/v7e-m+fp/hard\libc_nano.a(libc_a-malloc.o)
                0x08007da0                free
 .text.sbrk_aligned
                0x08007db0       0x44 C:/ST/STM32CubeIDE_1.16.1/STM32CubeIDE/plugins/com.st.stm32cube.ide.mcu.externaltools.gnu-tools-for-stm32.12.3.rel1.win32_1.0.200.202406191623/tools/bin/../lib/gcc/arm-none-eabi/12.3.1/../../../../arm-none-eabi/lib/thumb/v7e-m+fp/hard\libc_nano.a(libc_a-mallocr.o)
 .text._malloc_r
                0x08007df4      0x100 C:/ST/STM32CubeIDE_1.16.1/STM32CubeIDE/plugins/com.st.stm32cube.ide.mcu.externaltools.gnu-tools-for-stm32.12.3.rel1.win32_1.0.200.202406191623/tools/bin/../lib/gcc/arm-none-eabi/12.3.1/../../../../arm-none-eabi/lib/thumb/v7e-m+fp/hard\libc_nano.a(libc_a-mallocr.o)
                0x08007df4                _malloc_r
 .text.__malloc_lock
                0x08007ef4        0xc C:/ST/STM32CubeIDE_1.16.1/STM32CubeIDE/plugins/com.st.stm32cube.ide.mcu.externaltools.gnu-tools-for-stm32.12.3.rel1.win32_1.0.200.202406191623/tools/bin/../lib/gcc/arm-none-eabi/12.3.1/../../../../arm-none-eabi/lib/thumb/v7e-m+fp/hard\libc_nano.a(libc_a-mlock.o)
                0x08007ef4                __malloc_lock
 .text.__malloc_unlock
                0x08007f00        0xc C:/ST/STM32CubeIDE_1.16.1/STM32CubeIDE/plugins/com.st.stm32cube.ide.mcu.externaltools.gnu-tools-for-stm32.12.3.rel1.win32_1.0.200.202406191623/tools/bin/../lib/gcc/arm-none-eabi/12.3.1/../../../../arm-none-eabi/lib/thumb/v7e-m+fp/hard\libc_nano.a(libc_a-mlock.o)
                0x08007f00                __malloc_unlock
 .text.sprintf  0x08007f0c       0x40 C:/ST/STM32CubeIDE_1.16.1/STM32CubeIDE/plugins/com.st.stm32cube.ide.mcu.externaltools.gnu-tools-for-stm32.12.3.rel1.win32_1.0.200.202406191623/tools/bin/../lib/gcc/arm-none-eabi/12.3.1/../../../../arm-none-eabi/lib/thumb/v7e-m+fp/hard\libc_nano.a(libc_a-sprintf.o)
                0x08007f0c                siprintf
                0x08007f0c                sprintf
 .text.memset   0x08007f4c       0x10 C:/ST/STM32CubeIDE_1.16.1/STM32CubeIDE/plugins/com.st.stm32cube.ide.mcu.externaltools.gnu-tools-for-stm32.12.3.rel1.win32_1.0.200.202406191623/tools/bin/../lib/gcc/arm-none-eabi/12.3.1/../../../../arm-none-eabi/lib/thumb/v7e-m+fp/hard\libc_nano.a(libc_a-memset.o)
                0x08007f4c                memset
 .text._sbrk_r  0x08007f5c       0x20 C:/ST/STM32CubeIDE_1.16.1/STM32CubeIDE/plugins/com.st.stm32cube.ide.mcu.externaltools.gnu-tools-for-stm32.12.3.rel1.win32_1.0.200.202406191623/tools/bin/../lib/gcc/arm-none-eabi/12.3.1/../../../../arm-none-eabi/lib/thumb/v7e-m+fp/hard\libc_nano.a(libc_a-sbrkr.o)
                0x08007f5c                _sbrk_r
 .text.__libc_init_array
                0x08007f7c       0x48 C:/ST/STM32CubeIDE_1.16.1/STM32CubeIDE/plugins/com.st.stm32cube.ide.mcu.externaltools.gnu-tools-for-stm32.12.3.rel1.win32_1.0.200.202406191623/tools/bin/../lib/gcc/arm-none-eabi/12.3.1/../../../../arm-none-eabi/lib/thumb/v7e-m+fp/hard\libc_nano.a(libc_a-init.o)
                0x08007f7c                __libc_init_array
 .text.__retarget_lock_acquire_recursive
                0x08007fc4        0x2 C:/ST/STM32CubeIDE_1.16.1/STM32CubeIDE/plugins/com.st.stm32cube.ide.mcu.externaltools.gnu-tools-for-stm32.12.3.rel1.win32_1.0.200.202406191623/tools/bin/../lib/gcc/arm-none-eabi/12.3.1/../../../../arm-none-eabi/lib/thumb/v7e-m+fp/hard\libc_nano.a(libc_a-lock.o)
                0x08007fc4                __retarget_lock_acquire_recursive
 .text.__retarget_lock_release_recursive
                0x08007fc6        0x2 C:/ST/STM32CubeIDE_1.16.1/STM32CubeIDE/plugins/com.st.stm32cube.ide.mcu.externaltools.gnu-tools-for-stm32.12.3.rel1.win32_1.0.200.202406191623/tools/bin/../lib/gcc/arm-none-eabi/12.3.1/../../../../arm-none-eabi/lib/thumb/v7e-m+fp/hard\libc_nano.a(libc_a-lock.o)
                0x08007fc6                __retarget_lock_release_recursive
 .text._free_r  0x08007fc8       0x94 C:/ST/STM32CubeIDE_1.16.1/STM32CubeIDE/plugins/com.st.stm32cube.ide.mcu.externaltools.gnu-tools-for-stm32.12.3.rel1.win32_1.0.200.202406191623/tools/bin/../lib/gcc/arm-none-eabi/12.3.1/../../../../arm-none-eabi/lib/thumb/v7e-m+fp/hard\libc_nano.a(libc_a-freer.o)
                0x08007fc8                _free_r
 .text.__ssputs_r
                0x0800805c       0xb6 C:/ST/STM32CubeIDE_1.16.1/STM32CubeIDE/plugins/com.st.stm32cube.ide.mcu.externaltools.gnu-tools-for-stm32.12.3.rel1.win32_1.0.200.202406191623/tools/bin/../lib/gcc/arm-none-eabi/12.3.1/../../../../arm-none-eabi/lib/thumb/v7e-m+fp/hard\libc_nano.a(libc_a-nano-svfprintf.o)
                0x0800805c                __ssputs_r
 *fill*         0x08008112        0x2 
 .text._svfprintf_r
                0x08008114      0x1f8 C:/ST/STM32CubeIDE_1.16.1/STM32CubeIDE/plugins/com.st.stm32cube.ide.mcu.externaltools.gnu-tools-for-stm32.12.3.rel1.win32_1.0.200.202406191623/tools/bin/../lib/gcc/arm-none-eabi/12.3.1/../../../../arm-none-eabi/lib/thumb/v7e-m+fp/hard\libc_nano.a(libc_a-nano-svfprintf.o)
                0x08008114                _svfiprintf_r
                0x08008114                _svfprintf_r
 .text._printf_common
                0x0800830c       0xda C:/ST/STM32CubeIDE_1.16.1/STM32CubeIDE/plugins/com.st.stm32cube.ide.mcu.externaltools.gnu-tools-for-stm32.12.3.rel1.win32_1.0.200.202406191623/tools/bin/../lib/gcc/arm-none-eabi/12.3.1/../../../../arm-none-eabi/lib/thumb/v7e-m+fp/hard\libc_nano.a(libc_a-nano-vfprintf_i.o)
                0x0800830c                _printf_common
 *fill*         0x080083e6        0x2 
 .text._printf_i
                0x080083e8      0x240 C:/ST/STM32CubeIDE_1.16.1/STM32CubeIDE/plugins/com.st.stm32cube.ide.mcu.externaltools.gnu-tools-for-stm32.12.3.rel1.win32_1.0.200.202406191623/tools/bin/../lib/gcc/arm-none-eabi/12.3.1/../../../../arm-none-eabi/lib/thumb/v7e-m+fp/hard\libc_nano.a(libc_a-nano-vfprintf_i.o)
                0x080083e8                _printf_i
 .text.memmove  0x08008628       0x34 C:/ST/STM32CubeIDE_1.16.1/STM32CubeIDE/plugins/com.st.stm32cube.ide.mcu.externaltools.gnu-tools-for-stm32.12.3.rel1.win32_1.0.200.202406191623/tools/bin/../lib/gcc/arm-none-eabi/12.3.1/../../../../arm-none-eabi/lib/thumb/v7e-m+fp/hard\libc_nano.a(libc_a-memmove.o)
                0x08008628                memmove
 .text.memcpy   0x0800865c       0x1c C:/ST/STM32CubeIDE_1.16.1/STM32CubeIDE/plugins/com.st.stm32cube.ide.mcu.externaltools.gnu-tools-for-stm32.12.3.rel1.win32_1.0.200.202406191623/tools/bin/../lib/gcc/arm-none-eabi/12.3.1/../../../../arm-none-eabi/lib/thumb/v7e-m+fp/hard\libc_nano.a(libc_a-memcpy-stub.o)
                0x0800865c                memcpy
 .text._realloc_r
                0x08008678       0x5c C:/ST/STM32CubeIDE_1.16.1/STM32CubeIDE/plugins/com.st.stm32cube.ide.mcu.externaltools.gnu-tools-for-stm32.12.3.rel1.win32_1.0.200.202406191623/tools/bin/../lib/gcc/arm-none-eabi/12.3.1/../../../../arm-none-eabi/lib/thumb/v7e-m+fp/hard\libc_nano.a(libc_a-reallocr.o)
                0x08008678                _realloc_r
 .text._malloc_usable_size_r
                0x080086d4       0x10 C:/ST/STM32CubeIDE_1.16.1/STM32CubeIDE/plugins/com.st.stm32cube.ide.mcu.externaltools.gnu-tools-for-stm32.12.3.rel1.win32_1.0.200.202406191623/tools/bin/../lib/gcc/arm-none-eabi/12.3.1/../../../../arm-none-eabi/lib/thumb/v7e-m+fp/hard\libc_nano.a(libc_a-msizer.o)
                0x080086d4                _malloc_usable_size_r
 .text._sbrk    0x080086e4       0x1c C:/ST/STM32CubeIDE_1.16.1/STM32CubeIDE/plugins/com.st.stm32cube.ide.mcu.externaltools.gnu-tools-for-stm32.12.3.rel1.win32_1.0.200.202406191623/tools/bin/../lib/gcc/arm-none-eabi/12.3.1/../../../../arm-none-eabi/lib/thumb/v7e-m+fp/hard\libnosys.a(sbrk.o)
                0x080086e4                _sbrk
 *(.glue_7)
 .glue_7        0x08008700        0x0 linker stubs
 *(.glue_7t)
 .glue_7t       0x08008700        0x0 linker stubs
 *(.eh_frame)
 .eh_frame      0x08008700        0x0 C:/ST/STM32CubeIDE_1.16.1/STM32CubeIDE/plugins/com.st.stm32cube.ide.mcu.externaltools.gnu-tools-for-stm32.12.3.rel1.win32_1.0.200.202406191623/tools/bin/../lib/gcc/arm-none-eabi/12.3.1/thumb/v7e-m+fp/hard/crtbegin.o
 *(.init)
 .init          0x08008700        0x4 C:/ST/STM32CubeIDE_1.16.1/STM32CubeIDE/plugins/com.st.stm32cube.ide.mcu.externaltools.gnu-tools-for-stm32.12.3.rel1.win32_1.0.200.202406191623/tools/bin/../lib/gcc/arm-none-eabi/12.3.1/thumb/v7e-m+fp/hard/crti.o
                0x08008700                _init
 .init          0x08008704        0x8 C:/ST/STM32CubeIDE_1.16.1/STM32CubeIDE/plugins/com.st.stm32cube.ide.mcu.externaltools.gnu-tools-for-stm32.12.3.rel1.win32_1.0.200.202406191623/tools/bin/../lib/gcc/arm-none-eabi/12.3.1/thumb/v7e-m+fp/hard/crtn.o
 *(.fini)
 .fini          0x0800870c        0x4 C:/ST/STM32CubeIDE_1.16.1/STM32CubeIDE/plugins/com.st.stm32cube.ide.mcu.externaltools.gnu-tools-for-stm32.12.3.rel1.win32_1.0.200.202406191623/tools/bin/../lib/gcc/arm-none-eabi/12.3.1/thumb/v7e-m+fp/hard/crti.o
                0x0800870c                _fini
 .fini          0x08008710        0x8 C:/ST/STM32CubeIDE_1.16.1/STM32CubeIDE/plugins/com.st.stm32cube.ide.mcu.externaltools.gnu-tools-for-stm32.12.3.rel1.win32_1.0.200.202406191623/tools/bin/../lib/gcc/arm-none-eabi/12.3.1/thumb/v7e-m+fp/hard/crtn.o
                0x08008718                        . = ALIGN (0x4)
                0x08008718                        _etext = .

.vfp11_veneer   0x08008718        0x0
 .vfp11_veneer  0x08008718        0x0 linker stubs

.v4_bx          0x08008718        0x0
 .v4_bx         0x08008718        0x0 linker stubs

.iplt           0x08008718        0x0
 .iplt          0x08008718        0x0 C:/ST/STM32CubeIDE_1.16.1/STM32CubeIDE/plugins/com.st.stm32cube.ide.mcu.externaltools.gnu-tools-for-stm32.12.3.rel1.win32_1.0.200.202406191623/tools/bin/../lib/gcc/arm-none-eabi/12.3.1/thumb/v7e-m+fp/hard/crtbegin.o

.rodata         0x08008718       0x6c
                0x08008718                        . = ALIGN (0x4)
 *(.rodata)
 .rodata        0x08008718        0x5 ./Drivers/USBH_midi_class/Src/usbh_MIDI.o
 *fill*         0x0800871d        0x3 
 .rodata        0x08008720       0x16 ./USB_HOST/App/usb_host.o
 *(.rodata*)
 *fill*         0x08008736        0x2 
 .rodata.AHBPrescTable
                0x08008738       0x10 ./Core/Src/system_stm32f4xx.o
                0x08008738                AHBPrescTable
 .rodata.APBPrescTable
                0x08008748        0x8 ./Core/Src/system_stm32f4xx.o
                0x08008748                APBPrescTable
 .rodata._svfprintf_r.str1.1
                0x08008750       0x11 C:/ST/STM32CubeIDE_1.16.1/STM32CubeIDE/plugins/com.st.stm32cube.ide.mcu.externaltools.gnu-tools-for-stm32.12.3.rel1.win32_1.0.200.202406191623/tools/bin/../lib/gcc/arm-none-eabi/12.3.1/../../../../arm-none-eabi/lib/thumb/v7e-m+fp/hard\libc_nano.a(libc_a-nano-svfprintf.o)
 .rodata._printf_i.str1.1
                0x08008761       0x22 C:/ST/STM32CubeIDE_1.16.1/STM32CubeIDE/plugins/com.st.stm32cube.ide.mcu.externaltools.gnu-tools-for-stm32.12.3.rel1.win32_1.0.200.202406191623/tools/bin/../lib/gcc/arm-none-eabi/12.3.1/../../../../arm-none-eabi/lib/thumb/v7e-m+fp/hard\libc_nano.a(libc_a-nano-vfprintf_i.o)
                0x08008784                        . = ALIGN (0x4)
 *fill*         0x08008783        0x1 

.ARM.extab      0x08008784        0x0
                0x08008784                        . = ALIGN (0x4)
 *(.ARM.extab* .gnu.linkonce.armextab.*)
                0x08008784                        . = ALIGN (0x4)

.ARM            0x08008784        0x8
                0x08008784                        . = ALIGN (0x4)
                0x08008784                        __exidx_start = .
 *(.ARM.exidx*)
 .ARM.exidx     0x08008784        0x8 C:/ST/STM32CubeIDE_1.16.1/STM32CubeIDE/plugins/com.st.stm32cube.ide.mcu.externaltools.gnu-tools-for-stm32.12.3.rel1.win32_1.0.200.202406191623/tools/bin/../lib/gcc/arm-none-eabi/12.3.1/../../../../arm-none-eabi/lib/thumb/v7e-m+fp/hard\libc_nano.a(libc_a-strlen.o)
 .ARM.exidx     0x0800878c        0x0 C:/ST/STM32CubeIDE_1.16.1/STM32CubeIDE/plugins/com.st.stm32cube.ide.mcu.externaltools.gnu-tools-for-stm32.12.3.rel1.win32_1.0.200.202406191623/tools/bin/../lib/gcc/arm-none-eabi/12.3.1/../../../../arm-none-eabi/lib/thumb/v7e-m+fp/hard\libc_nano.a(libc_a-memchr.o)
                                  0x8 (size before relaxing)
 .ARM.exidx     0x0800878c        0x0 C:/ST/STM32CubeIDE_1.16.1/STM32CubeIDE/plugins/com.st.stm32cube.ide.mcu.externaltools.gnu-tools-for-stm32.12.3.rel1.win32_1.0.200.202406191623/tools/bin/../lib/gcc/arm-none-eabi/12.3.1/thumb/v7e-m+fp/hard\libgcc.a(_udivmoddi4.o)
                                  0x8 (size before relaxing)
                0x0800878c                        __exidx_end = .
                0x0800878c                        . = ALIGN (0x4)

.rel.dyn        0x0800878c        0x0
 .rel.iplt      0x0800878c        0x0 C:/ST/STM32CubeIDE_1.16.1/STM32CubeIDE/plugins/com.st.stm32cube.ide.mcu.externaltools.gnu-tools-for-stm32.12.3.rel1.win32_1.0.200.202406191623/tools/bin/../lib/gcc/arm-none-eabi/12.3.1/thumb/v7e-m+fp/hard/crtbegin.o

.preinit_array  0x0800878c        0x0
                0x0800878c                        . = ALIGN (0x4)
                0x0800878c                        PROVIDE (__preinit_array_start = .)
 *(.preinit_array*)
                0x0800878c                        PROVIDE (__preinit_array_end = .)
                0x0800878c                        . = ALIGN (0x4)

.init_array     0x0800878c        0x4
                0x0800878c                        . = ALIGN (0x4)
                0x0800878c                        PROVIDE (__init_array_start = .)
 *(SORT_BY_NAME(.init_array.*))
 *(.init_array*)
 .init_array    0x0800878c        0x4 C:/ST/STM32CubeIDE_1.16.1/STM32CubeIDE/plugins/com.st.stm32cube.ide.mcu.externaltools.gnu-tools-for-stm32.12.3.rel1.win32_1.0.200.202406191623/tools/bin/../lib/gcc/arm-none-eabi/12.3.1/thumb/v7e-m+fp/hard/crtbegin.o
                0x08008790                        PROVIDE (__init_array_end = .)
                0x08008790                        . = ALIGN (0x4)

.fini_array     0x08008790        0x4
                0x08008790                        . = ALIGN (0x4)
                [!provide]                        PROVIDE (__fini_array_start = .)
 *(SORT_BY_NAME(.fini_array.*))
 *(.fini_array*)
 .fini_array    0x08008790        0x4 C:/ST/STM32CubeIDE_1.16.1/STM32CubeIDE/plugins/com.st.stm32cube.ide.mcu.externaltools.gnu-tools-for-stm32.12.3.rel1.win32_1.0.200.202406191623/tools/bin/../lib/gcc/arm-none-eabi/12.3.1/thumb/v7e-m+fp/hard/crtbegin.o
                [!provide]                        PROVIDE (__fini_array_end = .)
                0x08008794                        . = ALIGN (0x4)
                0x08008794                        _sidata = LOADADDR (.data)

.data           0x20000000       0x7c load address 0x08008794
                0x20000000                        . = ALIGN (0x4)
                0x20000000                        _sdata = .
 *(.data)
 *(.data*)
 .data.SystemCoreClock
                0x20000000        0x4 ./Core/Src/system_stm32f4xx.o
                0x20000000                SystemCoreClock
 .data.uwTickPrio
                0x20000004        0x4 ./Drivers/STM32F4xx_HAL_Driver/Src/stm32f4xx_hal.o
                0x20000004                uwTickPrio
 .data.uwTickFreq
                0x20000008        0x1 ./Drivers/STM32F4xx_HAL_Driver/Src/stm32f4xx_hal.o
                0x20000008                uwTickFreq
 *fill*         0x20000009        0x3 
 .data.MIDI_Class
                0x2000000c       0x20 ./Drivers/USBH_midi_class/Src/usbh_MIDI.o
                0x2000000c                MIDI_Class
 .data._impure_ptr
                0x2000002c        0x4 C:/ST/STM32CubeIDE_1.16.1/STM32CubeIDE/plugins/com.st.stm32cube.ide.mcu.externaltools.gnu-tools-for-stm32.12.3.rel1.win32_1.0.200.202406191623/tools/bin/../lib/gcc/arm-none-eabi/12.3.1/../../../../arm-none-eabi/lib/thumb/v7e-m+fp/hard\libc_nano.a(libc_a-impure.o)
                0x2000002c                _impure_ptr
 .data._impure_data
                0x20000030       0x4c C:/ST/STM32CubeIDE_1.16.1/STM32CubeIDE/plugins/com.st.stm32cube.ide.mcu.externaltools.gnu-tools-for-stm32.12.3.rel1.win32_1.0.200.202406191623/tools/bin/../lib/gcc/arm-none-eabi/12.3.1/../../../../arm-none-eabi/lib/thumb/v7e-m+fp/hard\libc_nano.a(libc_a-impure.o)
                0x20000030                _impure_data
                0x2000007c                        . = ALIGN (0x4)
                0x2000007c                        _edata = .

.igot.plt       0x2000007c        0x0 load address 0x08008810
 .igot.plt      0x2000007c        0x0 C:/ST/STM32CubeIDE_1.16.1/STM32CubeIDE/plugins/com.st.stm32cube.ide.mcu.externaltools.gnu-tools-for-stm32.12.3.rel1.win32_1.0.200.202406191623/tools/bin/../lib/gcc/arm-none-eabi/12.3.1/thumb/v7e-m+fp/hard/crtbegin.o
                0x2000007c                        . = ALIGN (0x4)

.bss            0x2000007c      0xa18 load address 0x08008810
                0x2000007c                        _sbss = .
                0x2000007c                        __bss_start__ = _sbss
 *(.bss)
 .bss           0x2000007c       0x1c C:/ST/STM32CubeIDE_1.16.1/STM32CubeIDE/plugins/com.st.stm32cube.ide.mcu.externaltools.gnu-tools-for-stm32.12.3.rel1.win32_1.0.200.202406191623/tools/bin/../lib/gcc/arm-none-eabi/12.3.1/thumb/v7e-m+fp/hard/crtbegin.o
 *(.bss*)
 .bss.huart2    0x20000098       0x48 ./Core/Src/main.o
                0x20000098                huart2
 .bss.huart6    0x200000e0       0x48 ./Core/Src/main.o
                0x200000e0                huart6
 .bss.uwTick    0x20000128        0x4 ./Drivers/STM32F4xx_HAL_Driver/Src/stm32f4xx_hal.o
                0x20000128                uwTick
 .bss.MIDI_RX_Buffer
                0x2000012c       0x40 ./USB_HOST/App/usb_host.o
 .bss.hUsbHostFS
                0x2000016c      0x3d8 ./USB_HOST/App/usb_host.o
                0x2000016c                hUsbHostFS
 .bss.Appli_state
                0x20000544        0x1 ./USB_HOST/App/usb_host.o
                0x20000544                Appli_state
 *fill*         0x20000545        0x3 
 .bss.buffer    0x20000548       0x1e ./USB_HOST/App/usb_host.o
                0x20000548                buffer
 *fill*         0x20000566        0x2 
 .bss.hhcd_USB_OTG_FS
                0x20000568      0x3e0 ./USB_HOST/Target/usbh_conf.o
                0x20000568                hhcd_USB_OTG_FS
 .bss.__malloc_sbrk_start
                0x20000948        0x4 C:/ST/STM32CubeIDE_1.16.1/STM32CubeIDE/plugins/com.st.stm32cube.ide.mcu.externaltools.gnu-tools-for-stm32.12.3.rel1.win32_1.0.200.202406191623/tools/bin/../lib/gcc/arm-none-eabi/12.3.1/../../../../arm-none-eabi/lib/thumb/v7e-m+fp/hard\libc_nano.a(libc_a-mallocr.o)
                0x20000948                __malloc_sbrk_start
 .bss.__malloc_free_list
                0x2000094c        0x4 C:/ST/STM32CubeIDE_1.16.1/STM32CubeIDE/plugins/com.st.stm32cube.ide.mcu.externaltools.gnu-tools-for-stm32.12.3.rel1.win32_1.0.200.202406191623/tools/bin/../lib/gcc/arm-none-eabi/12.3.1/../../../../arm-none-eabi/lib/thumb/v7e-m+fp/hard\libc_nano.a(libc_a-mallocr.o)
                0x2000094c                __malloc_free_list
 .bss.__sf      0x20000950      0x138 C:/ST/STM32CubeIDE_1.16.1/STM32CubeIDE/plugins/com.st.stm32cube.ide.mcu.externaltools.gnu-tools-for-stm32.12.3.rel1.win32_1.0.200.202406191623/tools/bin/../lib/gcc/arm-none-eabi/12.3.1/../../../../arm-none-eabi/lib/thumb/v7e-m+fp/hard\libc_nano.a(libc_a-findfp.o)
                0x20000950                __sf
 .bss.errno     0x20000a88        0x4 C:/ST/STM32CubeIDE_1.16.1/STM32CubeIDE/plugins/com.st.stm32cube.ide.mcu.externaltools.gnu-tools-for-stm32.12.3.rel1.win32_1.0.200.202406191623/tools/bin/../lib/gcc/arm-none-eabi/12.3.1/../../../../arm-none-eabi/lib/thumb/v7e-m+fp/hard\libc_nano.a(libc_a-reent.o)
                0x20000a88                errno
 .bss.__lock___malloc_recursive_mutex
                0x20000a8c        0x1 C:/ST/STM32CubeIDE_1.16.1/STM32CubeIDE/plugins/com.st.stm32cube.ide.mcu.externaltools.gnu-tools-for-stm32.12.3.rel1.win32_1.0.200.202406191623/tools/bin/../lib/gcc/arm-none-eabi/12.3.1/../../../../arm-none-eabi/lib/thumb/v7e-m+fp/hard\libc_nano.a(libc_a-lock.o)
                0x20000a8c                __lock___malloc_recursive_mutex
 *fill*         0x20000a8d        0x3 
 .bss.heap_end.0
                0x20000a90        0x4 C:/ST/STM32CubeIDE_1.16.1/STM32CubeIDE/plugins/com.st.stm32cube.ide.mcu.externaltools.gnu-tools-for-stm32.12.3.rel1.win32_1.0.200.202406191623/tools/bin/../lib/gcc/arm-none-eabi/12.3.1/../../../../arm-none-eabi/lib/thumb/v7e-m+fp/hard\libnosys.a(sbrk.o)
 *(COMMON)
                0x20000a94                        . = ALIGN (0x4)
                0x20000a94                        _ebss = .
                0x20000a94                        __bss_end__ = _ebss

._user_heap_stack
                0x20000a94      0x604 load address 0x08008810
                0x20000a98                        . = ALIGN (0x8)
 *fill*         0x20000a94        0x4 
                0x20000a98                        PROVIDE (end = .)
                [!provide]                        PROVIDE (_end = .)
                0x20000c98                        . = (. + _Min_Heap_Size)
 *fill*         0x20000a98      0x200 
                0x20001098                        . = (. + _Min_Stack_Size)
 *fill*         0x20000c98      0x400 
                0x20001098                        . = ALIGN (0x8)

/DISCARD/
 libc.a(*)
 libm.a(*)
 libgcc.a(*)

.ARM.attributes
                0x00000000       0x30
 *(.ARM.attributes)
 .ARM.attributes
                0x00000000       0x22 C:/ST/STM32CubeIDE_1.16.1/STM32CubeIDE/plugins/com.st.stm32cube.ide.mcu.externaltools.gnu-tools-for-stm32.12.3.rel1.win32_1.0.200.202406191623/tools/bin/../lib/gcc/arm-none-eabi/12.3.1/thumb/v7e-m+fp/hard/crti.o
 .ARM.attributes
                0x00000022       0x34 C:/ST/STM32CubeIDE_1.16.1/STM32CubeIDE/plugins/com.st.stm32cube.ide.mcu.externaltools.gnu-tools-for-stm32.12.3.rel1.win32_1.0.200.202406191623/tools/bin/../lib/gcc/arm-none-eabi/12.3.1/thumb/v7e-m+fp/hard/crtbegin.o
 .ARM.attributes
                0x00000056       0x34 ./Core/Src/main.o
 .ARM.attributes
                0x0000008a       0x34 ./Core/Src/stm32f4xx_hal_msp.o
 .ARM.attributes
                0x000000be       0x34 ./Core/Src/stm32f4xx_it.o
 .ARM.attributes
                0x000000f2       0x34 ./Core/Src/system_stm32f4xx.o
 .ARM.attributes
                0x00000126       0x21 ./Core/Startup/startup_stm32f407vgtx.o
 .ARM.attributes
                0x00000147       0x34 ./Drivers/STM32F4xx_HAL_Driver/Src/stm32f4xx_hal.o
 .ARM.attributes
                0x0000017b       0x34 ./Drivers/STM32F4xx_HAL_Driver/Src/stm32f4xx_hal_cortex.o
 .ARM.attributes
                0x000001af       0x34 ./Drivers/STM32F4xx_HAL_Driver/Src/stm32f4xx_hal_gpio.o
 .ARM.attributes
                0x000001e3       0x34 ./Drivers/STM32F4xx_HAL_Driver/Src/stm32f4xx_hal_hcd.o
 .ARM.attributes
                0x00000217       0x34 ./Drivers/STM32F4xx_HAL_Driver/Src/stm32f4xx_hal_rcc.o
 .ARM.attributes
                0x0000024b       0x34 ./Drivers/STM32F4xx_HAL_Driver/Src/stm32f4xx_hal_uart.o
 .ARM.attributes
                0x0000027f       0x34 ./Drivers/STM32F4xx_HAL_Driver/Src/stm32f4xx_ll_usb.o
 .ARM.attributes
                0x000002b3       0x34 ./Drivers/USBH_midi_class/Src/usbh_MIDI.o
 .ARM.attributes
                0x000002e7       0x34 ./Middlewares/ST/STM32_USB_Host_Library/Core/Src/usbh_core.o
 .ARM.attributes
                0x0000031b       0x34 ./Middlewares/ST/STM32_USB_Host_Library/Core/Src/usbh_ctlreq.o
 .ARM.attributes
                0x0000034f       0x34 ./Middlewares/ST/STM32_USB_Host_Library/Core/Src/usbh_ioreq.o
 .ARM.attributes
                0x00000383       0x34 ./Middlewares/ST/STM32_USB_Host_Library/Core/Src/usbh_pipes.o
 .ARM.attributes
                0x000003b7       0x34 ./USB_HOST/App/usb_host.o
 .ARM.attributes
                0x000003eb       0x34 ./USB_HOST/Target/usbh_conf.o
 .ARM.attributes
                0x0000041f       0x34 ./USB_HOST/Target/usbh_platform.o
 .ARM.attributes
                0x00000453       0x34 C:/ST/STM32CubeIDE_1.16.1/STM32CubeIDE/plugins/com.st.stm32cube.ide.mcu.externaltools.gnu-tools-for-stm32.12.3.rel1.win32_1.0.200.202406191623/tools/bin/../lib/gcc/arm-none-eabi/12.3.1/../../../../arm-none-eabi/lib/thumb/v7e-m+fp/hard\libc_nano.a(libc_a-malloc.o)
 .ARM.attributes
                0x00000487       0x34 C:/ST/STM32CubeIDE_1.16.1/STM32CubeIDE/plugins/com.st.stm32cube.ide.mcu.externaltools.gnu-tools-for-stm32.12.3.rel1.win32_1.0.200.202406191623/tools/bin/../lib/gcc/arm-none-eabi/12.3.1/../../../../arm-none-eabi/lib/thumb/v7e-m+fp/hard\libc_nano.a(libc_a-mallocr.o)
 .ARM.attributes
                0x000004bb       0x34 C:/ST/STM32CubeIDE_1.16.1/STM32CubeIDE/plugins/com.st.stm32cube.ide.mcu.externaltools.gnu-tools-for-stm32.12.3.rel1.win32_1.0.200.202406191623/tools/bin/../lib/gcc/arm-none-eabi/12.3.1/../../../../arm-none-eabi/lib/thumb/v7e-m+fp/hard\libc_nano.a(libc_a-mlock.o)
 .ARM.attributes
                0x000004ef       0x34 C:/ST/STM32CubeIDE_1.16.1/STM32CubeIDE/plugins/com.st.stm32cube.ide.mcu.externaltools.gnu-tools-for-stm32.12.3.rel1.win32_1.0.200.202406191623/tools/bin/../lib/gcc/arm-none-eabi/12.3.1/../../../../arm-none-eabi/lib/thumb/v7e-m+fp/hard\libc_nano.a(libc_a-findfp.o)
 .ARM.attributes
                0x00000523       0x34 C:/ST/STM32CubeIDE_1.16.1/STM32CubeIDE/plugins/com.st.stm32cube.ide.mcu.externaltools.gnu-tools-for-stm32.12.3.rel1.win32_1.0.200.202406191623/tools/bin/../lib/gcc/arm-none-eabi/12.3.1/../../../../arm-none-eabi/lib/thumb/v7e-m+fp/hard\libc_nano.a(libc_a-sprintf.o)
 .ARM.attributes
                0x00000557       0x34 C:/ST/STM32CubeIDE_1.16.1/STM32CubeIDE/plugins/com.st.stm32cube.ide.mcu.externaltools.gnu-tools-for-stm32.12.3.rel1.win32_1.0.200.202406191623/tools/bin/../lib/gcc/arm-none-eabi/12.3.1/../../../../arm-none-eabi/lib/thumb/v7e-m+fp/hard\libc_nano.a(libc_a-memset.o)
 .ARM.attributes
                0x0000058b       0x34 C:/ST/STM32CubeIDE_1.16.1/STM32CubeIDE/plugins/com.st.stm32cube.ide.mcu.externaltools.gnu-tools-for-stm32.12.3.rel1.win32_1.0.200.202406191623/tools/bin/../lib/gcc/arm-none-eabi/12.3.1/../../../../arm-none-eabi/lib/thumb/v7e-m+fp/hard\libc_nano.a(libc_a-reent.o)
 .ARM.attributes
                0x000005bf       0x34 C:/ST/STM32CubeIDE_1.16.1/STM32CubeIDE/plugins/com.st.stm32cube.ide.mcu.externaltools.gnu-tools-for-stm32.12.3.rel1.win32_1.0.200.202406191623/tools/bin/../lib/gcc/arm-none-eabi/12.3.1/../../../../arm-none-eabi/lib/thumb/v7e-m+fp/hard\libc_nano.a(libc_a-impure.o)
 .ARM.attributes
                0x000005f3       0x34 C:/ST/STM32CubeIDE_1.16.1/STM32CubeIDE/plugins/com.st.stm32cube.ide.mcu.externaltools.gnu-tools-for-stm32.12.3.rel1.win32_1.0.200.202406191623/tools/bin/../lib/gcc/arm-none-eabi/12.3.1/../../../../arm-none-eabi/lib/thumb/v7e-m+fp/hard\libc_nano.a(libc_a-sbrkr.o)
 .ARM.attributes
                0x00000627       0x34 C:/ST/STM32CubeIDE_1.16.1/STM32CubeIDE/plugins/com.st.stm32cube.ide.mcu.externaltools.gnu-tools-for-stm32.12.3.rel1.win32_1.0.200.202406191623/tools/bin/../lib/gcc/arm-none-eabi/12.3.1/../../../../arm-none-eabi/lib/thumb/v7e-m+fp/hard\libc_nano.a(libc_a-init.o)
 .ARM.attributes
                0x0000065b       0x34 C:/ST/STM32CubeIDE_1.16.1/STM32CubeIDE/plugins/com.st.stm32cube.ide.mcu.externaltools.gnu-tools-for-stm32.12.3.rel1.win32_1.0.200.202406191623/tools/bin/../lib/gcc/arm-none-eabi/12.3.1/../../../../arm-none-eabi/lib/thumb/v7e-m+fp/hard\libc_nano.a(libc_a-lock.o)
 .ARM.attributes
                0x0000068f       0x17 C:/ST/STM32CubeIDE_1.16.1/STM32CubeIDE/plugins/com.st.stm32cube.ide.mcu.externaltools.gnu-tools-for-stm32.12.3.rel1.win32_1.0.200.202406191623/tools/bin/../lib/gcc/arm-none-eabi/12.3.1/../../../../arm-none-eabi/lib/thumb/v7e-m+fp/hard\libc_nano.a(libc_a-strlen.o)
 .ARM.attributes
                0x000006a6       0x34 C:/ST/STM32CubeIDE_1.16.1/STM32CubeIDE/plugins/com.st.stm32cube.ide.mcu.externaltools.gnu-tools-for-stm32.12.3.rel1.win32_1.0.200.202406191623/tools/bin/../lib/gcc/arm-none-eabi/12.3.1/../../../../arm-none-eabi/lib/thumb/v7e-m+fp/hard\libc_nano.a(libc_a-freer.o)
 .ARM.attributes
                0x000006da       0x34 C:/ST/STM32CubeIDE_1.16.1/STM32CubeIDE/plugins/com.st.stm32cube.ide.mcu.externaltools.gnu-tools-for-stm32.12.3.rel1.win32_1.0.200.202406191623/tools/bin/../lib/gcc/arm-none-eabi/12.3.1/../../../../arm-none-eabi/lib/thumb/v7e-m+fp/hard\libc_nano.a(libc_a-nano-svfprintf.o)
 .ARM.attributes
                0x0000070e       0x34 C:/ST/STM32CubeIDE_1.16.1/STM32CubeIDE/plugins/com.st.stm32cube.ide.mcu.externaltools.gnu-tools-for-stm32.12.3.rel1.win32_1.0.200.202406191623/tools/bin/../lib/gcc/arm-none-eabi/12.3.1/../../../../arm-none-eabi/lib/thumb/v7e-m+fp/hard\libc_nano.a(libc_a-nano-vfprintf_i.o)
 .ARM.attributes
                0x00000742       0x34 C:/ST/STM32CubeIDE_1.16.1/STM32CubeIDE/plugins/com.st.stm32cube.ide.mcu.externaltools.gnu-tools-for-stm32.12.3.rel1.win32_1.0.200.202406191623/tools/bin/../lib/gcc/arm-none-eabi/12.3.1/../../../../arm-none-eabi/lib/thumb/v7e-m+fp/hard\libc_nano.a(libc_a-memmove.o)
 .ARM.attributes
                0x00000776       0x1c C:/ST/STM32CubeIDE_1.16.1/STM32CubeIDE/plugins/com.st.stm32cube.ide.mcu.externaltools.gnu-tools-for-stm32.12.3.rel1.win32_1.0.200.202406191623/tools/bin/../lib/gcc/arm-none-eabi/12.3.1/../../../../arm-none-eabi/lib/thumb/v7e-m+fp/hard\libc_nano.a(libc_a-memchr.o)
 .ARM.attributes
                0x00000792       0x34 C:/ST/STM32CubeIDE_1.16.1/STM32CubeIDE/plugins/com.st.stm32cube.ide.mcu.externaltools.gnu-tools-for-stm32.12.3.rel1.win32_1.0.200.202406191623/tools/bin/../lib/gcc/arm-none-eabi/12.3.1/../../../../arm-none-eabi/lib/thumb/v7e-m+fp/hard\libc_nano.a(libc_a-memcpy-stub.o)
 .ARM.attributes
                0x000007c6       0x34 C:/ST/STM32CubeIDE_1.16.1/STM32CubeIDE/plugins/com.st.stm32cube.ide.mcu.externaltools.gnu-tools-for-stm32.12.3.rel1.win32_1.0.200.202406191623/tools/bin/../lib/gcc/arm-none-eabi/12.3.1/../../../../arm-none-eabi/lib/thumb/v7e-m+fp/hard\libc_nano.a(libc_a-reallocr.o)
 .ARM.attributes
                0x000007fa       0x34 C:/ST/STM32CubeIDE_1.16.1/STM32CubeIDE/plugins/com.st.stm32cube.ide.mcu.externaltools.gnu-tools-for-stm32.12.3.rel1.win32_1.0.200.202406191623/tools/bin/../lib/gcc/arm-none-eabi/12.3.1/../../../../arm-none-eabi/lib/thumb/v7e-m+fp/hard\libc_nano.a(libc_a-msizer.o)
 .ARM.attributes
                0x0000082e       0x22 C:/ST/STM32CubeIDE_1.16.1/STM32CubeIDE/plugins/com.st.stm32cube.ide.mcu.externaltools.gnu-tools-for-stm32.12.3.rel1.win32_1.0.200.202406191623/tools/bin/../lib/gcc/arm-none-eabi/12.3.1/thumb/v7e-m+fp/hard\libgcc.a(_aeabi_uldivmod.o)
 .ARM.attributes
                0x00000850       0x34 C:/ST/STM32CubeIDE_1.16.1/STM32CubeIDE/plugins/com.st.stm32cube.ide.mcu.externaltools.gnu-tools-for-stm32.12.3.rel1.win32_1.0.200.202406191623/tools/bin/../lib/gcc/arm-none-eabi/12.3.1/thumb/v7e-m+fp/hard\libgcc.a(_udivmoddi4.o)
 .ARM.attributes
                0x00000884       0x22 C:/ST/STM32CubeIDE_1.16.1/STM32CubeIDE/plugins/com.st.stm32cube.ide.mcu.externaltools.gnu-tools-for-stm32.12.3.rel1.win32_1.0.200.202406191623/tools/bin/../lib/gcc/arm-none-eabi/12.3.1/thumb/v7e-m+fp/hard\libgcc.a(_dvmd_tls.o)
 .ARM.attributes
                0x000008a6       0x34 C:/ST/STM32CubeIDE_1.16.1/STM32CubeIDE/plugins/com.st.stm32cube.ide.mcu.externaltools.gnu-tools-for-stm32.12.3.rel1.win32_1.0.200.202406191623/tools/bin/../lib/gcc/arm-none-eabi/12.3.1/../../../../arm-none-eabi/lib/thumb/v7e-m+fp/hard\libnosys.a(sbrk.o)
 .ARM.attributes
                0x000008da       0x22 C:/ST/STM32CubeIDE_1.16.1/STM32CubeIDE/plugins/com.st.stm32cube.ide.mcu.externaltools.gnu-tools-for-stm32.12.3.rel1.win32_1.0.200.202406191623/tools/bin/../lib/gcc/arm-none-eabi/12.3.1/thumb/v7e-m+fp/hard/crtn.o
OUTPUT(USBMIDI_to_SERIAL.elf elf32-littlearm)
LOAD linker stubs
LOAD C:/ST/STM32CubeIDE_1.16.1/STM32CubeIDE/plugins/com.st.stm32cube.ide.mcu.externaltools.gnu-tools-for-stm32.12.3.rel1.win32_1.0.200.202406191623/tools/bin/../lib/gcc/arm-none-eabi/12.3.1/../../../../arm-none-eabi/lib/thumb/v7e-m+fp/hard\libc.a
LOAD C:/ST/STM32CubeIDE_1.16.1/STM32CubeIDE/plugins/com.st.stm32cube.ide.mcu.externaltools.gnu-tools-for-stm32.12.3.rel1.win32_1.0.200.202406191623/tools/bin/../lib/gcc/arm-none-eabi/12.3.1/../../../../arm-none-eabi/lib/thumb/v7e-m+fp/hard\libm.a
LOAD C:/ST/STM32CubeIDE_1.16.1/STM32CubeIDE/plugins/com.st.stm32cube.ide.mcu.externaltools.gnu-tools-for-stm32.12.3.rel1.win32_1.0.200.202406191623/tools/bin/../lib/gcc/arm-none-eabi/12.3.1/thumb/v7e-m+fp/hard\libgcc.a

.debug_info     0x00000000    0x1166c
 .debug_info    0x00000000      0xbaf ./Core/Src/main.o
 .debug_info    0x00000baf      0x934 ./Core/Src/stm32f4xx_hal_msp.o
 .debug_info    0x000014e3      0x6a5 ./Core/Src/stm32f4xx_it.o
 .debug_info    0x00001b88      0x512 ./Core/Src/system_stm32f4xx.o
 .debug_info    0x0000209a       0x30 ./Core/Startup/startup_stm32f407vgtx.o
 .debug_info    0x000020ca      0x944 ./Drivers/STM32F4xx_HAL_Driver/Src/stm32f4xx_hal.o
 .debug_info    0x00002a0e      0xd8c ./Drivers/STM32F4xx_HAL_Driver/Src/stm32f4xx_hal_cortex.o
 .debug_info    0x0000379a      0x6c3 ./Drivers/STM32F4xx_HAL_Driver/Src/stm32f4xx_hal_gpio.o
 .debug_info    0x00003e5d     0x114c ./Drivers/STM32F4xx_HAL_Driver/Src/stm32f4xx_hal_hcd.o
 .debug_info    0x00004fa9      0x8af ./Drivers/STM32F4xx_HAL_Driver/Src/stm32f4xx_hal_rcc.o
 .debug_info    0x00005858     0x2f4f ./Drivers/STM32F4xx_HAL_Driver/Src/stm32f4xx_hal_uart.o
 .debug_info    0x000087a7     0x1993 ./Drivers/STM32F4xx_HAL_Driver/Src/stm32f4xx_ll_usb.o
 .debug_info    0x0000a13a      0xf93 ./Drivers/USBH_midi_class/Src/usbh_MIDI.o
 .debug_info    0x0000b0cd      0xfb2 ./Middlewares/ST/STM32_USB_Host_Library/Core/Src/usbh_core.o
 .debug_info    0x0000c07f      0xfa6 ./Middlewares/ST/STM32_USB_Host_Library/Core/Src/usbh_ctlreq.o
 .debug_info    0x0000d025      0xc2b ./Middlewares/ST/STM32_USB_Host_Library/Core/Src/usbh_ioreq.o
 .debug_info    0x0000dc50      0xa8e ./Middlewares/ST/STM32_USB_Host_Library/Core/Src/usbh_pipes.o
 .debug_info    0x0000e6de     0x107e ./USB_HOST/App/usb_host.o
 .debug_info    0x0000f75c     0x1d0f ./USB_HOST/Target/usbh_conf.o
 .debug_info    0x0001146b      0x201 ./USB_HOST/Target/usbh_platform.o

.debug_abbrev   0x00000000     0x2ec7
 .debug_abbrev  0x00000000      0x239 ./Core/Src/main.o
 .debug_abbrev  0x00000239      0x1c2 ./Core/Src/stm32f4xx_hal_msp.o
 .debug_abbrev  0x000003fb      0x1a4 ./Core/Src/stm32f4xx_it.o
 .debug_abbrev  0x0000059f      0x11a ./Core/Src/system_stm32f4xx.o
 .debug_abbrev  0x000006b9       0x24 ./Core/Startup/startup_stm32f407vgtx.o
 .debug_abbrev  0x000006dd      0x214 ./Drivers/STM32F4xx_HAL_Driver/Src/stm32f4xx_hal.o
 .debug_abbrev  0x000008f1      0x31d ./Drivers/STM32F4xx_HAL_Driver/Src/stm32f4xx_hal_cortex.o
 .debug_abbrev  0x00000c0e      0x1d4 ./Drivers/STM32F4xx_HAL_Driver/Src/stm32f4xx_hal_gpio.o
 .debug_abbrev  0x00000de2      0x296 ./Drivers/STM32F4xx_HAL_Driver/Src/stm32f4xx_hal_hcd.o
 .debug_abbrev  0x00001078      0x2b7 ./Drivers/STM32F4xx_HAL_Driver/Src/stm32f4xx_hal_rcc.o
 .debug_abbrev  0x0000132f      0x30e ./Drivers/STM32F4xx_HAL_Driver/Src/stm32f4xx_hal_uart.o
 .debug_abbrev  0x0000163d      0x2b3 ./Drivers/STM32F4xx_HAL_Driver/Src/stm32f4xx_ll_usb.o
 .debug_abbrev  0x000018f0      0x33d ./Drivers/USBH_midi_class/Src/usbh_MIDI.o
 .debug_abbrev  0x00001c2d      0x32a ./Middlewares/ST/STM32_USB_Host_Library/Core/Src/usbh_core.o
 .debug_abbrev  0x00001f57      0x2ff ./Middlewares/ST/STM32_USB_Host_Library/Core/Src/usbh_ctlreq.o
 .debug_abbrev  0x00002256      0x245 ./Middlewares/ST/STM32_USB_Host_Library/Core/Src/usbh_ioreq.o
 .debug_abbrev  0x0000249b      0x281 ./Middlewares/ST/STM32_USB_Host_Library/Core/Src/usbh_pipes.o
 .debug_abbrev  0x0000271c      0x2d6 ./USB_HOST/App/usb_host.o
 .debug_abbrev  0x000029f2      0x3c1 ./USB_HOST/Target/usbh_conf.o
 .debug_abbrev  0x00002db3      0x114 ./USB_HOST/Target/usbh_platform.o

.debug_aranges  0x00000000      0xc98
 .debug_aranges
                0x00000000       0x48 ./Core/Src/main.o
 .debug_aranges
                0x00000048       0x30 ./Core/Src/stm32f4xx_hal_msp.o
 .debug_aranges
                0x00000078       0x68 ./Core/Src/stm32f4xx_it.o
 .debug_aranges
                0x000000e0       0x28 ./Core/Src/system_stm32f4xx.o
 .debug_aranges
                0x00000108       0x28 ./Core/Startup/startup_stm32f407vgtx.o
 .debug_aranges
                0x00000130       0xf0 ./Drivers/STM32F4xx_HAL_Driver/Src/stm32f4xx_hal.o
 .debug_aranges
                0x00000220      0x130 ./Drivers/STM32F4xx_HAL_Driver/Src/stm32f4xx_hal_cortex.o
 .debug_aranges
                0x00000350       0x58 ./Drivers/STM32F4xx_HAL_Driver/Src/stm32f4xx_hal_gpio.o
 .debug_aranges
                0x000003a8      0x108 ./Drivers/STM32F4xx_HAL_Driver/Src/stm32f4xx_hal_hcd.o
 .debug_aranges
                0x000004b0       0x88 ./Drivers/STM32F4xx_HAL_Driver/Src/stm32f4xx_hal_rcc.o
 .debug_aranges
                0x00000538      0x208 ./Drivers/STM32F4xx_HAL_Driver/Src/stm32f4xx_hal_uart.o
 .debug_aranges
                0x00000740      0x1a0 ./Drivers/STM32F4xx_HAL_Driver/Src/stm32f4xx_ll_usb.o
 .debug_aranges
                0x000008e0       0x80 ./Drivers/USBH_midi_class/Src/usbh_MIDI.o
 .debug_aranges
                0x00000960       0xc0 ./Middlewares/ST/STM32_USB_Host_Library/Core/Src/usbh_core.o
 .debug_aranges
                0x00000a20       0xa0 ./Middlewares/ST/STM32_USB_Host_Library/Core/Src/usbh_ctlreq.o
 .debug_aranges
                0x00000ac0       0x60 ./Middlewares/ST/STM32_USB_Host_Library/Core/Src/usbh_ioreq.o
 .debug_aranges
                0x00000b20       0x40 ./Middlewares/ST/STM32_USB_Host_Library/Core/Src/usbh_pipes.o
 .debug_aranges
                0x00000b60       0x40 ./USB_HOST/App/usb_host.o
 .debug_aranges
                0x00000ba0       0xd8 ./USB_HOST/Target/usbh_conf.o
 .debug_aranges
                0x00000c78       0x20 ./USB_HOST/Target/usbh_platform.o

.debug_rnglists
                0x00000000      0x97f
 .debug_rnglists
                0x00000000       0x33 ./Core/Src/main.o
 .debug_rnglists
                0x00000033       0x20 ./Core/Src/stm32f4xx_hal_msp.o
 .debug_rnglists
                0x00000053       0x49 ./Core/Src/stm32f4xx_it.o
 .debug_rnglists
                0x0000009c       0x1a ./Core/Src/system_stm32f4xx.o
 .debug_rnglists
                0x000000b6       0x19 ./Core/Startup/startup_stm32f407vgtx.o
 .debug_rnglists
                0x000000cf       0xaf ./Drivers/STM32F4xx_HAL_Driver/Src/stm32f4xx_hal.o
 .debug_rnglists
                0x0000017e       0xe0 ./Drivers/STM32F4xx_HAL_Driver/Src/stm32f4xx_hal_cortex.o
 .debug_rnglists
                0x0000025e       0x3f ./Drivers/STM32F4xx_HAL_Driver/Src/stm32f4xx_hal_gpio.o
 .debug_rnglists
                0x0000029d       0xca ./Drivers/STM32F4xx_HAL_Driver/Src/stm32f4xx_hal_hcd.o
 .debug_rnglists
                0x00000367       0x66 ./Drivers/STM32F4xx_HAL_Driver/Src/stm32f4xx_hal_rcc.o
 .debug_rnglists
                0x000003cd      0x1bc ./Drivers/STM32F4xx_HAL_Driver/Src/stm32f4xx_hal_uart.o
 .debug_rnglists
                0x00000589      0x147 ./Drivers/STM32F4xx_HAL_Driver/Src/stm32f4xx_ll_usb.o
 .debug_rnglists
                0x000006d0       0x5f ./Drivers/USBH_midi_class/Src/usbh_MIDI.o
 .debug_rnglists
                0x0000072f       0x8f ./Middlewares/ST/STM32_USB_Host_Library/Core/Src/usbh_core.o
 .debug_rnglists
                0x000007be       0x77 ./Middlewares/ST/STM32_USB_Host_Library/Core/Src/usbh_ctlreq.o
 .debug_rnglists
                0x00000835       0x43 ./Middlewares/ST/STM32_USB_Host_Library/Core/Src/usbh_ioreq.o
 .debug_rnglists
                0x00000878       0x2b ./Middlewares/ST/STM32_USB_Host_Library/Core/Src/usbh_pipes.o
 .debug_rnglists
                0x000008a3       0x2b ./USB_HOST/App/usb_host.o
 .debug_rnglists
                0x000008ce       0x9e ./USB_HOST/Target/usbh_conf.o
 .debug_rnglists
                0x0000096c       0x13 ./USB_HOST/Target/usbh_platform.o

.debug_macro    0x00000000    0x227c6
 .debug_macro   0x00000000      0x38e ./Core/Src/main.o
 .debug_macro   0x0000038e      0xab4 ./Core/Src/main.o
 .debug_macro   0x00000e42      0x29b ./Core/Src/main.o
 .debug_macro   0x000010dd       0x2e ./Core/Src/main.o
 .debug_macro   0x0000110b       0x2f ./Core/Src/main.o
 .debug_macro   0x0000113a       0x22 ./Core/Src/main.o
 .debug_macro   0x0000115c       0x8e ./Core/Src/main.o
 .debug_macro   0x000011ea       0x51 ./Core/Src/main.o
 .debug_macro   0x0000123b      0x103 ./Core/Src/main.o
 .debug_macro   0x0000133e       0x6a ./Core/Src/main.o
 .debug_macro   0x000013a8      0x1df ./Core/Src/main.o
 .debug_macro   0x00001587       0x1c ./Core/Src/main.o
 .debug_macro   0x000015a3       0x22 ./Core/Src/main.o
 .debug_macro   0x000015c5       0xfb ./Core/Src/main.o
 .debug_macro   0x000016c0     0x1011 ./Core/Src/main.o
 .debug_macro   0x000026d1      0x11f ./Core/Src/main.o
 .debug_macro   0x000027f0    0x15e97 ./Core/Src/main.o
 .debug_macro   0x00018687       0x6d ./Core/Src/main.o
 .debug_macro   0x000186f4     0x369a ./Core/Src/main.o
 .debug_macro   0x0001bd8e      0x189 ./Core/Src/main.o
 .debug_macro   0x0001bf17       0x5c ./Core/Src/main.o
 .debug_macro   0x0001bf73      0x980 ./Core/Src/main.o
 .debug_macro   0x0001c8f3      0x9e9 ./Core/Src/main.o
 .debug_macro   0x0001d2dc      0x115 ./Core/Src/main.o
 .debug_macro   0x0001d3f1      0x13e ./Core/Src/main.o
 .debug_macro   0x0001d52f       0xa5 ./Core/Src/main.o
 .debug_macro   0x0001d5d4      0x174 ./Core/Src/main.o
 .debug_macro   0x0001d748      0x287 ./Core/Src/main.o
 .debug_macro   0x0001d9cf       0x5f ./Core/Src/main.o
 .debug_macro   0x0001da2e      0x236 ./Core/Src/main.o
 .debug_macro   0x0001dc64      0x12c ./Core/Src/main.o
 .debug_macro   0x0001dd90      0x21e ./Core/Src/main.o
 .debug_macro   0x0001dfae       0x2e ./Core/Src/main.o
 .debug_macro   0x0001dfdc      0x127 ./Core/Src/main.o
 .debug_macro   0x0001e103       0x7e ./Core/Src/main.o
 .debug_macro   0x0001e181       0x89 ./Core/Src/main.o
 .debug_macro   0x0001e20a      0x2aa ./Core/Src/main.o
 .debug_macro   0x0001e4b4      0x293 ./Core/Src/main.o
 .debug_macro   0x0001e747       0x98 ./Core/Src/main.o
 .debug_macro   0x0001e7df      0x12d ./Core/Src/main.o
 .debug_macro   0x0001e90c       0x22 ./Core/Src/main.o
 .debug_macro   0x0001e92e       0x61 ./Core/Src/main.o
 .debug_macro   0x0001e98f       0x2a ./Core/Src/main.o
 .debug_macro   0x0001e9b9       0x43 ./Core/Src/main.o
 .debug_macro   0x0001e9fc       0x34 ./Core/Src/main.o
 .debug_macro   0x0001ea30       0x16 ./Core/Src/main.o
 .debug_macro   0x0001ea46       0x35 ./Core/Src/main.o
 .debug_macro   0x0001ea7b      0x369 ./Core/Src/main.o
 .debug_macro   0x0001ede4       0x10 ./Core/Src/main.o
 .debug_macro   0x0001edf4       0x16 ./Core/Src/main.o
 .debug_macro   0x0001ee0a       0x43 ./Core/Src/main.o
 .debug_macro   0x0001ee4d       0x34 ./Core/Src/main.o
 .debug_macro   0x0001ee81       0x10 ./Core/Src/main.o
 .debug_macro   0x0001ee91       0x58 ./Core/Src/main.o
 .debug_macro   0x0001eee9       0x8e ./Core/Src/main.o
 .debug_macro   0x0001ef77       0x1c ./Core/Src/main.o
 .debug_macro   0x0001ef93      0x177 ./Core/Src/main.o
 .debug_macro   0x0001f10a       0x16 ./Core/Src/main.o
 .debug_macro   0x0001f120       0x16 ./Core/Src/main.o
 .debug_macro   0x0001f136      0x146 ./Core/Src/main.o
 .debug_macro   0x0001f27c       0x16 ./Core/Src/main.o
 .debug_macro   0x0001f292       0x16 ./Core/Src/main.o
 .debug_macro   0x0001f2a8       0x29 ./Core/Src/main.o
 .debug_macro   0x0001f2d1       0x16 ./Core/Src/main.o
 .debug_macro   0x0001f2e7       0x20 ./Core/Src/main.o
 .debug_macro   0x0001f307       0x73 ./Core/Src/main.o
 .debug_macro   0x0001f37a      0x233 ./Core/Src/main.o
 .debug_macro   0x0001f5ad       0x2e ./Core/Src/main.o
 .debug_macro   0x0001f5db       0x2e ./Core/Src/main.o
 .debug_macro   0x0001f609       0x28 ./Core/Src/main.o
 .debug_macro   0x0001f631       0x40 ./Core/Src/main.o
 .debug_macro   0x0001f671      0x1dd ./Core/Src/stm32f4xx_hal_msp.o
 .debug_macro   0x0001f84e      0x1e7 ./Core/Src/stm32f4xx_it.o
 .debug_macro   0x0001fa35      0x1d9 ./Core/Src/system_stm32f4xx.o
 .debug_macro   0x0001fc0e      0x233 ./Drivers/STM32F4xx_HAL_Driver/Src/stm32f4xx_hal.o
 .debug_macro   0x0001fe41      0x1d3 ./Drivers/STM32F4xx_HAL_Driver/Src/stm32f4xx_hal_cortex.o
 .debug_macro   0x00020014      0x1d9 ./Drivers/STM32F4xx_HAL_Driver/Src/stm32f4xx_hal_gpio.o
 .debug_macro   0x000201ed      0x1d3 ./Drivers/STM32F4xx_HAL_Driver/Src/stm32f4xx_hal_hcd.o
 .debug_macro   0x000203c0      0x1f7 ./Drivers/STM32F4xx_HAL_Driver/Src/stm32f4xx_hal_rcc.o
 .debug_macro   0x000205b7      0x1d4 ./Drivers/STM32F4xx_HAL_Driver/Src/stm32f4xx_hal_uart.o
 .debug_macro   0x0002078b      0x1d3 ./Drivers/STM32F4xx_HAL_Driver/Src/stm32f4xx_ll_usb.o
 .debug_macro   0x0002095e      0x36f ./Drivers/USBH_midi_class/Src/usbh_MIDI.o
 .debug_macro   0x00020ccd       0x9e ./Drivers/USBH_midi_class/Src/usbh_MIDI.o
 .debug_macro   0x00020d6b      0x10b ./Drivers/USBH_midi_class/Src/usbh_MIDI.o
 .debug_macro   0x00020e76       0x56 ./Drivers/USBH_midi_class/Src/usbh_MIDI.o
 .debug_macro   0x00020ecc      0x372 ./Middlewares/ST/STM32_USB_Host_Library/Core/Src/usbh_core.o
 .debug_macro   0x0002123e      0x36a ./Middlewares/ST/STM32_USB_Host_Library/Core/Src/usbh_ctlreq.o
 .debug_macro   0x000215a8       0x28 ./Middlewares/ST/STM32_USB_Host_Library/Core/Src/usbh_ctlreq.o
 .debug_macro   0x000215d0      0x364 ./Middlewares/ST/STM32_USB_Host_Library/Core/Src/usbh_ioreq.o
 .debug_macro   0x00021934      0x364 ./Middlewares/ST/STM32_USB_Host_Library/Core/Src/usbh_pipes.o
 .debug_macro   0x00021c98      0x3c4 ./USB_HOST/App/usb_host.o
 .debug_macro   0x0002205c      0x38c ./USB_HOST/Target/usbh_conf.o
 .debug_macro   0x000223e8       0x46 ./USB_HOST/Target/usbh_conf.o
 .debug_macro   0x0002242e      0x398 ./USB_HOST/Target/usbh_platform.o

.debug_line     0x00000000    0x1186d
 .debug_line    0x00000000      0xb2c ./Core/Src/main.o
 .debug_line    0x00000b2c      0x7cb ./Core/Src/stm32f4xx_hal_msp.o
 .debug_line    0x000012f7      0x81f ./Core/Src/stm32f4xx_it.o
 .debug_line    0x00001b16      0x7d5 ./Core/Src/system_stm32f4xx.o
 .debug_line    0x000022eb       0x77 ./Core/Startup/startup_stm32f407vgtx.o
 .debug_line    0x00002362      0xa38 ./Drivers/STM32F4xx_HAL_Driver/Src/stm32f4xx_hal.o
 .debug_line    0x00002d9a      0xd2a ./Drivers/STM32F4xx_HAL_Driver/Src/stm32f4xx_hal_cortex.o
 .debug_line    0x00003ac4      0xbc4 ./Drivers/STM32F4xx_HAL_Driver/Src/stm32f4xx_hal_gpio.o
 .debug_line    0x00004688     0x14f9 ./Drivers/STM32F4xx_HAL_Driver/Src/stm32f4xx_hal_hcd.o
 .debug_line    0x00005b81      0xdc3 ./Drivers/STM32F4xx_HAL_Driver/Src/stm32f4xx_hal_rcc.o
 .debug_line    0x00006944     0x290a ./Drivers/STM32F4xx_HAL_Driver/Src/stm32f4xx_hal_uart.o
 .debug_line    0x0000924e     0x1e13 ./Drivers/STM32F4xx_HAL_Driver/Src/stm32f4xx_ll_usb.o
 .debug_line    0x0000b061      0xd7c ./Drivers/USBH_midi_class/Src/usbh_MIDI.o
 .debug_line    0x0000bddd     0x116a ./Middlewares/ST/STM32_USB_Host_Library/Core/Src/usbh_core.o
 .debug_line    0x0000cf47     0x1106 ./Middlewares/ST/STM32_USB_Host_Library/Core/Src/usbh_ctlreq.o
 .debug_line    0x0000e04d      0xaab ./Middlewares/ST/STM32_USB_Host_Library/Core/Src/usbh_ioreq.o
 .debug_line    0x0000eaf8      0xa58 ./Middlewares/ST/STM32_USB_Host_Library/Core/Src/usbh_pipes.o
 .debug_line    0x0000f550      0xb4d ./USB_HOST/App/usb_host.o
 .debug_line    0x0001009d      0xd94 ./USB_HOST/Target/usbh_conf.o
 .debug_line    0x00010e31      0xa3c ./USB_HOST/Target/usbh_platform.o

.debug_str      0x00000000    0xc8155
 .debug_str     0x00000000    0xc2de0 ./Core/Src/main.o
                              0xc30ed (size before relaxing)
 .debug_str     0x000c2de0       0x83 ./Core/Src/stm32f4xx_hal_msp.o
                              0xbe3fb (size before relaxing)
 .debug_str     0x000c2e63      0x4b9 ./Core/Src/stm32f4xx_it.o
                              0xbe313 (size before relaxing)
 .debug_str     0x000c331c       0xf0 ./Core/Src/system_stm32f4xx.o
                              0xbdf84 (size before relaxing)
 .debug_str     0x000c340c       0x44 ./Core/Startup/startup_stm32f407vgtx.o
                                 0x8f (size before relaxing)
 .debug_str     0x000c3450      0xaea ./Drivers/STM32F4xx_HAL_Driver/Src/stm32f4xx_hal.o
                              0xbeaf3 (size before relaxing)
 .debug_str     0x000c3f3a      0x392 ./Drivers/STM32F4xx_HAL_Driver/Src/stm32f4xx_hal_cortex.o
                              0xbe86f (size before relaxing)
 .debug_str     0x000c42cc      0x121 ./Drivers/STM32F4xx_HAL_Driver/Src/stm32f4xx_hal_gpio.o
                              0xbe0ea (size before relaxing)
 .debug_str     0x000c43ed      0x5e7 ./Drivers/STM32F4xx_HAL_Driver/Src/stm32f4xx_hal_hcd.o
                              0xbe857 (size before relaxing)
 .debug_str     0x000c49d4      0x233 ./Drivers/STM32F4xx_HAL_Driver/Src/stm32f4xx_hal_rcc.o
                              0xbe3a3 (size before relaxing)
 .debug_str     0x000c4c07      0x65e ./Drivers/STM32F4xx_HAL_Driver/Src/stm32f4xx_hal_uart.o
                              0xbe984 (size before relaxing)
 .debug_str     0x000c5265      0x513 ./Drivers/STM32F4xx_HAL_Driver/Src/stm32f4xx_ll_usb.o
                              0xbe928 (size before relaxing)
 .debug_str     0x000c5778      0xb5e ./Drivers/USBH_midi_class/Src/usbh_MIDI.o
                              0xc348c (size before relaxing)
 .debug_str     0x000c62d6      0x31b ./Middlewares/ST/STM32_USB_Host_Library/Core/Src/usbh_core.o
                              0xc32d4 (size before relaxing)
 .debug_str     0x000c65f1      0x1e7 ./Middlewares/ST/STM32_USB_Host_Library/Core/Src/usbh_ctlreq.o
                              0xc326a (size before relaxing)
 .debug_str     0x000c67d8       0xb2 ./Middlewares/ST/STM32_USB_Host_Library/Core/Src/usbh_ioreq.o
                              0xc306f (size before relaxing)
 .debug_str     0x000c688a       0x80 ./Middlewares/ST/STM32_USB_Host_Library/Core/Src/usbh_pipes.o
                              0xc3005 (size before relaxing)
 .debug_str     0x000c690a     0x1780 ./USB_HOST/App/usb_host.o
                              0xc4d7e (size before relaxing)
 .debug_str     0x000c808a       0xa8 ./USB_HOST/Target/usbh_conf.o
                              0xc40ee (size before relaxing)
 .debug_str     0x000c8132       0x23 ./USB_HOST/Target/usbh_platform.o
                              0xc2980 (size before relaxing)

.comment        0x00000000       0x43
 .comment       0x00000000       0x43 ./Core/Src/main.o
                                 0x44 (size before relaxing)
 .comment       0x00000043       0x44 ./Core/Src/stm32f4xx_hal_msp.o
 .comment       0x00000043       0x44 ./Core/Src/stm32f4xx_it.o
 .comment       0x00000043       0x44 ./Core/Src/system_stm32f4xx.o
 .comment       0x00000043       0x44 ./Drivers/STM32F4xx_HAL_Driver/Src/stm32f4xx_hal.o
 .comment       0x00000043       0x44 ./Drivers/STM32F4xx_HAL_Driver/Src/stm32f4xx_hal_cortex.o
 .comment       0x00000043       0x44 ./Drivers/STM32F4xx_HAL_Driver/Src/stm32f4xx_hal_gpio.o
 .comment       0x00000043       0x44 ./Drivers/STM32F4xx_HAL_Driver/Src/stm32f4xx_hal_hcd.o
 .comment       0x00000043       0x44 ./Drivers/STM32F4xx_HAL_Driver/Src/stm32f4xx_hal_rcc.o
 .comment       0x00000043       0x44 ./Drivers/STM32F4xx_HAL_Driver/Src/stm32f4xx_hal_uart.o
 .comment       0x00000043       0x44 ./Drivers/STM32F4xx_HAL_Driver/Src/stm32f4xx_ll_usb.o
 .comment       0x00000043       0x44 ./Drivers/USBH_midi_class/Src/usbh_MIDI.o
 .comment       0x00000043       0x44 ./Middlewares/ST/STM32_USB_Host_Library/Core/Src/usbh_core.o
 .comment       0x00000043       0x44 ./Middlewares/ST/STM32_USB_Host_Library/Core/Src/usbh_ctlreq.o
 .comment       0x00000043       0x44 ./Middlewares/ST/STM32_USB_Host_Library/Core/Src/usbh_ioreq.o
 .comment       0x00000043       0x44 ./Middlewares/ST/STM32_USB_Host_Library/Core/Src/usbh_pipes.o
 .comment       0x00000043       0x44 ./USB_HOST/App/usb_host.o
 .comment       0x00000043       0x44 ./USB_HOST/Target/usbh_conf.o
 .comment       0x00000043       0x44 ./USB_HOST/Target/usbh_platform.o

.debug_frame    0x00000000     0x388c
 .debug_frame   0x00000000       0xcc ./Core/Src/main.o
 .debug_frame   0x000000cc       0x7c ./Core/Src/stm32f4xx_hal_msp.o
 .debug_frame   0x00000148      0x128 ./Core/Src/stm32f4xx_it.o
 .debug_frame   0x00000270       0x58 ./Core/Src/system_stm32f4xx.o
 .debug_frame   0x000002c8      0x374 ./Drivers/STM32F4xx_HAL_Driver/Src/stm32f4xx_hal.o
 .debug_frame   0x0000063c      0x508 ./Drivers/STM32F4xx_HAL_Driver/Src/stm32f4xx_hal_cortex.o
 .debug_frame   0x00000b44      0x14c ./Drivers/STM32F4xx_HAL_Driver/Src/stm32f4xx_hal_gpio.o
 .debug_frame   0x00000c90      0x498 ./Drivers/STM32F4xx_HAL_Driver/Src/stm32f4xx_hal_hcd.o
 .debug_frame   0x00001128      0x1f4 ./Drivers/STM32F4xx_HAL_Driver/Src/stm32f4xx_hal_rcc.o
 .debug_frame   0x0000131c      0x954 ./Drivers/STM32F4xx_HAL_Driver/Src/stm32f4xx_hal_uart.o
 .debug_frame   0x00001c70      0x7c0 ./Drivers/STM32F4xx_HAL_Driver/Src/stm32f4xx_ll_usb.o
 .debug_frame   0x00002430      0x200 ./Drivers/USBH_midi_class/Src/usbh_MIDI.o
 .debug_frame   0x00002630      0x334 ./Middlewares/ST/STM32_USB_Host_Library/Core/Src/usbh_core.o
 .debug_frame   0x00002964      0x28c ./Middlewares/ST/STM32_USB_Host_Library/Core/Src/usbh_ctlreq.o