../Core/Src/main.c:82:6:HAL_UART_RxCpltCallback	32	static
../Core/Src/main.c:97:5:main	8	static
../Core/Src/main.c:162:6:SystemClock_Config	128	static
../Core/Src/main.c:214:13:MX_I2C1_Init	8	static
../Core/Src/main.c:262:13:MX_SPI1_Init	8	static
../Core/Src/main.c:302:13:MX_USART1_UART_Init	8	static
../Core/Src/main.c:337:13:MX_USART3_UART_Init	8	static
../Core/Src/main.c:370:13:MX_DMA_Init	16	static
../Core/Src/main.c:388:13:MX_GPIO_Init	48	static
../Core/Src/main.c:443:6:Error_Handler	4	static,ignoring_inline_asm
