23:47:35 **** Incremental Build of configuration Debug for project NswMidi_in ****
make -j8 all 
arm-none-eabi-gcc "../Core/Src/main.c" -mcpu=cortex-m4 -std=gnu11 -g3 -DDEBUG -DUSE_HAL_DRIVER -DSTM32F407xx -c -I../Core/Inc -I../Drivers/STM32F4xx_HAL_Driver/Inc -I../Drivers/STM32F4xx_HAL_Driver/Inc/Legacy -I../Drivers/CMSIS/Device/ST/STM32F4xx/Include -I../Drivers/CMSIS/Include -I../USB_DEVICE/App -I../USB_DEVICE/Target -I../Middlewares/ST/STM32_USB_Device_Library/Core/Inc -I../Middlewares/ST/STM32_USB_Device_Library/Class/CDC/Inc -O0 -ffunction-sections -fdata-sections -Wall -fstack-usage -fcyclomatic-complexity -MMD -MP -MF"Core/Src/main.d" -MT"Core/Src/main.o" --specs=nano.specs -mfpu=fpv4-sp-d16 -mfloat-abi=hard -mthumb -o "Core/Src/main.o"
arm-none-eabi-gcc -o "NswMidi_in.elf" @"objects.list"   -mcpu=cortex-m4 -T"C:\Users\pasqu\Documents\Progetto STM\NswMidi_in\STM32F407VGTX_FLASH.ld" --specs=nosys.specs -Wl,-Map="NswMidi_in.map" -Wl,--gc-sections -static --specs=nano.specs -mfpu=fpv4-sp-d16 -mfloat-abi=hard -mthumb -Wl,--start-group -lc -lm -Wl,--end-group
Finished building target: NswMidi_in.elf
 
arm-none-eabi-size  NswMidi_in.elf 
arm-none-eabi-objdump -h -S NswMidi_in.elf  > "NswMidi_in.list"
   text	   data	    bss	    dec	    hex	filename
  33056	    252	   9020	  42328	   a558	NswMidi_in.elf
Finished building: default.size.stdout
 
Finished building: NswMidi_in.list
 

23:47:39 Build Finished. 0 errors, 0 warnings. (took 3s.995ms)

