12:44:32 **** Incremental Build of configuration Debug for project TUT_UAB_HOST_HID ****
make -j8 all 
arm-none-eabi-gcc "../USB_HOST/App/usb_host.c" -mcpu=cortex-m4 -std=gnu11 -g3 -DUSE_HAL_DRIVER -DDEBUG -DSTM32F407xx -c -I../USB_HOST/App -I../Drivers/CMSIS/Include -I../Middlewares/ST/STM32_USB_Host_Library/Class/HID/Inc -I../Drivers/STM32F4xx_HAL_Driver/Inc -I../Core/Inc -I../Drivers/CMSIS/Device/ST/STM32F4xx/Include -I../USB_HOST/Target -I../Drivers/STM32F4xx_HAL_Driver/Inc/Legacy -I../Middlewares/ST/STM32_USB_Host_Library/Core/Inc -I"C:/Users/pasqu/Downloads/TUT_UAB_HOST_HID/Drivers/USBH_midi_class/Inc" -O0 -ffunction-sections -fdata-sections -Wall -fstack-usage -fcyclomatic-complexity -MMD -MP -MF"USB_HOST/App/usb_host.d" -MT"USB_HOST/App/usb_host.o" --specs=nano.specs -mfpu=fpv4-sp-d16 -mfloat-abi=hard -mthumb -o "USB_HOST/App/usb_host.o"
arm-none-eabi-gcc -o "TUT_UAB_HOST_HID.elf" @"objects.list"   -mcpu=cortex-m4 -T"C:\Users\pasqu\Downloads\TUT_UAB_HOST_HID\STM32F407VGTX_FLASH.ld" --specs=nosys.specs -Wl,-Map="TUT_UAB_HOST_HID.map" -Wl,--gc-sections -static --specs=nano.specs -mfpu=fpv4-sp-d16 -mfloat-abi=hard -mthumb -Wl,--start-group -lc -lm -Wl,--end-group
C:/ST/STM32CubeIDE_1.16.1/STM32CubeIDE/plugins/com.st.stm32cube.ide.mcu.externaltools.gnu-tools-for-stm32.12.3.rel1.win32_1.0.200.202406191623/tools/bin/../lib/gcc/arm-none-eabi/12.3.1/../../../../arm-none-eabi/bin/ld.exe: warning: TUT_UAB_HOST_HID.elf has a LOAD segment with RWX permissions
Finished building target: TUT_UAB_HOST_HID.elf
 
arm-none-eabi-size  TUT_UAB_HOST_HID.elf 
arm-none-eabi-objdump -h -S TUT_UAB_HOST_HID.elf  > "TUT_UAB_HOST_HID.list"
   text	   data	    bss	    dec	    hex	filename
  31372	    132	   3748	  35252	   89b4	TUT_UAB_HOST_HID.elf
Finished building: default.size.stdout
 
Finished building: TUT_UAB_HOST_HID.list
 

12:44:34 Build Finished. 0 errors, 1 warnings. (took 2s.312ms)

